<?xml version="1.0"?>
<link_info>
   <banner>TI ARM Linker PC v15.12.3.LTS</banner>
   <copyright>Copyright (c) 1996-2015 Texas Instruments Incorporated</copyright>
   <link_time>0x59356af0</link_time>
   <link_errors>0x0</link_errors>
   <output_file>HeliProject.out</output_file>
   <entry_point>
      <name>_c_int00</name>
      <address>0x4bc5</address>
   </entry_point>
   <input_file_list>
      <input_file id="fl-2">
         <path>.\</path>
         <kind>object</kind>
         <file>Inits.obj</file>
         <name>Inits.obj</name>
      </input_file>
      <input_file id="fl-3">
         <path>.\</path>
         <kind>object</kind>
         <file>OrbitOLEDInterface.obj</file>
         <name>OrbitOLEDInterface.obj</name>
      </input_file>
      <input_file id="fl-4">
         <path>.\</path>
         <kind>object</kind>
         <file>PWM_rotors.obj</file>
         <name>PWM_rotors.obj</name>
      </input_file>
      <input_file id="fl-5">
         <path>.\</path>
         <kind>object</kind>
         <file>alt_ADC.obj</file>
         <name>alt_ADC.obj</name>
      </input_file>
      <input_file id="fl-6">
         <path>.\</path>
         <kind>object</kind>
         <file>buttons.obj</file>
         <name>buttons.obj</name>
      </input_file>
      <input_file id="fl-7">
         <path>.\</path>
         <kind>object</kind>
         <file>circBufT.obj</file>
         <name>circBufT.obj</name>
      </input_file>
      <input_file id="fl-8">
         <path>.\</path>
         <kind>object</kind>
         <file>control_system.obj</file>
         <name>control_system.obj</name>
      </input_file>
      <input_file id="fl-9">
         <path>.\</path>
         <kind>object</kind>
         <file>draw_display.obj</file>
         <name>draw_display.obj</name>
      </input_file>
      <input_file id="fl-a">
         <path>.\</path>
         <kind>object</kind>
         <file>helicopter_project.obj</file>
         <name>helicopter_project.obj</name>
      </input_file>
      <input_file id="fl-b">
         <path>.\</path>
         <kind>object</kind>
         <file>tm4c123gh6pm_startup_ccs.obj</file>
         <name>tm4c123gh6pm_startup_ccs.obj</name>
      </input_file>
      <input_file id="fl-c">
         <path>.\</path>
         <kind>object</kind>
         <file>uartstdio.obj</file>
         <name>uartstdio.obj</name>
      </input_file>
      <input_file id="fl-d">
         <path>.\</path>
         <kind>object</kind>
         <file>yaw_functions.obj</file>
         <name>yaw_functions.obj</name>
      </input_file>
      <input_file id="fl-e">
         <path>.\lib_OrbitOled\</path>
         <kind>object</kind>
         <file>ChrFont0.obj</file>
         <name>ChrFont0.obj</name>
      </input_file>
      <input_file id="fl-f">
         <path>.\lib_OrbitOled\</path>
         <kind>object</kind>
         <file>FillPat.obj</file>
         <name>FillPat.obj</name>
      </input_file>
      <input_file id="fl-10">
         <path>.\lib_OrbitOled\</path>
         <kind>object</kind>
         <file>OrbitOled.obj</file>
         <name>OrbitOled.obj</name>
      </input_file>
      <input_file id="fl-11">
         <path>.\lib_OrbitOled\</path>
         <kind>object</kind>
         <file>OrbitOledChar.obj</file>
         <name>OrbitOledChar.obj</name>
      </input_file>
      <input_file id="fl-12">
         <path>.\lib_OrbitOled\</path>
         <kind>object</kind>
         <file>OrbitOledGrph.obj</file>
         <name>OrbitOledGrph.obj</name>
      </input_file>
      <input_file id="fl-13">
         <path>.\lib_OrbitOled\</path>
         <kind>object</kind>
         <file>delay.obj</file>
         <name>delay.obj</name>
      </input_file>
      <input_file id="fl-ce">
         <path>C:\ti\ccsv6\tools\compiler\arm_15.12.3.LTS\lib\</path>
         <kind>archive</kind>
         <file>rtsv7M4_T_le_v4SPD16_eabi.lib</file>
         <name>boot.obj</name>
      </input_file>
      <input_file id="fl-cf">
         <path>C:\ti\ccsv6\tools\compiler\arm_15.12.3.LTS\lib\</path>
         <kind>archive</kind>
         <file>rtsv7M4_T_le_v4SPD16_eabi.lib</file>
         <name>copy_decompress_none.obj</name>
      </input_file>
      <input_file id="fl-d0">
         <path>C:\ti\ccsv6\tools\compiler\arm_15.12.3.LTS\lib\</path>
         <kind>archive</kind>
         <file>rtsv7M4_T_le_v4SPD16_eabi.lib</file>
         <name>copy_decompress_rle.obj</name>
      </input_file>
      <input_file id="fl-d1">
         <path>C:\ti\ccsv6\tools\compiler\arm_15.12.3.LTS\lib\</path>
         <kind>archive</kind>
         <file>rtsv7M4_T_le_v4SPD16_eabi.lib</file>
         <name>copy_zero_init.obj</name>
      </input_file>
      <input_file id="fl-d2">
         <path>C:\ti\ccsv6\tools\compiler\arm_15.12.3.LTS\lib\</path>
         <kind>archive</kind>
         <file>rtsv7M4_T_le_v4SPD16_eabi.lib</file>
         <name>exit.obj</name>
      </input_file>
      <input_file id="fl-d3">
         <path>C:\ti\ccsv6\tools\compiler\arm_15.12.3.LTS\lib\</path>
         <kind>archive</kind>
         <file>rtsv7M4_T_le_v4SPD16_eabi.lib</file>
         <name>fd_add_t2.obj</name>
      </input_file>
      <input_file id="fl-d4">
         <path>C:\ti\ccsv6\tools\compiler\arm_15.12.3.LTS\lib\</path>
         <kind>archive</kind>
         <file>rtsv7M4_T_le_v4SPD16_eabi.lib</file>
         <name>fd_div_t2.obj</name>
      </input_file>
      <input_file id="fl-d5">
         <path>C:\ti\ccsv6\tools\compiler\arm_15.12.3.LTS\lib\</path>
         <kind>archive</kind>
         <file>rtsv7M4_T_le_v4SPD16_eabi.lib</file>
         <name>fd_mul_t2.obj</name>
      </input_file>
      <input_file id="fl-d6">
         <path>C:\ti\ccsv6\tools\compiler\arm_15.12.3.LTS\lib\</path>
         <kind>archive</kind>
         <file>rtsv7M4_T_le_v4SPD16_eabi.lib</file>
         <name>fd_tos_t2.obj</name>
      </input_file>
      <input_file id="fl-d7">
         <path>C:\ti\ccsv6\tools\compiler\arm_15.12.3.LTS\lib\</path>
         <kind>archive</kind>
         <file>rtsv7M4_T_le_v4SPD16_eabi.lib</file>
         <name>fd_tou_t2.obj</name>
      </input_file>
      <input_file id="fl-d8">
         <path>C:\ti\ccsv6\tools\compiler\arm_15.12.3.LTS\lib\</path>
         <kind>archive</kind>
         <file>rtsv7M4_T_le_v4SPD16_eabi.lib</file>
         <name>fs_tod_t2.obj</name>
      </input_file>
      <input_file id="fl-d9">
         <path>C:\ti\ccsv6\tools\compiler\arm_15.12.3.LTS\lib\</path>
         <kind>archive</kind>
         <file>rtsv7M4_T_le_v4SPD16_eabi.lib</file>
         <name>i_tofd_t2.obj</name>
      </input_file>
      <input_file id="fl-da">
         <path>C:\ti\ccsv6\tools\compiler\arm_15.12.3.LTS\lib\</path>
         <kind>archive</kind>
         <file>rtsv7M4_T_le_v4SPD16_eabi.lib</file>
         <name>memcpy_t2.obj</name>
      </input_file>
      <input_file id="fl-db">
         <path>C:\ti\ccsv6\tools\compiler\arm_15.12.3.LTS\lib\</path>
         <kind>archive</kind>
         <file>rtsv7M4_T_le_v4SPD16_eabi.lib</file>
         <name>memory.obj</name>
      </input_file>
      <input_file id="fl-dc">
         <path>C:\ti\ccsv6\tools\compiler\arm_15.12.3.LTS\lib\</path>
         <kind>archive</kind>
         <file>rtsv7M4_T_le_v4SPD16_eabi.lib</file>
         <name>memset_t2.obj</name>
      </input_file>
      <input_file id="fl-dd">
         <path>C:\ti\ccsv6\tools\compiler\arm_15.12.3.LTS\lib\</path>
         <kind>archive</kind>
         <file>rtsv7M4_T_le_v4SPD16_eabi.lib</file>
         <name>mpu_init.obj</name>
      </input_file>
      <input_file id="fl-de">
         <path>C:\ti\ccsv6\tools\compiler\arm_15.12.3.LTS\lib\</path>
         <kind>archive</kind>
         <file>rtsv7M4_T_le_v4SPD16_eabi.lib</file>
         <name>pre_init.obj</name>
      </input_file>
      <input_file id="fl-df">
         <path>C:\ti\ccsv6\tools\compiler\arm_15.12.3.LTS\lib\</path>
         <kind>archive</kind>
         <file>rtsv7M4_T_le_v4SPD16_eabi.lib</file>
         <name>sprintf.obj</name>
      </input_file>
      <input_file id="fl-e0">
         <path>C:\ti\ccsv6\tools\compiler\arm_15.12.3.LTS\lib\</path>
         <kind>archive</kind>
         <file>rtsv7M4_T_le_v4SPD16_eabi.lib</file>
         <name>stkdepth_vars.obj</name>
      </input_file>
      <input_file id="fl-e1">
         <path>C:\ti\ccsv6\tools\compiler\arm_15.12.3.LTS\lib\</path>
         <kind>archive</kind>
         <file>rtsv7M4_T_le_v4SPD16_eabi.lib</file>
         <name>u_divt2.obj</name>
      </input_file>
      <input_file id="fl-e2">
         <path>C:\ti\ccsv6\tools\compiler\arm_15.12.3.LTS\lib\</path>
         <kind>archive</kind>
         <file>rtsv7M4_T_le_v4SPD16_eabi.lib</file>
         <name>_lock.obj</name>
      </input_file>
      <input_file id="fl-e3">
         <path>C:\ti\ccsv6\tools\compiler\arm_15.12.3.LTS\lib\</path>
         <kind>archive</kind>
         <file>rtsv7M4_T_le_v4SPD16_eabi.lib</file>
         <name>_printfi.obj</name>
      </input_file>
      <input_file id="fl-e4">
         <path>C:\ti\ccsv6\tools\compiler\arm_15.12.3.LTS\lib\</path>
         <kind>archive</kind>
         <file>rtsv7M4_T_le_v4SPD16_eabi.lib</file>
         <name>args_main.obj</name>
      </input_file>
      <input_file id="fl-e5">
         <path>C:\ti\ccsv6\tools\compiler\arm_15.12.3.LTS\lib\</path>
         <kind>archive</kind>
         <file>rtsv7M4_T_le_v4SPD16_eabi.lib</file>
         <name>atoi.obj</name>
      </input_file>
      <input_file id="fl-e6">
         <path>C:\ti\ccsv6\tools\compiler\arm_15.12.3.LTS\lib\</path>
         <kind>archive</kind>
         <file>rtsv7M4_T_le_v4SPD16_eabi.lib</file>
         <name>autoinit.obj</name>
      </input_file>
      <input_file id="fl-e7">
         <path>C:\ti\ccsv6\tools\compiler\arm_15.12.3.LTS\lib\</path>
         <kind>archive</kind>
         <file>rtsv7M4_T_le_v4SPD16_eabi.lib</file>
         <name>cpy_tbl.obj</name>
      </input_file>
      <input_file id="fl-e8">
         <path>C:\ti\ccsv6\tools\compiler\arm_15.12.3.LTS\lib\</path>
         <kind>archive</kind>
         <file>rtsv7M4_T_le_v4SPD16_eabi.lib</file>
         <name>ctype.obj</name>
      </input_file>
      <input_file id="fl-e9">
         <path>C:\ti\ccsv6\tools\compiler\arm_15.12.3.LTS\lib\</path>
         <kind>archive</kind>
         <file>rtsv7M4_T_le_v4SPD16_eabi.lib</file>
         <name>fd_cmp_t2.obj</name>
      </input_file>
      <input_file id="fl-ea">
         <path>C:\ti\ccsv6\tools\compiler\arm_15.12.3.LTS\lib\</path>
         <kind>archive</kind>
         <file>rtsv7M4_T_le_v4SPD16_eabi.lib</file>
         <name>fd_toi_t2.obj</name>
      </input_file>
      <input_file id="fl-eb">
         <path>C:\ti\ccsv6\tools\compiler\arm_15.12.3.LTS\lib\</path>
         <kind>archive</kind>
         <file>rtsv7M4_T_le_v4SPD16_eabi.lib</file>
         <name>i_div0.obj</name>
      </input_file>
      <input_file id="fl-ec">
         <path>C:\ti\ccsv6\tools\compiler\arm_15.12.3.LTS\lib\</path>
         <kind>archive</kind>
         <file>rtsv7M4_T_le_v4SPD16_eabi.lib</file>
         <name>ltoa.obj</name>
      </input_file>
      <input_file id="fl-ed">
         <path>C:\ti\ccsv6\tools\compiler\arm_15.12.3.LTS\lib\</path>
         <kind>archive</kind>
         <file>rtsv7M4_T_le_v4SPD16_eabi.lib</file>
         <name>memccpy.obj</name>
      </input_file>
      <input_file id="fl-ee">
         <path>C:\ti\ccsv6\tools\compiler\arm_15.12.3.LTS\lib\</path>
         <kind>archive</kind>
         <file>rtsv7M4_T_le_v4SPD16_eabi.lib</file>
         <name>s_frexp.obj</name>
      </input_file>
      <input_file id="fl-ef">
         <path>C:\ti\ccsv6\tools\compiler\arm_15.12.3.LTS\lib\</path>
         <kind>archive</kind>
         <file>rtsv7M4_T_le_v4SPD16_eabi.lib</file>
         <name>s_scalbn.obj</name>
      </input_file>
      <input_file id="fl-f0">
         <path>C:\ti\ccsv6\tools\compiler\arm_15.12.3.LTS\lib\</path>
         <kind>archive</kind>
         <file>rtsv7M4_T_le_v4SPD16_eabi.lib</file>
         <name>startup.obj</name>
      </input_file>
      <input_file id="fl-f1">
         <path>C:\ti\ccsv6\tools\compiler\arm_15.12.3.LTS\lib\</path>
         <kind>archive</kind>
         <file>rtsv7M4_T_le_v4SPD16_eabi.lib</file>
         <name>strchr.obj</name>
      </input_file>
      <input_file id="fl-f2">
         <path>C:\ti\ccsv6\tools\compiler\arm_15.12.3.LTS\lib\</path>
         <kind>archive</kind>
         <file>rtsv7M4_T_le_v4SPD16_eabi.lib</file>
         <name>strlen.obj</name>
      </input_file>
      <input_file id="fl-f3">
         <path>C:\ti\ccsv6\tools\compiler\arm_15.12.3.LTS\lib\</path>
         <kind>archive</kind>
         <file>rtsv7M4_T_le_v4SPD16_eabi.lib</file>
         <name>ull_div_t2.obj</name>
      </input_file>
      <input_file id="fl-f4">
         <path>C:\ti\ccsv6\tools\compiler\arm_15.12.3.LTS\lib\</path>
         <kind>archive</kind>
         <file>rtsv7M4_T_le_v4SPD16_eabi.lib</file>
         <name>errno.obj</name>
      </input_file>
      <input_file id="fl-f5">
         <path>C:\ti\ccsv6\tools\compiler\arm_15.12.3.LTS\lib\</path>
         <kind>archive</kind>
         <file>rtsv7M4_T_le_v4SPD16_eabi.lib</file>
         <name>s_copysign.obj</name>
      </input_file>
      <input_file id="fl-f6">
         <path>C:\ti\TivaWare_C_Series-2.1.3.156\driverlib\ccs\Debug\</path>
         <kind>archive</kind>
         <file>driverlib.lib</file>
         <name>adc.obj</name>
      </input_file>
      <input_file id="fl-f7">
         <path>C:\ti\TivaWare_C_Series-2.1.3.156\driverlib\ccs\Debug\</path>
         <kind>archive</kind>
         <file>driverlib.lib</file>
         <name>gpio.obj</name>
      </input_file>
      <input_file id="fl-f8">
         <path>C:\ti\TivaWare_C_Series-2.1.3.156\driverlib\ccs\Debug\</path>
         <kind>archive</kind>
         <file>driverlib.lib</file>
         <name>interrupt.obj</name>
      </input_file>
      <input_file id="fl-f9">
         <path>C:\ti\TivaWare_C_Series-2.1.3.156\driverlib\ccs\Debug\</path>
         <kind>archive</kind>
         <file>driverlib.lib</file>
         <name>pwm.obj</name>
      </input_file>
      <input_file id="fl-fa">
         <path>C:\ti\TivaWare_C_Series-2.1.3.156\driverlib\ccs\Debug\</path>
         <kind>archive</kind>
         <file>driverlib.lib</file>
         <name>ssi.obj</name>
      </input_file>
      <input_file id="fl-fb">
         <path>C:\ti\TivaWare_C_Series-2.1.3.156\driverlib\ccs\Debug\</path>
         <kind>archive</kind>
         <file>driverlib.lib</file>
         <name>sysctl.obj</name>
      </input_file>
      <input_file id="fl-fc">
         <path>C:\ti\TivaWare_C_Series-2.1.3.156\driverlib\ccs\Debug\</path>
         <kind>archive</kind>
         <file>driverlib.lib</file>
         <name>systick.obj</name>
      </input_file>
      <input_file id="fl-fd">
         <path>C:\ti\TivaWare_C_Series-2.1.3.156\driverlib\ccs\Debug\</path>
         <kind>archive</kind>
         <file>driverlib.lib</file>
         <name>timer.obj</name>
      </input_file>
      <input_file id="fl-fe">
         <path>C:\ti\TivaWare_C_Series-2.1.3.156\driverlib\ccs\Debug\</path>
         <kind>archive</kind>
         <file>driverlib.lib</file>
         <name>uart.obj</name>
      </input_file>
      <input_file id="fl-ff">
         <path>C:\ti\TivaWare_C_Series-2.1.3.156\driverlib\ccs\Debug\</path>
         <kind>archive</kind>
         <file>driverlib.lib</file>
         <name>cpu.obj</name>
      </input_file>
   </input_file_list>
   <object_component_list>
      <object_component id="oc-f">
         <name>.intvecs</name>
         <load_address>0x0</load_address>
         <run_address>0x0</run_address>
         <size>0x26c</size>
         <input_file_ref idref="fl-b"/>
      </object_component>
      <object_component id="oc-2ec">
         <name>.text</name>
         <load_address>0x26c</load_address>
         <run_address>0x26c</run_address>
         <size>0x1110</size>
         <input_file_ref idref="fl-e3"/>
      </object_component>
      <object_component id="oc-369">
         <name>.text</name>
         <load_address>0x137c</load_address>
         <run_address>0x137c</run_address>
         <size>0x950</size>
         <input_file_ref idref="fl-12"/>
      </object_component>
      <object_component id="oc-1a2">
         <name>.text</name>
         <load_address>0x1ccc</load_address>
         <run_address>0x1ccc</run_address>
         <size>0x49c</size>
         <input_file_ref idref="fl-c"/>
      </object_component>
      <object_component id="oc-2f6">
         <name>.text</name>
         <load_address>0x2168</load_address>
         <run_address>0x2168</run_address>
         <size>0x3dc</size>
         <input_file_ref idref="fl-db"/>
      </object_component>
      <object_component id="oc-2e1">
         <name>.text</name>
         <load_address>0x2544</load_address>
         <run_address>0x2544</run_address>
         <size>0x37c</size>
         <input_file_ref idref="fl-10"/>
      </object_component>
      <object_component id="oc-f8">
         <name>.text</name>
         <load_address>0x28c0</load_address>
         <run_address>0x28c0</run_address>
         <size>0x310</size>
         <input_file_ref idref="fl-6"/>
      </object_component>
      <object_component id="oc-116">
         <name>.text</name>
         <load_address>0x2bd0</load_address>
         <run_address>0x2bd0</run_address>
         <size>0x240</size>
         <input_file_ref idref="fl-8"/>
      </object_component>
      <object_component id="oc-2db">
         <name>.text</name>
         <load_address>0x2e10</load_address>
         <run_address>0x2e10</run_address>
         <size>0x204</size>
         <input_file_ref idref="fl-11"/>
      </object_component>
      <object_component id="oc-3c7">
         <name>.text</name>
         <load_address>0x3014</load_address>
         <run_address>0x3014</run_address>
         <size>0x1f4</size>
         <input_file_ref idref="fl-f3"/>
      </object_component>
      <object_component id="oc-e6">
         <name>.text</name>
         <load_address>0x3208</load_address>
         <run_address>0x3208</run_address>
         <size>0x1d0</size>
         <input_file_ref idref="fl-9"/>
      </object_component>
      <object_component id="oc-110">
         <name>.text</name>
         <load_address>0x33d8</load_address>
         <run_address>0x33d8</run_address>
         <size>0x1b8</size>
         <input_file_ref idref="fl-d"/>
      </object_component>
      <object_component id="oc-1d2">
         <name>.text</name>
         <load_address>0x3590</load_address>
         <run_address>0x3590</run_address>
         <size>0x1b6</size>
         <input_file_ref idref="fl-d3"/>
      </object_component>
      <object_component id="oc-358">
         <name>.text</name>
         <load_address>0x3746</load_address>
         <run_address>0x3746</run_address>
         <size>0x2</size>
         <input_file_ref idref="fl-eb"/>
      </object_component>
      <object_component id="oc-f2">
         <name>.text</name>
         <load_address>0x3748</load_address>
         <run_address>0x3748</run_address>
         <size>0x1b0</size>
         <input_file_ref idref="fl-4"/>
      </object_component>
      <object_component id="oc-ec">
         <name>.text</name>
         <load_address>0x38f8</load_address>
         <run_address>0x38f8</run_address>
         <size>0x1a8</size>
         <input_file_ref idref="fl-5"/>
      </object_component>
      <object_component id="oc-b2">
         <name>.text</name>
         <load_address>0x3aa0</load_address>
         <run_address>0x3aa0</run_address>
         <size>0x1a8</size>
         <input_file_ref idref="fl-a"/>
      </object_component>
      <object_component id="oc-e0">
         <name>.text</name>
         <load_address>0x3c48</load_address>
         <run_address>0x3c48</run_address>
         <size>0x190</size>
         <input_file_ref idref="fl-2"/>
      </object_component>
      <object_component id="oc-259">
         <name>.text</name>
         <load_address>0x3dd8</load_address>
         <run_address>0x3dd8</run_address>
         <size>0x136</size>
         <input_file_ref idref="fl-d4"/>
      </object_component>
      <object_component id="oc-15a">
         <name>.text:GPIOPadConfigSet</name>
         <load_address>0x3f0e</load_address>
         <run_address>0x3f0e</run_address>
         <size>0x132</size>
         <input_file_ref idref="fl-f7"/>
      </object_component>
      <object_component id="oc-1a8">
         <name>.text:SysCtlClockGet</name>
         <load_address>0x4040</load_address>
         <run_address>0x4040</run_address>
         <size>0x110</size>
         <input_file_ref idref="fl-fb"/>
      </object_component>
      <object_component id="oc-254">
         <name>.text</name>
         <load_address>0x4150</load_address>
         <run_address>0x4150</run_address>
         <size>0xfc</size>
         <input_file_ref idref="fl-d5"/>
      </object_component>
      <object_component id="oc-3ed">
         <name>.text</name>
         <load_address>0x424c</load_address>
         <run_address>0x424c</run_address>
         <size>0xfc</size>
         <input_file_ref idref="fl-ef"/>
      </object_component>
      <object_component id="oc-142">
         <name>.text:SysCtlClockSet</name>
         <load_address>0x4348</load_address>
         <run_address>0x4348</run_address>
         <size>0xf4</size>
         <input_file_ref idref="fl-fb"/>
      </object_component>
      <object_component id="oc-1e4">
         <name>.text</name>
         <load_address>0x443c</load_address>
         <run_address>0x443c</run_address>
         <size>0xb8</size>
         <input_file_ref idref="fl-7"/>
      </object_component>
      <object_component id="oc-37">
         <name>.text</name>
         <load_address>0x44f4</load_address>
         <run_address>0x44f4</run_address>
         <size>0x9c</size>
         <input_file_ref idref="fl-da"/>
      </object_component>
      <object_component id="oc-3d2">
         <name>.text:__aeabi_cdcmple</name>
         <load_address>0x4590</load_address>
         <run_address>0x4590</run_address>
         <size>0x86</size>
         <input_file_ref idref="fl-e9"/>
      </object_component>
      <object_component id="oc-3d7">
         <name>.text:__aeabi_cdrcmple</name>
         <load_address>0x4616</load_address>
         <run_address>0x4616</run_address>
         <size>0x86</size>
         <input_file_ref idref="fl-e9"/>
      </object_component>
      <object_component id="oc-17e">
         <name>.text:ADCSequenceStepConfigure</name>
         <load_address>0x469c</load_address>
         <run_address>0x469c</run_address>
         <size>0x7a</size>
         <input_file_ref idref="fl-f6"/>
      </object_component>
      <object_component id="oc-50">
         <name>.text</name>
         <load_address>0x4716</load_address>
         <run_address>0x4716</run_address>
         <size>0x7a</size>
         <input_file_ref idref="fl-dc"/>
      </object_component>
      <object_component id="oc-68">
         <name>.text</name>
         <load_address>0x4790</load_address>
         <run_address>0x4790</run_address>
         <size>0x70</size>
         <input_file_ref idref="fl-e6"/>
      </object_component>
      <object_component id="oc-25e">
         <name>.text</name>
         <load_address>0x4800</load_address>
         <run_address>0x4800</run_address>
         <size>0x6e</size>
         <input_file_ref idref="fl-d6"/>
      </object_component>
      <object_component id="oc-43">
         <name>.text</name>
         <load_address>0x486e</load_address>
         <run_address>0x486e</run_address>
         <size>0x6a</size>
         <input_file_ref idref="fl-d0"/>
      </object_component>
      <object_component id="oc-283">
         <name>.text:IntEnable</name>
         <load_address>0x48d8</load_address>
         <run_address>0x48d8</run_address>
         <size>0x68</size>
         <input_file_ref idref="fl-f8"/>
      </object_component>
      <object_component id="oc-3e7">
         <name>.text</name>
         <load_address>0x4940</load_address>
         <run_address>0x4940</run_address>
         <size>0x64</size>
         <input_file_ref idref="fl-ee"/>
      </object_component>
      <object_component id="oc-43f">
         <name>.text:TimerConfigure</name>
         <load_address>0x49a4</load_address>
         <run_address>0x49a4</run_address>
         <size>0x60</size>
         <input_file_ref idref="fl-fd"/>
      </object_component>
      <object_component id="oc-1dc">
         <name>.text</name>
         <load_address>0x4a04</load_address>
         <run_address>0x4a04</run_address>
         <size>0x60</size>
         <input_file_ref idref="fl-df"/>
      </object_component>
      <object_component id="oc-37e">
         <name>.text</name>
         <load_address>0x4a64</load_address>
         <run_address>0x4a64</run_address>
         <size>0x5c</size>
         <input_file_ref idref="fl-13"/>
      </object_component>
      <object_component id="oc-178">
         <name>.text:ADCSequenceConfigure</name>
         <load_address>0x4ac0</load_address>
         <run_address>0x4ac0</run_address>
         <size>0x58</size>
         <input_file_ref idref="fl-f6"/>
      </object_component>
      <object_component id="oc-160">
         <name>.text:GPIOIntTypeSet</name>
         <load_address>0x4b18</load_address>
         <run_address>0x4b18</run_address>
         <size>0x56</size>
         <input_file_ref idref="fl-f7"/>
      </object_component>
      <object_component id="oc-3e1">
         <name>.text</name>
         <load_address>0x4b6e</load_address>
         <run_address>0x4b6e</run_address>
         <size>0x56</size>
         <input_file_ref idref="fl-ec"/>
      </object_component>
      <object_component id="oc-24">
         <name>.text</name>
         <load_address>0x4bc4</load_address>
         <run_address>0x4bc4</run_address>
         <size>0x54</size>
         <input_file_ref idref="fl-ce"/>
      </object_component>
      <object_component id="oc-74">
         <name>.text</name>
         <load_address>0x4c18</load_address>
         <run_address>0x4c18</run_address>
         <size>0x54</size>
         <input_file_ref idref="fl-d2"/>
      </object_component>
      <object_component id="oc-148">
         <name>.text:SysCtlPeripheralReset</name>
         <load_address>0x4c6c</load_address>
         <run_address>0x4c6c</run_address>
         <size>0x50</size>
         <input_file_ref idref="fl-fb"/>
      </object_component>
      <object_component id="oc-3ff">
         <name>.text</name>
         <load_address>0x4cbc</load_address>
         <run_address>0x4cbc</run_address>
         <size>0x4c</size>
         <input_file_ref idref="fl-e5"/>
      </object_component>
      <object_component id="oc-a4">
         <name>.text</name>
         <load_address>0x4d08</load_address>
         <run_address>0x4d08</run_address>
         <size>0x4c</size>
         <input_file_ref idref="fl-e7"/>
      </object_component>
      <object_component id="oc-190">
         <name>.text:GPIOPinConfigure</name>
         <load_address>0x4d54</load_address>
         <run_address>0x4d54</run_address>
         <size>0x48</size>
         <input_file_ref idref="fl-f7"/>
      </object_component>
      <object_component id="oc-3dc">
         <name>.text</name>
         <load_address>0x4d9c</load_address>
         <run_address>0x4d9c</run_address>
         <size>0x48</size>
         <input_file_ref idref="fl-ea"/>
      </object_component>
      <object_component id="oc-2a2">
         <name>.text:UARTConfigSetExpClk</name>
         <load_address>0x4de4</load_address>
         <run_address>0x4de4</run_address>
         <size>0x46</size>
         <input_file_ref idref="fl-fe"/>
      </object_component>
      <object_component id="oc-5c">
         <name>.text</name>
         <load_address>0x4e2a</load_address>
         <run_address>0x4e2a</run_address>
         <size>0x2</size>
         <input_file_ref idref="fl-dd"/>
      </object_component>
      <object_component id="oc-1c7">
         <name>.text</name>
         <load_address>0x4e2c</load_address>
         <run_address>0x4e2c</run_address>
         <size>0x44</size>
         <input_file_ref idref="fl-3"/>
      </object_component>
      <object_component id="oc-1d7">
         <name>.text</name>
         <load_address>0x4e70</load_address>
         <run_address>0x4e70</run_address>
         <size>0x44</size>
         <input_file_ref idref="fl-d7"/>
      </object_component>
      <object_component id="oc-277">
         <name>.text:_GPIOIntNumberGet</name>
         <load_address>0x4eb4</load_address>
         <run_address>0x4eb4</run_address>
         <size>0x40</size>
         <input_file_ref idref="fl-f7"/>
      </object_component>
      <object_component id="oc-2c3">
         <name>.text</name>
         <load_address>0x4ef4</load_address>
         <run_address>0x4ef4</run_address>
         <size>0x40</size>
         <input_file_ref idref="fl-e1"/>
      </object_component>
      <object_component id="oc-390">
         <name>.text:SSIConfigSetExpClk</name>
         <load_address>0x4f34</load_address>
         <run_address>0x4f34</run_address>
         <size>0x3c</size>
         <input_file_ref idref="fl-fa"/>
      </object_component>
      <object_component id="oc-29c">
         <name>.text:SysCtlPeripheralPresent</name>
         <load_address>0x4f70</load_address>
         <run_address>0x4f70</run_address>
         <size>0x38</size>
         <input_file_ref idref="fl-fb"/>
      </object_component>
      <object_component id="oc-1cd">
         <name>.text</name>
         <load_address>0x4fa8</load_address>
         <run_address>0x4fa8</run_address>
         <size>0x38</size>
         <input_file_ref idref="fl-d8"/>
      </object_component>
      <object_component id="oc-27d">
         <name>.text:IntRegister</name>
         <load_address>0x4fe0</load_address>
         <run_address>0x4fe0</run_address>
         <size>0x34</size>
         <input_file_ref idref="fl-f8"/>
      </object_component>
      <object_component id="oc-14e">
         <name>.text:SysCtlPeripheralEnable</name>
         <load_address>0x5014</load_address>
         <run_address>0x5014</run_address>
         <size>0x34</size>
         <input_file_ref idref="fl-fb"/>
      </object_component>
      <object_component id="oc-1f0">
         <name>.text:ADCIntStatus</name>
         <load_address>0x5048</load_address>
         <run_address>0x5048</run_address>
         <size>0x2e</size>
         <input_file_ref idref="fl-f6"/>
      </object_component>
      <object_component id="oc-24f">
         <name>.text</name>
         <load_address>0x5076</load_address>
         <run_address>0x5076</run_address>
         <size>0x2e</size>
         <input_file_ref idref="fl-d9"/>
      </object_component>
      <object_component id="oc-240">
         <name>.text:GPIODirModeSet</name>
         <load_address>0x50a4</load_address>
         <run_address>0x50a4</run_address>
         <size>0x2a</size>
         <input_file_ref idref="fl-f7"/>
      </object_component>
      <object_component id="oc-20c">
         <name>.text:PWMGenConfigure</name>
         <load_address>0x50ce</load_address>
         <run_address>0x50ce</run_address>
         <size>0x22</size>
         <input_file_ref idref="fl-f9"/>
      </object_component>
      <object_component id="oc-348">
         <name>.text:UARTDisable</name>
         <load_address>0x50f0</load_address>
         <run_address>0x50f0</run_address>
         <size>0x20</size>
         <input_file_ref idref="fl-fe"/>
      </object_component>
      <object_component id="oc-1f6">
         <name>.text:ADCSequenceDataGet</name>
         <load_address>0x5110</load_address>
         <run_address>0x5110</run_address>
         <size>0x1e</size>
         <input_file_ref idref="fl-f6"/>
      </object_component>
      <object_component id="oc-218">
         <name>.text:PWMPulseWidthSet</name>
         <load_address>0x512e</load_address>
         <run_address>0x512e</run_address>
         <size>0x1e</size>
         <input_file_ref idref="fl-f9"/>
      </object_component>
      <object_component id="oc-1b4">
         <name>.text:SysTickIntRegister</name>
         <load_address>0x514c</load_address>
         <run_address>0x514c</run_address>
         <size>0x1c</size>
         <input_file_ref idref="fl-fc"/>
      </object_component>
      <object_component id="oc-3f9">
         <name>.text</name>
         <load_address>0x5168</load_address>
         <run_address>0x5168</run_address>
         <size>0x1c</size>
         <input_file_ref idref="fl-ed"/>
      </object_component>
      <object_component id="oc-1ea">
         <name>.text:ADCProcessorTrigger</name>
         <load_address>0x5184</load_address>
         <run_address>0x5184</run_address>
         <size>0x18</size>
         <input_file_ref idref="fl-f6"/>
      </object_component>
      <object_component id="oc-154">
         <name>.text:GPIOIntRegister</name>
         <load_address>0x519c</load_address>
         <run_address>0x519c</run_address>
         <size>0x18</size>
         <input_file_ref idref="fl-f7"/>
      </object_component>
      <object_component id="oc-3a2">
         <name>.text:GPIOPinTypeGPIOOutput</name>
         <load_address>0x51b4</load_address>
         <run_address>0x51b4</run_address>
         <size>0x18</size>
         <input_file_ref idref="fl-f7"/>
      </object_component>
      <object_component id="oc-6e">
         <name>.text</name>
         <load_address>0x51cc</load_address>
         <run_address>0x51cc</run_address>
         <size>0x18</size>
         <input_file_ref idref="fl-e4"/>
      </object_component>
      <object_component id="oc-3f3">
         <name>.text</name>
         <load_address>0x51e4</load_address>
         <run_address>0x51e4</run_address>
         <size>0x16</size>
         <input_file_ref idref="fl-f1"/>
      </object_component>
      <object_component id="oc-aa">
         <name>.text</name>
         <load_address>0x51fa</load_address>
         <run_address>0x51fa</run_address>
         <size>0x2</size>
         <input_file_ref idref="fl-f0"/>
      </object_component>
      <object_component id="oc-16c">
         <name>.text:SysCtlPWMClockSet</name>
         <load_address>0x51fc</load_address>
         <run_address>0x51fc</run_address>
         <size>0x14</size>
         <input_file_ref idref="fl-fb"/>
      </object_component>
      <object_component id="oc-1c0">
         <name>.text:SysTickEnable</name>
         <load_address>0x5210</load_address>
         <run_address>0x5210</run_address>
         <size>0x14</size>
         <input_file_ref idref="fl-fc"/>
      </object_component>
      <object_component id="oc-1ba">
         <name>.text:SysTickIntEnable</name>
         <load_address>0x5224</load_address>
         <run_address>0x5224</run_address>
         <size>0x14</size>
         <input_file_ref idref="fl-fc"/>
      </object_component>
      <object_component id="oc-2a8">
         <name>.text:UARTEnable</name>
         <load_address>0x5238</load_address>
         <run_address>0x5238</run_address>
         <size>0x14</size>
         <input_file_ref idref="fl-fe"/>
      </object_component>
      <object_component id="oc-12f">
         <name>.text</name>
         <load_address>0x524c</load_address>
         <run_address>0x524c</run_address>
         <size>0x14</size>
         <input_file_ref idref="fl-e2"/>
      </object_component>
      <object_component id="oc-471">
         <name>.text</name>
         <load_address>0x5260</load_address>
         <run_address>0x5260</run_address>
         <size>0x14</size>
         <input_file_ref idref="fl-f5"/>
      </object_component>
      <object_component id="oc-3cc">
         <name>.text</name>
         <load_address>0x5274</load_address>
         <run_address>0x5274</run_address>
         <size>0x14</size>
         <input_file_ref idref="fl-f2"/>
      </object_component>
      <object_component id="oc-172">
         <name>.text:GPIOPinTypeADC</name>
         <load_address>0x5288</load_address>
         <run_address>0x5288</run_address>
         <size>0x12</size>
         <input_file_ref idref="fl-f7"/>
      </object_component>
      <object_component id="oc-104">
         <name>.text:GPIOPinTypeGPIOInput</name>
         <load_address>0x529a</load_address>
         <run_address>0x529a</run_address>
         <size>0x12</size>
         <input_file_ref idref="fl-f7"/>
      </object_component>
      <object_component id="oc-206">
         <name>.text:GPIOPinTypePWM</name>
         <load_address>0x52ac</load_address>
         <run_address>0x52ac</run_address>
         <size>0x12</size>
         <input_file_ref idref="fl-f7"/>
      </object_component>
      <object_component id="oc-384">
         <name>.text:GPIOPinTypeSSI</name>
         <load_address>0x52be</load_address>
         <run_address>0x52be</run_address>
         <size>0x12</size>
         <input_file_ref idref="fl-f7"/>
      </object_component>
      <object_component id="oc-19c">
         <name>.text:GPIOPinTypeUART</name>
         <load_address>0x52d0</load_address>
         <run_address>0x52d0</run_address>
         <size>0x12</size>
         <input_file_ref idref="fl-f7"/>
      </object_component>
      <object_component id="oc-224">
         <name>.text:PWMOutputState</name>
         <load_address>0x52e2</load_address>
         <run_address>0x52e2</run_address>
         <size>0x12</size>
         <input_file_ref idref="fl-f9"/>
      </object_component>
      <object_component id="oc-fe">
         <name>.text:IntMasterEnable</name>
         <load_address>0x52f4</load_address>
         <run_address>0x52f4</run_address>
         <size>0x10</size>
         <input_file_ref idref="fl-f8"/>
      </object_component>
      <object_component id="oc-212">
         <name>.text:PWMGenPeriodSet</name>
         <load_address>0x5304</load_address>
         <run_address>0x5304</run_address>
         <size>0x10</size>
         <input_file_ref idref="fl-f9"/>
      </object_component>
      <object_component id="oc-1ae">
         <name>.text:SysTickPeriodSet</name>
         <load_address>0x5314</load_address>
         <run_address>0x5314</run_address>
         <size>0x10</size>
         <input_file_ref idref="fl-fc"/>
      </object_component>
      <object_component id="oc-184">
         <name>.text:ADCSequenceEnable</name>
         <load_address>0x5324</load_address>
         <run_address>0x5324</run_address>
         <size>0xe</size>
         <input_file_ref idref="fl-f6"/>
      </object_component>
      <object_component id="oc-445">
         <name>.text:TimerEnable</name>
         <load_address>0x5332</load_address>
         <run_address>0x5332</run_address>
         <size>0xe</size>
         <input_file_ref idref="fl-fd"/>
      </object_component>
      <object_component id="oc-12">
         <name>.text:decompress:none</name>
         <load_address>0x5340</load_address>
         <run_address>0x5340</run_address>
         <size>0xe</size>
         <input_file_ref idref="fl-cf"/>
      </object_component>
      <object_component id="oc-239">
         <name>.text:CPUcpsie</name>
         <load_address>0x534e</load_address>
         <run_address>0x534e</run_address>
         <size>0xc</size>
         <input_file_ref idref="fl-ff"/>
      </object_component>
      <object_component id="oc-166">
         <name>.text:GPIOIntEnable</name>
         <load_address>0x535a</load_address>
         <run_address>0x535a</run_address>
         <size>0xc</size>
         <input_file_ref idref="fl-f7"/>
      </object_component>
      <object_component id="oc-21e">
         <name>.text:PWMGenEnable</name>
         <load_address>0x5366</load_address>
         <run_address>0x5366</run_address>
         <size>0xc</size>
         <input_file_ref idref="fl-f9"/>
      </object_component>
      <object_component id="oc-3b4">
         <name>.text:SSIDataGet</name>
         <load_address>0x5372</load_address>
         <run_address>0x5372</run_address>
         <size>0xc</size>
         <input_file_ref idref="fl-fa"/>
      </object_component>
      <object_component id="oc-2e">
         <name>.text</name>
         <load_address>0x537e</load_address>
         <run_address>0x537e</run_address>
         <size>0xc</size>
         <input_file_ref idref="fl-b"/>
      </object_component>
      <object_component id="oc-18a">
         <name>.text:ADCIntClear</name>
         <load_address>0x538a</load_address>
         <run_address>0x538a</run_address>
         <size>0xa</size>
         <input_file_ref idref="fl-f6"/>
      </object_component>
      <object_component id="oc-3ae">
         <name>.text:SSIDataPut</name>
         <load_address>0x5394</load_address>
         <run_address>0x5394</run_address>
         <size>0xa</size>
         <input_file_ref idref="fl-fa"/>
      </object_component>
      <object_component id="oc-396">
         <name>.text:SSIEnable</name>
         <load_address>0x539e</load_address>
         <run_address>0x539e</run_address>
         <size>0xa</size>
         <input_file_ref idref="fl-fa"/>
      </object_component>
      <object_component id="oc-44b">
         <name>.text:TimerValueGet</name>
         <load_address>0x53a8</load_address>
         <run_address>0x53a8</run_address>
         <size>0xa</size>
         <input_file_ref idref="fl-fd"/>
      </object_component>
      <object_component id="oc-2b4">
         <name>.text:UARTCharGet</name>
         <load_address>0x53b2</load_address>
         <run_address>0x53b2</run_address>
         <size>0xa</size>
         <input_file_ref idref="fl-fe"/>
      </object_component>
      <object_component id="oc-2ae">
         <name>.text:UARTCharPut</name>
         <load_address>0x53bc</load_address>
         <run_address>0x53bc</run_address>
         <size>0xa</size>
         <input_file_ref idref="fl-fe"/>
      </object_component>
      <object_component id="oc-3a8">
         <name>.text:SSIBusy</name>
         <load_address>0x53c6</load_address>
         <run_address>0x53c6</run_address>
         <size>0x8</size>
         <input_file_ref idref="fl-fa"/>
      </object_component>
      <object_component id="oc-249">
         <name>.text:GPIOIntClear</name>
         <load_address>0x53ce</load_address>
         <run_address>0x53ce</run_address>
         <size>0x6</size>
         <input_file_ref idref="fl-f7"/>
      </object_component>
      <object_component id="oc-10a">
         <name>.text:GPIOPinRead</name>
         <load_address>0x53d4</load_address>
         <run_address>0x53d4</run_address>
         <size>0x6</size>
         <input_file_ref idref="fl-f7"/>
      </object_component>
      <object_component id="oc-39c">
         <name>.text:GPIOPinWrite</name>
         <load_address>0x53da</load_address>
         <run_address>0x53da</run_address>
         <size>0x6</size>
         <input_file_ref idref="fl-f7"/>
      </object_component>
      <object_component id="oc-38a">
         <name>.text:SSIClockSourceSet</name>
         <load_address>0x53e0</load_address>
         <run_address>0x53e0</run_address>
         <size>0x6</size>
         <input_file_ref idref="fl-fa"/>
      </object_component>
      <object_component id="oc-272">
         <name>.text:SysCtlDelay</name>
         <load_address>0x53e6</load_address>
         <run_address>0x53e6</run_address>
         <size>0x6</size>
         <input_file_ref idref="fl-fb"/>
      </object_component>
      <object_component id="oc-196">
         <name>.text:UARTClockSourceSet</name>
         <load_address>0x53ec</load_address>
         <run_address>0x53ec</run_address>
         <size>0x6</size>
         <input_file_ref idref="fl-fe"/>
      </object_component>
      <object_component id="oc-18">
         <name>.text:decompress:rle24</name>
         <load_address>0x53f2</load_address>
         <run_address>0x53f2</run_address>
         <size>0x6</size>
         <input_file_ref idref="fl-d0"/>
      </object_component>
      <object_component id="oc-62">
         <name>.text</name>
         <load_address>0x53f8</load_address>
         <run_address>0x53f8</run_address>
         <size>0x4</size>
         <input_file_ref idref="fl-de"/>
      </object_component>
      <object_component id="oc-3ba">
         <name>.const:.string:rgbOledFont0</name>
         <load_address>0x53fc</load_address>
         <run_address>0x53fc</run_address>
         <size>0x300</size>
         <input_file_ref idref="fl-e"/>
      </object_component>
      <object_component id="oc-480">
         <name>.const:.string:_ctypes_</name>
         <load_address>0x56fc</load_address>
         <run_address>0x56fc</run_address>
         <size>0x101</size>
         <input_file_ref idref="fl-e8"/>
      </object_component>
      <object_component id="oc-331">
         <name>.const:g_ppui32GPIOIntMapBlizzard</name>
         <load_address>0x5800</load_address>
         <run_address>0x5800</run_address>
         <size>0xc0</size>
         <input_file_ref idref="fl-f7"/>
      </object_component>
      <object_component id="oc-334">
         <name>.const:g_ppui32GPIOIntMapSnowflake</name>
         <load_address>0x58c0</load_address>
         <run_address>0x58c0</run_address>
         <size>0xc0</size>
         <input_file_ref idref="fl-f7"/>
      </object_component>
      <object_component id="oc-295">
         <name>.const:g_pui32GPIOBaseAddrs</name>
         <load_address>0x5980</load_address>
         <run_address>0x5980</run_address>
         <size>0x90</size>
         <input_file_ref idref="fl-f7"/>
      </object_component>
      <object_component id="oc-33d">
         <name>.const</name>
         <load_address>0x5a10</load_address>
         <run_address>0x5a10</run_address>
         <size>0x70</size>
         <input_file_ref idref="fl-f8"/>
      </object_component>
      <object_component id="oc-2d2">
         <name>.const:g_pui32Xtals</name>
         <load_address>0x5a80</load_address>
         <run_address>0x5a80</run_address>
         <size>0x6c</size>
         <input_file_ref idref="fl-fb"/>
      </object_component>
      <object_component id="oc-3c0">
         <name>.const:.string:rgbFillPat</name>
         <load_address>0x5aec</load_address>
         <run_address>0x5aec</run_address>
         <size>0x40</size>
         <input_file_ref idref="fl-f"/>
      </object_component>
      <object_component id="oc-35f">
         <name>.const:.string</name>
         <load_address>0x5b2c</load_address>
         <run_address>0x5b2c</run_address>
         <size>0x12</size>
         <input_file_ref idref="fl-c"/>
      </object_component>
      <object_component id="oc-2c0">
         <name>.const:g_ui32UARTBase</name>
         <load_address>0x5b40</load_address>
         <run_address>0x5b40</run_address>
         <size>0xc</size>
         <input_file_ref idref="fl-c"/>
      </object_component>
      <object_component id="oc-2ba">
         <name>.const:g_ui32UARTPeriph</name>
         <load_address>0x5b4c</load_address>
         <run_address>0x5b4c</run_address>
         <size>0xc</size>
         <input_file_ref idref="fl-c"/>
      </object_component>
      <object_component id="oc-2c8">
         <name>.const</name>
         <load_address>0x5b58</load_address>
         <run_address>0x5b58</run_address>
         <size>0x4</size>
         <input_file_ref idref="fl-c"/>
      </object_component>
      <object_component id="oc-4d4">
         <name>.cinit..data.load</name>
         <load_address>0x5b60</load_address>
         <run_address>0x5b60</run_address>
         <size>0x47</size>
      </object_component>
      <object_component id="oc-4d5">
         <name>.cinit..bss.load</name>
         <load_address>0x5ba8</load_address>
         <run_address>0x5ba8</run_address>
         <size>0xb</size>
      </object_component>
      <object_component id="oc-4d3">
         <name>.cinit..vtable.load</name>
         <load_address>0x5bb8</load_address>
         <run_address>0x5bb8</run_address>
         <size>0xb</size>
      </object_component>
      <object_component id="oc-4d1">
         <name>__TI_handler_table</name>
         <load_address>0x5bc4</load_address>
         <run_address>0x5bc4</run_address>
         <size>0x8</size>
      </object_component>
      <object_component id="oc-4d2">
         <name>__TI_cinit_table</name>
         <load_address>0x5bcc</load_address>
         <run_address>0x5bcc</run_address>
         <size>0x18</size>
      </object_component>
      <object_component id="oc-338">
         <name>.vtable</name>
         <uninitialized>true</uninitialized>
         <run_address>0x20000000</run_address>
         <size>0x26c</size>
         <input_file_ref idref="fl-f8"/>
      </object_component>
      <object_component id="oc-202">
         <name>.data</name>
         <load_address>0x20000e3c</load_address>
         <run_address>0x20000e3c</run_address>
         <size>0x1c</size>
         <input_file_ref idref="fl-5"/>
      </object_component>
      <object_component id="oc-267">
         <name>.data</name>
         <load_address>0x20000de8</load_address>
         <run_address>0x20000de8</run_address>
         <size>0x54</size>
         <input_file_ref idref="fl-8"/>
      </object_component>
      <object_component id="oc-11c">
         <name>.data</name>
         <load_address>0x20000e90</load_address>
         <run_address>0x20000e90</run_address>
         <size>0x4</size>
         <input_file_ref idref="fl-a"/>
      </object_component>
      <object_component id="oc-2bd">
         <name>.data</name>
         <load_address>0x20000e88</load_address>
         <run_address>0x20000e88</run_address>
         <size>0x5</size>
         <input_file_ref idref="fl-c"/>
      </object_component>
      <object_component id="oc-263">
         <name>.data</name>
         <load_address>0x20000e58</load_address>
         <run_address>0x20000e58</run_address>
         <size>0x10</size>
         <input_file_ref idref="fl-d"/>
      </object_component>
      <object_component id="oc-ba">
         <name>.data:$O1$$</name>
         <load_address>0x20000e68</load_address>
         <run_address>0x20000e68</run_address>
         <size>0xc</size>
         <input_file_ref idref="fl-d2"/>
      </object_component>
      <object_component id="oc-418">
         <name>.data:$O1$$</name>
         <load_address>0x20000e74</load_address>
         <run_address>0x20000e74</run_address>
         <size>0xc</size>
         <input_file_ref idref="fl-db"/>
      </object_component>
      <object_component id="oc-7a">
         <name>.data</name>
         <load_address>0x20000e98</load_address>
         <run_address>0x20000e98</run_address>
         <size>0x4</size>
         <input_file_ref idref="fl-e0"/>
      </object_component>
      <object_component id="oc-bd">
         <name>.data:$O1$$</name>
         <load_address>0x20000e80</load_address>
         <run_address>0x20000e80</run_address>
         <size>0x8</size>
         <input_file_ref idref="fl-e2"/>
      </object_component>
      <object_component id="oc-477">
         <name>.data</name>
         <load_address>0x20000e94</load_address>
         <run_address>0x20000e94</run_address>
         <size>0x4</size>
         <input_file_ref idref="fl-f4"/>
      </object_component>
      <object_component id="oc-1fc">
         <name>.bss:g_inBuffer</name>
         <uninitialized>true</uninitialized>
         <run_address>0x20000d70</run_address>
         <size>0x10</size>
         <input_file_ref idref="fl-5"/>
      </object_component>
      <object_component id="oc-22e">
         <name>.bss:but_state</name>
         <uninitialized>true</uninitialized>
         <run_address>0x20000d98</run_address>
         <size>0x8</size>
         <input_file_ref idref="fl-6"/>
      </object_component>
      <object_component id="oc-231">
         <name>.bss:but_count</name>
         <uninitialized>true</uninitialized>
         <run_address>0x20000d80</run_address>
         <size>0x8</size>
         <input_file_ref idref="fl-6"/>
      </object_component>
      <object_component id="oc-234">
         <name>.bss:but_flag</name>
         <uninitialized>true</uninitialized>
         <run_address>0x20000d88</run_address>
         <size>0x8</size>
         <input_file_ref idref="fl-6"/>
      </object_component>
      <object_component id="oc-22b">
         <name>.bss:but_normal</name>
         <uninitialized>true</uninitialized>
         <run_address>0x20000d90</run_address>
         <size>0x8</size>
         <input_file_ref idref="fl-6"/>
      </object_component>
      <object_component id="oc-1ff">
         <name>.common:ADCValue</name>
         <uninitialized>true</uninitialized>
         <run_address>0x20000da0</run_address>
         <size>0x4</size>
      </object_component>
      <object_component id="oc-433">
         <name>.common:xcoOledCur</name>
         <uninitialized>true</uninitialized>
         <run_address>0x20000dd4</run_address>
         <size>0x4</size>
      </object_component>
      <object_component id="oc-434">
         <name>.common:ycoOledCur</name>
         <uninitialized>true</uninitialized>
         <run_address>0x20000de0</run_address>
         <size>0x4</size>
      </object_component>
      <object_component id="oc-37c">
         <name>.common:pbOledCur</name>
         <uninitialized>true</uninitialized>
         <run_address>0x20000db8</run_address>
         <size>0x4</size>
      </object_component>
      <object_component id="oc-435">
         <name>.common:bnOledCur</name>
         <uninitialized>true</uninitialized>
         <run_address>0x20000da4</run_address>
         <size>0x4</size>
      </object_component>
      <object_component id="oc-3be">
         <name>.common:clrOledCur</name>
         <uninitialized>true</uninitialized>
         <run_address>0x20000de4</run_address>
         <size>0x1</size>
      </object_component>
      <object_component id="oc-3bf">
         <name>.common:pbOledPatCur</name>
         <uninitialized>true</uninitialized>
         <run_address>0x20000dc4</run_address>
         <size>0x4</size>
      </object_component>
      <object_component id="oc-37a">
         <name>.common:fOledCharUpdate</name>
         <uninitialized>true</uninitialized>
         <run_address>0x20000db0</run_address>
         <size>0x4</size>
      </object_component>
      <object_component id="oc-375">
         <name>.common:dxcoOledFontCur</name>
         <uninitialized>true</uninitialized>
         <run_address>0x20000da8</run_address>
         <size>0x4</size>
      </object_component>
      <object_component id="oc-378">
         <name>.common:dycoOledFontCur</name>
         <uninitialized>true</uninitialized>
         <run_address>0x20000dac</run_address>
         <size>0x4</size>
      </object_component>
      <object_component id="oc-37b">
         <name>.common:pbOledFontCur</name>
         <uninitialized>true</uninitialized>
         <run_address>0x20000dbc</run_address>
         <size>0x4</size>
      </object_component>
      <object_component id="oc-379">
         <name>.common:pbOledFontUser</name>
         <uninitialized>true</uninitialized>
         <run_address>0x20000dc0</run_address>
         <size>0x4</size>
      </object_component>
      <object_component id="oc-3c3">
         <name>.common:rgbOledBmp</name>
         <uninitialized>true</uninitialized>
         <run_address>0x20000a70</run_address>
         <size>0x200</size>
      </object_component>
      <object_component id="oc-373">
         <name>.common:xchOledCur</name>
         <uninitialized>true</uninitialized>
         <run_address>0x20000dcc</run_address>
         <size>0x4</size>
      </object_component>
      <object_component id="oc-374">
         <name>.common:ychOledCur</name>
         <uninitialized>true</uninitialized>
         <run_address>0x20000dd8</run_address>
         <size>0x4</size>
      </object_component>
      <object_component id="oc-36f">
         <name>.common:xchOledMax</name>
         <uninitialized>true</uninitialized>
         <run_address>0x20000dd0</run_address>
         <size>0x4</size>
      </object_component>
      <object_component id="oc-372">
         <name>.common:ychOledMax</name>
         <uninitialized>true</uninitialized>
         <run_address>0x20000ddc</run_address>
         <size>0x4</size>
      </object_component>
      <object_component id="oc-3bd">
         <name>.common:rgbOledFontUser</name>
         <uninitialized>true</uninitialized>
         <run_address>0x20000c70</run_address>
         <size>0x100</size>
      </object_component>
      <object_component id="oc-439">
         <name>.common:pfnDoRop</name>
         <uninitialized>true</uninitialized>
         <run_address>0x20000dc8</run_address>
         <size>0x4</size>
      </object_component>
      <object_component id="oc-436">
         <name>.common:modOledCur</name>
         <uninitialized>true</uninitialized>
         <run_address>0x20000db4</run_address>
         <size>0x4</size>
      </object_component>
      <object_component id="oc-2b">
         <name>.sysmem</name>
         <uninitialized>true</uninitialized>
         <run_address>0x20000670</run_address>
         <size>0x8</size>
         <input_file_ref idref="fl-db"/>
      </object_component>
      <object_component id="oc-4d7">
         <name>.sysmem</name>
         <uninitialized>true</uninitialized>
         <run_address>0x20000670</run_address>
         <size>0x0</size>
      </object_component>
      <object_component id="oc-2a">
         <name>.stack</name>
         <uninitialized>true</uninitialized>
         <run_address>0x2000026c</run_address>
         <size>0x0</size>
         <input_file_ref idref="fl-ce"/>
      </object_component>
      <object_component id="oc-4d6">
         <name>.stack</name>
         <uninitialized>true</uninitialized>
         <run_address>0x2000026c</run_address>
         <size>0x0</size>
      </object_component>
      <object_component id="oc-364">
         <name>.debug_info</name>
         <load_address>0x0</load_address>
         <run_address>0x0</run_address>
         <size>0x627</size>
         <input_file_ref idref="fl-2"/>
      </object_component>
      <object_component id="oc-e1">
         <name>.debug_info</name>
         <load_address>0x627</load_address>
         <run_address>0x627</run_address>
         <size>0x551</size>
         <input_file_ref idref="fl-2"/>
      </object_component>
      <object_component id="oc-303">
         <name>.debug_info</name>
         <load_address>0xb78</load_address>
         <run_address>0xb78</run_address>
         <size>0x86</size>
         <input_file_ref idref="fl-2"/>
      </object_component>
      <object_component id="oc-92">
         <name>.debug_info</name>
         <load_address>0xbfe</load_address>
         <run_address>0xbfe</run_address>
         <size>0x84</size>
         <input_file_ref idref="fl-2"/>
      </object_component>
      <object_component id="oc-85">
         <name>.debug_info</name>
         <load_address>0xc82</load_address>
         <run_address>0xc82</run_address>
         <size>0x18b</size>
         <input_file_ref idref="fl-2"/>
      </object_component>
      <object_component id="oc-2cd">
         <name>.debug_info</name>
         <load_address>0xe0d</load_address>
         <run_address>0xe0d</run_address>
         <size>0x4e</size>
         <input_file_ref idref="fl-2"/>
      </object_component>
      <object_component id="oc-2e8">
         <name>.debug_info</name>
         <load_address>0xe5b</load_address>
         <run_address>0xe5b</run_address>
         <size>0x187</size>
         <input_file_ref idref="fl-3"/>
      </object_component>
      <object_component id="oc-1c8">
         <name>.debug_info</name>
         <load_address>0xfe2</load_address>
         <run_address>0xfe2</run_address>
         <size>0x2b6</size>
         <input_file_ref idref="fl-3"/>
      </object_component>
      <object_component id="oc-f5">
         <name>.debug_info</name>
         <load_address>0x1298</load_address>
         <run_address>0x1298</run_address>
         <size>0x6e7</size>
         <input_file_ref idref="fl-4"/>
      </object_component>
      <object_component id="oc-120">
         <name>.debug_info</name>
         <load_address>0x197f</load_address>
         <run_address>0x197f</run_address>
         <size>0x8b</size>
         <input_file_ref idref="fl-4"/>
      </object_component>
      <object_component id="oc-200">
         <name>.debug_info</name>
         <load_address>0x1a0a</load_address>
         <run_address>0x1a0a</run_address>
         <size>0x2c3</size>
         <input_file_ref idref="fl-5"/>
      </object_component>
      <object_component id="oc-203">
         <name>.debug_info</name>
         <load_address>0x1ccd</load_address>
         <run_address>0x1ccd</run_address>
         <size>0x177</size>
         <input_file_ref idref="fl-5"/>
      </object_component>
      <object_component id="oc-1fd">
         <name>.debug_info</name>
         <load_address>0x1e44</load_address>
         <run_address>0x1e44</run_address>
         <size>0xc8</size>
         <input_file_ref idref="fl-5"/>
      </object_component>
      <object_component id="oc-ed">
         <name>.debug_info</name>
         <load_address>0x1f0c</load_address>
         <run_address>0x1f0c</run_address>
         <size>0x1f5</size>
         <input_file_ref idref="fl-5"/>
      </object_component>
      <object_component id="oc-41e">
         <name>.debug_info</name>
         <load_address>0x2101</load_address>
         <run_address>0x2101</run_address>
         <size>0x110</size>
         <input_file_ref idref="fl-5"/>
      </object_component>
      <object_component id="oc-238">
         <name>.debug_info</name>
         <load_address>0x2211</load_address>
         <run_address>0x2211</run_address>
         <size>0x1b0</size>
         <input_file_ref idref="fl-6"/>
      </object_component>
      <object_component id="oc-22f">
         <name>.debug_info</name>
         <load_address>0x23c1</load_address>
         <run_address>0x23c1</run_address>
         <size>0xc6</size>
         <input_file_ref idref="fl-6"/>
      </object_component>
      <object_component id="oc-232">
         <name>.debug_info</name>
         <load_address>0x2487</load_address>
         <run_address>0x2487</run_address>
         <size>0xc6</size>
         <input_file_ref idref="fl-6"/>
      </object_component>
      <object_component id="oc-235">
         <name>.debug_info</name>
         <load_address>0x254d</load_address>
         <run_address>0x254d</run_address>
         <size>0xc4</size>
         <input_file_ref idref="fl-6"/>
      </object_component>
      <object_component id="oc-22c">
         <name>.debug_info</name>
         <load_address>0x2611</load_address>
         <run_address>0x2611</run_address>
         <size>0xc8</size>
         <input_file_ref idref="fl-6"/>
      </object_component>
      <object_component id="oc-f9">
         <name>.debug_info</name>
         <load_address>0x26d9</load_address>
         <run_address>0x26d9</run_address>
         <size>0x553</size>
         <input_file_ref idref="fl-6"/>
      </object_component>
      <object_component id="oc-2fd">
         <name>.debug_info</name>
         <load_address>0x2c2c</load_address>
         <run_address>0x2c2c</run_address>
         <size>0x126</size>
         <input_file_ref idref="fl-7"/>
      </object_component>
      <object_component id="oc-1e7">
         <name>.debug_info</name>
         <load_address>0x2d52</load_address>
         <run_address>0x2d52</run_address>
         <size>0x31d</size>
         <input_file_ref idref="fl-7"/>
      </object_component>
      <object_component id="oc-268">
         <name>.debug_info</name>
         <load_address>0x306f</load_address>
         <run_address>0x306f</run_address>
         <size>0x3c8</size>
         <input_file_ref idref="fl-8"/>
      </object_component>
      <object_component id="oc-118">
         <name>.debug_info</name>
         <load_address>0x3437</load_address>
         <run_address>0x3437</run_address>
         <size>0x2df</size>
         <input_file_ref idref="fl-8"/>
      </object_component>
      <object_component id="oc-1e3">
         <name>.debug_info</name>
         <load_address>0x3716</load_address>
         <run_address>0x3716</run_address>
         <size>0x1c3</size>
         <input_file_ref idref="fl-9"/>
      </object_component>
      <object_component id="oc-e7">
         <name>.debug_info</name>
         <load_address>0x38d9</load_address>
         <run_address>0x38d9</run_address>
         <size>0x775</size>
         <input_file_ref idref="fl-9"/>
      </object_component>
      <object_component id="oc-125">
         <name>.debug_info</name>
         <load_address>0x404e</load_address>
         <run_address>0x404e</run_address>
         <size>0x468</size>
         <input_file_ref idref="fl-a"/>
      </object_component>
      <object_component id="oc-11d">
         <name>.debug_info</name>
         <load_address>0x44b6</load_address>
         <run_address>0x44b6</run_address>
         <size>0xe6</size>
         <input_file_ref idref="fl-a"/>
      </object_component>
      <object_component id="oc-b4">
         <name>.debug_info</name>
         <load_address>0x459c</load_address>
         <run_address>0x459c</run_address>
         <size>0x47e</size>
         <input_file_ref idref="fl-a"/>
      </object_component>
      <object_component id="oc-36">
         <name>.debug_info</name>
         <load_address>0x4a1a</load_address>
         <run_address>0x4a1a</run_address>
         <size>0xf3</size>
         <input_file_ref idref="fl-b"/>
      </object_component>
      <object_component id="oc-10">
         <name>.debug_info</name>
         <load_address>0x4b0d</load_address>
         <run_address>0x4b0d</run_address>
         <size>0xde</size>
         <input_file_ref idref="fl-b"/>
      </object_component>
      <object_component id="oc-32">
         <name>.debug_info</name>
         <load_address>0x4beb</load_address>
         <run_address>0x4beb</run_address>
         <size>0x25a</size>
         <input_file_ref idref="fl-b"/>
      </object_component>
      <object_component id="oc-2cc">
         <name>.debug_info</name>
         <load_address>0x4e45</load_address>
         <run_address>0x4e45</run_address>
         <size>0x22d</size>
         <input_file_ref idref="fl-c"/>
      </object_component>
      <object_component id="oc-2be">
         <name>.debug_info</name>
         <load_address>0x5072</load_address>
         <run_address>0x5072</run_address>
         <size>0xca</size>
         <input_file_ref idref="fl-c"/>
      </object_component>
      <object_component id="oc-2c9">
         <name>.debug_info</name>
         <load_address>0x513c</load_address>
         <run_address>0x513c</run_address>
         <size>0xc4</size>
         <input_file_ref idref="fl-c"/>
      </object_component>
      <object_component id="oc-2c1">
         <name>.debug_info</name>
         <load_address>0x5200</load_address>
         <run_address>0x5200</run_address>
         <size>0xd2</size>
         <input_file_ref idref="fl-c"/>
      </object_component>
      <object_component id="oc-2bb">
         <name>.debug_info</name>
         <load_address>0x52d2</load_address>
         <run_address>0x52d2</run_address>
         <size>0xd6</size>
         <input_file_ref idref="fl-c"/>
      </object_component>
      <object_component id="oc-1a6">
         <name>.debug_info</name>
         <load_address>0x53a8</load_address>
         <run_address>0x53a8</run_address>
         <size>0x773</size>
         <input_file_ref idref="fl-c"/>
      </object_component>
      <object_component id="oc-264">
         <name>.debug_info</name>
         <load_address>0x5b1b</load_address>
         <run_address>0x5b1b</run_address>
         <size>0x1b0</size>
         <input_file_ref idref="fl-d"/>
      </object_component>
      <object_component id="oc-114">
         <name>.debug_info</name>
         <load_address>0x5ccb</load_address>
         <run_address>0x5ccb</run_address>
         <size>0x20f</size>
         <input_file_ref idref="fl-d"/>
      </object_component>
      <object_component id="oc-45e">
         <name>.debug_info</name>
         <load_address>0x5eda</load_address>
         <run_address>0x5eda</run_address>
         <size>0xc8</size>
         <input_file_ref idref="fl-e"/>
      </object_component>
      <object_component id="oc-3bb">
         <name>.debug_info</name>
         <load_address>0x5fa2</load_address>
         <run_address>0x5fa2</run_address>
         <size>0xdc</size>
         <input_file_ref idref="fl-e"/>
      </object_component>
      <object_component id="oc-461">
         <name>.debug_info</name>
         <load_address>0x607e</load_address>
         <run_address>0x607e</run_address>
         <size>0xc5</size>
         <input_file_ref idref="fl-f"/>
      </object_component>
      <object_component id="oc-3c1">
         <name>.debug_info</name>
         <load_address>0x6143</load_address>
         <run_address>0x6143</run_address>
         <size>0xd7</size>
         <input_file_ref idref="fl-f"/>
      </object_component>
      <object_component id="oc-376">
         <name>.debug_info</name>
         <load_address>0x621a</load_address>
         <run_address>0x621a</run_address>
         <size>0x689</size>
         <input_file_ref idref="fl-10"/>
      </object_component>
      <object_component id="oc-2e3">
         <name>.debug_info</name>
         <load_address>0x68a3</load_address>
         <run_address>0x68a3</run_address>
         <size>0xb0f</size>
         <input_file_ref idref="fl-10"/>
      </object_component>
      <object_component id="oc-370">
         <name>.debug_info</name>
         <load_address>0x73b2</load_address>
         <run_address>0x73b2</run_address>
         <size>0x306</size>
         <input_file_ref idref="fl-11"/>
      </object_component>
      <object_component id="oc-2dc">
         <name>.debug_info</name>
         <load_address>0x76b8</load_address>
         <run_address>0x76b8</run_address>
         <size>0x7e2</size>
         <input_file_ref idref="fl-11"/>
      </object_component>
      <object_component id="oc-437">
         <name>.debug_info</name>
         <load_address>0x7e9a</load_address>
         <run_address>0x7e9a</run_address>
         <size>0x2f9</size>
         <input_file_ref idref="fl-12"/>
      </object_component>
      <object_component id="oc-36d">
         <name>.debug_info</name>
         <load_address>0x8193</load_address>
         <run_address>0x8193</run_address>
         <size>0x1926</size>
         <input_file_ref idref="fl-12"/>
      </object_component>
      <object_component id="oc-380">
         <name>.debug_info</name>
         <load_address>0x9ab9</load_address>
         <run_address>0x9ab9</run_address>
         <size>0x201</size>
         <input_file_ref idref="fl-13"/>
      </object_component>
      <object_component id="oc-27">
         <name>.debug_info</name>
         <load_address>0x9cba</load_address>
         <run_address>0x9cba</run_address>
         <size>0x161</size>
         <input_file_ref idref="fl-ce"/>
      </object_component>
      <object_component id="oc-42">
         <name>.debug_info</name>
         <load_address>0x9e1b</load_address>
         <run_address>0x9e1b</run_address>
         <size>0x141</size>
         <input_file_ref idref="fl-cf"/>
      </object_component>
      <object_component id="oc-14">
         <name>.debug_info</name>
         <load_address>0x9f5c</load_address>
         <run_address>0x9f5c</run_address>
         <size>0x1e0</size>
         <input_file_ref idref="fl-cf"/>
      </object_component>
      <object_component id="oc-3d">
         <name>.debug_info</name>
         <load_address>0xa13c</load_address>
         <run_address>0xa13c</run_address>
         <size>0x46</size>
         <input_file_ref idref="fl-cf"/>
      </object_component>
      <object_component id="oc-8b">
         <name>.debug_info</name>
         <load_address>0xa182</load_address>
         <run_address>0xa182</run_address>
         <size>0x2c</size>
         <input_file_ref idref="fl-cf"/>
      </object_component>
      <object_component id="oc-4a">
         <name>.debug_info</name>
         <load_address>0xa1ae</load_address>
         <run_address>0xa1ae</run_address>
         <size>0x135</size>
         <input_file_ref idref="fl-d0"/>
      </object_component>
      <object_component id="oc-44">
         <name>.debug_info</name>
         <load_address>0xa2e3</load_address>
         <run_address>0xa2e3</run_address>
         <size>0x248</size>
         <input_file_ref idref="fl-d0"/>
      </object_component>
      <object_component id="oc-19">
         <name>.debug_info</name>
         <load_address>0xa52b</load_address>
         <run_address>0xa52b</run_address>
         <size>0x1b2</size>
         <input_file_ref idref="fl-d0"/>
      </object_component>
      <object_component id="oc-4b">
         <name>.debug_info</name>
         <load_address>0xa6dd</load_address>
         <run_address>0xa6dd</run_address>
         <size>0x39</size>
         <input_file_ref idref="fl-d0"/>
      </object_component>
      <object_component id="oc-9a">
         <name>.debug_info</name>
         <load_address>0xa716</load_address>
         <run_address>0xa716</run_address>
         <size>0x2c</size>
         <input_file_ref idref="fl-d0"/>
      </object_component>
      <object_component id="oc-c1">
         <name>.debug_info</name>
         <load_address>0xa742</load_address>
         <run_address>0xa742</run_address>
         <size>0x235</size>
         <input_file_ref idref="fl-d2"/>
      </object_component>
      <object_component id="oc-bb">
         <name>.debug_info</name>
         <load_address>0xa977</load_address>
         <run_address>0xa977</run_address>
         <size>0x186</size>
         <input_file_ref idref="fl-d2"/>
      </object_component>
      <object_component id="oc-75">
         <name>.debug_info</name>
         <load_address>0xaafd</load_address>
         <run_address>0xaafd</run_address>
         <size>0x215</size>
         <input_file_ref idref="fl-d2"/>
      </object_component>
      <object_component id="oc-1d3">
         <name>.debug_info</name>
         <load_address>0xad12</load_address>
         <run_address>0xad12</run_address>
         <size>0x145</size>
         <input_file_ref idref="fl-d3"/>
      </object_component>
      <object_component id="oc-25a">
         <name>.debug_info</name>
         <load_address>0xae57</load_address>
         <run_address>0xae57</run_address>
         <size>0x133</size>
         <input_file_ref idref="fl-d4"/>
      </object_component>
      <object_component id="oc-255">
         <name>.debug_info</name>
         <load_address>0xaf8a</load_address>
         <run_address>0xaf8a</run_address>
         <size>0x133</size>
         <input_file_ref idref="fl-d5"/>
      </object_component>
      <object_component id="oc-25f">
         <name>.debug_info</name>
         <load_address>0xb0bd</load_address>
         <run_address>0xb0bd</run_address>
         <size>0x137</size>
         <input_file_ref idref="fl-d6"/>
      </object_component>
      <object_component id="oc-1d9">
         <name>.debug_info</name>
         <load_address>0xb1f4</load_address>
         <run_address>0xb1f4</run_address>
         <size>0x132</size>
         <input_file_ref idref="fl-d7"/>
      </object_component>
      <object_component id="oc-1ce">
         <name>.debug_info</name>
         <load_address>0xb326</load_address>
         <run_address>0xb326</run_address>
         <size>0x125</size>
         <input_file_ref idref="fl-d8"/>
      </object_component>
      <object_component id="oc-252">
         <name>.debug_info</name>
         <load_address>0xb44b</load_address>
         <run_address>0xb44b</run_address>
         <size>0x125</size>
         <input_file_ref idref="fl-d9"/>
      </object_component>
      <object_component id="oc-38">
         <name>.debug_info</name>
         <load_address>0xb570</load_address>
         <run_address>0xb570</run_address>
         <size>0x112</size>
         <input_file_ref idref="fl-da"/>
      </object_component>
      <object_component id="oc-80">
         <name>.debug_info</name>
         <load_address>0xb682</load_address>
         <run_address>0xb682</run_address>
         <size>0x223</size>
         <input_file_ref idref="fl-db"/>
      </object_component>
      <object_component id="oc-2c">
         <name>.debug_info</name>
         <load_address>0xb8a5</load_address>
         <run_address>0xb8a5</run_address>
         <size>0x102</size>
         <input_file_ref idref="fl-db"/>
      </object_component>
      <object_component id="oc-419">
         <name>.debug_info</name>
         <load_address>0xb9a7</load_address>
         <run_address>0xb9a7</run_address>
         <size>0x14d</size>
         <input_file_ref idref="fl-db"/>
      </object_component>
      <object_component id="oc-2fa">
         <name>.debug_info</name>
         <load_address>0xbaf4</load_address>
         <run_address>0xbaf4</run_address>
         <size>0x88c</size>
         <input_file_ref idref="fl-db"/>
      </object_component>
      <object_component id="oc-c7">
         <name>.debug_info</name>
         <load_address>0xc380</load_address>
         <run_address>0xc380</run_address>
         <size>0x2c</size>
         <input_file_ref idref="fl-db"/>
      </object_component>
      <object_component id="oc-cc">
         <name>.debug_info</name>
         <load_address>0xc3ac</load_address>
         <run_address>0xc3ac</run_address>
         <size>0x62</size>
         <input_file_ref idref="fl-db"/>
      </object_component>
      <object_component id="oc-52">
         <name>.debug_info</name>
         <load_address>0xc40e</load_address>
         <run_address>0xc40e</run_address>
         <size>0x140</size>
         <input_file_ref idref="fl-dc"/>
      </object_component>
      <object_component id="oc-5f">
         <name>.debug_info</name>
         <load_address>0xc54e</load_address>
         <run_address>0xc54e</run_address>
         <size>0x139</size>
         <input_file_ref idref="fl-dd"/>
      </object_component>
      <object_component id="oc-63">
         <name>.debug_info</name>
         <load_address>0xc687</load_address>
         <run_address>0xc687</run_address>
         <size>0x149</size>
         <input_file_ref idref="fl-de"/>
      </object_component>
      <object_component id="oc-2f3">
         <name>.debug_info</name>
         <load_address>0xc7d0</load_address>
         <run_address>0xc7d0</run_address>
         <size>0x1bc</size>
         <input_file_ref idref="fl-df"/>
      </object_component>
      <object_component id="oc-1e0">
         <name>.debug_info</name>
         <load_address>0xc98c</load_address>
         <run_address>0xc98c</run_address>
         <size>0x2e5</size>
         <input_file_ref idref="fl-df"/>
      </object_component>
      <object_component id="oc-40c">
         <name>.debug_info</name>
         <load_address>0xcc71</load_address>
         <run_address>0xcc71</run_address>
         <size>0x2c</size>
         <input_file_ref idref="fl-df"/>
      </object_component>
      <object_component id="oc-7b">
         <name>.debug_info</name>
         <load_address>0xcc9d</load_address>
         <run_address>0xcc9d</run_address>
         <size>0x10a</size>
         <input_file_ref idref="fl-e0"/>
      </object_component>
      <object_component id="oc-2c6">
         <name>.debug_info</name>
         <load_address>0xcda7</load_address>
         <run_address>0xcda7</run_address>
         <size>0x13b</size>
[...]
      </symbol>
      <symbol id="sm-48d">
         <name>__TI_dtors_ptr</name>
         <value>0x20000e6c</value>
         <object_component_ref idref="oc-ba"/>
      </symbol>
      <symbol id="sm-48e">
         <name>__TI_cleanup_ptr</name>
         <value>0x20000e68</value>
         <object_component_ref idref="oc-ba"/>
      </symbol>
      <symbol id="sm-48f">
         <name>__TI_enable_exit_profile_output</name>
         <value>0x20000e70</value>
         <object_component_ref idref="oc-ba"/>
      </symbol>
      <symbol id="sm-4a6">
         <name>__aeabi_dsub</name>
         <value>0x3591</value>
         <object_component_ref idref="oc-1d2"/>
      </symbol>
      <symbol id="sm-4a7">
         <name>__aeabi_dadd</name>
         <value>0x359b</value>
         <object_component_ref idref="oc-1d2"/>
      </symbol>
      <symbol id="sm-4bb">
         <name>__aeabi_ddiv</name>
         <value>0x3dd9</value>
         <object_component_ref idref="oc-259"/>
      </symbol>
      <symbol id="sm-4c6">
         <name>__aeabi_dmul</name>
         <value>0x4151</value>
         <object_component_ref idref="oc-254"/>
      </symbol>
      <symbol id="sm-4d2">
         <name>__aeabi_d2f</name>
         <value>0x4801</value>
         <object_component_ref idref="oc-25e"/>
      </symbol>
      <symbol id="sm-4dc">
         <name>__aeabi_d2uiz</name>
         <value>0x4e71</value>
         <object_component_ref idref="oc-1d7"/>
      </symbol>
      <symbol id="sm-4e7">
         <name>__aeabi_f2d</name>
         <value>0x4fa9</value>
         <object_component_ref idref="oc-1cd"/>
      </symbol>
      <symbol id="sm-4f1">
         <name>__aeabi_i2d</name>
         <value>0x5077</value>
         <object_component_ref idref="oc-24f"/>
      </symbol>
      <symbol id="sm-50c">
         <name>memcpy</name>
         <value>0x44f5</value>
         <object_component_ref idref="oc-37"/>
      </symbol>
      <symbol id="sm-50d">
         <name>__aeabi_memcpy</name>
         <value>0x44f5</value>
         <object_component_ref idref="oc-37"/>
      </symbol>
      <symbol id="sm-50e">
         <name>__aeabi_memcpy8</name>
         <value>0x44f5</value>
         <object_component_ref idref="oc-37"/>
      </symbol>
      <symbol id="sm-50f">
         <name>__aeabi_memcpy4</name>
         <value>0x44f5</value>
         <object_component_ref idref="oc-37"/>
      </symbol>
      <symbol id="sm-583">
         <name>_sys_memory</name>
         <value>0x20000670</value>
         <object_component_ref idref="oc-2b"/>
      </symbol>
      <symbol id="sm-584">
         <name>free</name>
         <value>0x225f</value>
         <object_component_ref idref="oc-2f6"/>
      </symbol>
      <symbol id="sm-585">
         <name>realloc</name>
         <value>0x2321</value>
         <object_component_ref idref="oc-2f6"/>
      </symbol>
      <symbol id="sm-586">
         <name>memalign</name>
         <value>0x242d</value>
         <object_component_ref idref="oc-2f6"/>
      </symbol>
      <symbol id="sm-587">
         <name>calloc</name>
         <value>0x2511</value>
         <object_component_ref idref="oc-2f6"/>
      </symbol>
      <symbol id="sm-588">
         <name>malloc</name>
         <value>0x21f7</value>
         <object_component_ref idref="oc-2f6"/>
      </symbol>
      <symbol id="sm-589">
         <name>minit</name>
         <value>0x2169</value>
         <object_component_ref idref="oc-2f6"/>
      </symbol>
      <symbol id="sm-598">
         <name>__aeabi_memset</name>
         <value>0x4719</value>
         <object_component_ref idref="oc-50"/>
      </symbol>
      <symbol id="sm-599">
         <name>memset</name>
         <value>0x471f</value>
         <object_component_ref idref="oc-50"/>
      </symbol>
      <symbol id="sm-59a">
         <name>__aeabi_memset8</name>
         <value>0x4719</value>
         <object_component_ref idref="oc-50"/>
      </symbol>
      <symbol id="sm-59b">
         <name>__aeabi_memset4</name>
         <value>0x4719</value>
         <object_component_ref idref="oc-50"/>
      </symbol>
      <symbol id="sm-59c">
         <name>__aeabi_memclr8</name>
         <value>0x4717</value>
         <object_component_ref idref="oc-50"/>
      </symbol>
      <symbol id="sm-59d">
         <name>__aeabi_memclr4</name>
         <value>0x4717</value>
         <object_component_ref idref="oc-50"/>
      </symbol>
      <symbol id="sm-59e">
         <name>__aeabi_memclr</name>
         <value>0x4717</value>
         <object_component_ref idref="oc-50"/>
      </symbol>
      <symbol id="sm-5a8">
         <name>__mpu_init</name>
         <value>0x4e2b</value>
         <object_component_ref idref="oc-5c"/>
      </symbol>
      <symbol id="sm-5b2">
         <name>_system_pre_init</name>
         <value>0x53f9</value>
         <object_component_ref idref="oc-62"/>
      </symbol>
      <symbol id="sm-5cb">
         <name>sprintf</name>
         <value>0x4a05</value>
         <object_component_ref idref="oc-1dc"/>
      </symbol>
      <symbol id="sm-5d3">
         <name>main_func_sp</name>
         <value>0x20000e98</value>
         <object_component_ref idref="oc-7a"/>
      </symbol>
      <symbol id="sm-5e2">
         <name>__aeabi_uidivmod</name>
         <value>0x4ef5</value>
         <object_component_ref idref="oc-2c3"/>
      </symbol>
      <symbol id="sm-5e3">
         <name>__aeabi_uidiv</name>
         <value>0x4ef5</value>
         <object_component_ref idref="oc-2c3"/>
      </symbol>
      <symbol id="sm-5fc">
         <name>_nop</name>
         <value>0x525b</value>
         <object_component_ref idref="oc-12f"/>
      </symbol>
      <symbol id="sm-5fd">
         <name>_lock</name>
         <value>0x20000e80</value>
         <object_component_ref idref="oc-bd"/>
      </symbol>
      <symbol id="sm-5fe">
         <name>_unlock</name>
         <value>0x20000e84</value>
         <object_component_ref idref="oc-bd"/>
      </symbol>
      <symbol id="sm-5ff">
         <name>_register_lock</name>
         <value>0x5253</value>
         <object_component_ref idref="oc-12f"/>
      </symbol>
      <symbol id="sm-600">
         <name>_register_unlock</name>
         <value>0x524d</value>
         <object_component_ref idref="oc-12f"/>
      </symbol>
      <symbol id="sm-707">
         <name>__TI_printfi</name>
         <value>0x1077</value>
         <object_component_ref idref="oc-2ec"/>
      </symbol>
      <symbol id="sm-71b">
         <name>_args_main</name>
         <value>0x51cd</value>
         <object_component_ref idref="oc-6e"/>
      </symbol>
      <symbol id="sm-731">
         <name>atoi</name>
         <value>0x4cbd</value>
         <object_component_ref idref="oc-3ff"/>
      </symbol>
      <symbol id="sm-756">
         <name>__TI_auto_init</name>
         <value>0x4791</value>
         <object_component_ref idref="oc-68"/>
      </symbol>
      <symbol id="sm-770">
         <name>copy_in</name>
         <value>0x4d09</value>
         <object_component_ref idref="oc-a4"/>
      </symbol>
      <symbol id="sm-77b">
         <name>_ctypes_</name>
         <value>0x56fc</value>
         <object_component_ref idref="oc-480"/>
      </symbol>
      <symbol id="sm-79d">
         <name>__aeabi_cdcmpeq</name>
         <value>0x4591</value>
         <object_component_ref idref="oc-3d2"/>
      </symbol>
      <symbol id="sm-79e">
         <name>__aeabi_cdcmple</name>
         <value>0x4591</value>
         <object_component_ref idref="oc-3d2"/>
      </symbol>
      <symbol id="sm-79f">
         <name>__aeabi_cdrcmple</name>
         <value>0x4617</value>
         <object_component_ref idref="oc-3d7"/>
      </symbol>
      <symbol id="sm-7a9">
         <name>__aeabi_d2iz</name>
         <value>0x4d9d</value>
         <object_component_ref idref="oc-3dc"/>
      </symbol>
      <symbol id="sm-7b3">
         <name>__aeabi_idiv0</name>
         <value>0x3747</value>
         <object_component_ref idref="oc-358"/>
      </symbol>
      <symbol id="sm-7c2">
         <name>ltoa</name>
         <value>0x4b6f</value>
         <object_component_ref idref="oc-3e1"/>
      </symbol>
      <symbol id="sm-7d2">
         <name>memccpy</name>
         <value>0x5169</value>
         <object_component_ref idref="oc-3f9"/>
      </symbol>
      <symbol id="sm-7ed">
         <name>frexpl</name>
         <value>0x4941</value>
         <object_component_ref idref="oc-3e7"/>
      </symbol>
      <symbol id="sm-7ee">
         <name>frexp</name>
         <value>0x4941</value>
         <object_component_ref idref="oc-3e7"/>
      </symbol>
      <symbol id="sm-80b">
         <name>scalbn</name>
         <value>0x424d</value>
         <object_component_ref idref="oc-3ed"/>
      </symbol>
      <symbol id="sm-80c">
         <name>scalbnl</name>
         <value>0x424d</value>
         <object_component_ref idref="oc-3ed"/>
      </symbol>
      <symbol id="sm-80d">
         <name>ldexpl</name>
         <value>0x424d</value>
         <object_component_ref idref="oc-3ed"/>
      </symbol>
      <symbol id="sm-80e">
         <name>ldexp</name>
         <value>0x424d</value>
         <object_component_ref idref="oc-3ed"/>
      </symbol>
      <symbol id="sm-818">
         <name>_system_post_cinit</name>
         <value>0x51fb</value>
         <object_component_ref idref="oc-aa"/>
      </symbol>
      <symbol id="sm-828">
         <name>strchr</name>
         <value>0x51e5</value>
         <object_component_ref idref="oc-3f3"/>
      </symbol>
      <symbol id="sm-836">
         <name>strlen</name>
         <value>0x5275</value>
         <object_component_ref idref="oc-3cc"/>
      </symbol>
      <symbol id="sm-852">
         <name>__aeabi_uldivmod</name>
         <value>0x3015</value>
         <object_component_ref idref="oc-3c7"/>
      </symbol>
      <symbol id="sm-85a">
         <name>errno</name>
         <value>0x20000e94</value>
         <object_component_ref idref="oc-477"/>
      </symbol>
      <symbol id="sm-864">
         <name>copysign</name>
         <value>0x5261</value>
         <object_component_ref idref="oc-471"/>
      </symbol>
      <symbol id="sm-865">
         <name>copysignl</name>
         <value>0x5261</value>
         <object_component_ref idref="oc-471"/>
      </symbol>
      <symbol id="sm-8ad">
         <name>ADCProcessorTrigger</name>
         <value>0x5185</value>
         <object_component_ref idref="oc-1ea"/>
      </symbol>
      <symbol id="sm-8ae">
         <name>ADCSequenceEnable</name>
         <value>0x5325</value>
         <object_component_ref idref="oc-184"/>
      </symbol>
      <symbol id="sm-8af">
         <name>ADCSequenceConfigure</name>
         <value>0x4ac1</value>
         <object_component_ref idref="oc-178"/>
      </symbol>
      <symbol id="sm-8b0">
         <name>ADCSequenceStepConfigure</name>
         <value>0x469d</value>
         <object_component_ref idref="oc-17e"/>
      </symbol>
      <symbol id="sm-8b1">
         <name>ADCIntClear</name>
         <value>0x538b</value>
         <object_component_ref idref="oc-18a"/>
      </symbol>
      <symbol id="sm-8b2">
         <name>ADCIntStatus</name>
         <value>0x5049</value>
         <object_component_ref idref="oc-1f0"/>
      </symbol>
      <symbol id="sm-8b3">
         <name>ADCSequenceDataGet</name>
         <value>0x5111</value>
         <object_component_ref idref="oc-1f6"/>
      </symbol>
      <symbol id="sm-95c">
         <name>GPIOPinTypePWM</name>
         <value>0x52ad</value>
         <object_component_ref idref="oc-206"/>
      </symbol>
      <symbol id="sm-95d">
         <name>GPIOIntRegister</name>
         <value>0x519d</value>
         <object_component_ref idref="oc-154"/>
      </symbol>
      <symbol id="sm-95e">
         <name>GPIOPinConfigure</name>
         <value>0x4d55</value>
         <object_component_ref idref="oc-190"/>
      </symbol>
      <symbol id="sm-95f">
         <name>GPIOIntEnable</name>
         <value>0x535b</value>
         <object_component_ref idref="oc-166"/>
      </symbol>
      <symbol id="sm-960">
         <name>GPIOIntTypeSet</name>
         <value>0x4b19</value>
         <object_component_ref idref="oc-160"/>
      </symbol>
      <symbol id="sm-961">
         <name>GPIOPinTypeADC</name>
         <value>0x5289</value>
         <object_component_ref idref="oc-172"/>
      </symbol>
      <symbol id="sm-962">
         <name>GPIOPinTypeGPIOInput</name>
         <value>0x529b</value>
         <object_component_ref idref="oc-104"/>
      </symbol>
      <symbol id="sm-963">
         <name>GPIOIntClear</name>
         <value>0x53cf</value>
         <object_component_ref idref="oc-249"/>
      </symbol>
      <symbol id="sm-964">
         <name>GPIOPinTypeUART</name>
         <value>0x52d1</value>
         <object_component_ref idref="oc-19c"/>
      </symbol>
      <symbol id="sm-965">
         <name>GPIOPinTypeGPIOOutput</name>
         <value>0x51b5</value>
         <object_component_ref idref="oc-3a2"/>
      </symbol>
      <symbol id="sm-966">
         <name>GPIOPinRead</name>
         <value>0x53d5</value>
         <object_component_ref idref="oc-10a"/>
      </symbol>
      <symbol id="sm-967">
         <name>GPIODirModeSet</name>
         <value>0x50a5</value>
         <object_component_ref idref="oc-240"/>
      </symbol>
      <symbol id="sm-968">
         <name>GPIOPinWrite</name>
         <value>0x53db</value>
         <object_component_ref idref="oc-39c"/>
      </symbol>
      <symbol id="sm-969">
         <name>GPIOPadConfigSet</name>
         <value>0x3f0f</value>
         <object_component_ref idref="oc-15a"/>
      </symbol>
      <symbol id="sm-96a">
         <name>GPIOPinTypeSSI</name>
         <value>0x52bf</value>
         <object_component_ref idref="oc-384"/>
      </symbol>
      <symbol id="sm-9ac">
         <name>IntEnable</name>
         <value>0x48d9</value>
         <object_component_ref idref="oc-283"/>
      </symbol>
      <symbol id="sm-9ad">
         <name>IntRegister</name>
         <value>0x4fe1</value>
         <object_component_ref idref="oc-27d"/>
      </symbol>
      <symbol id="sm-9ae">
         <name>g_pfnRAMVectors</name>
         <value>0x20000000</value>
         <object_component_ref idref="oc-338"/>
      </symbol>
      <symbol id="sm-9af">
         <name>IntMasterEnable</name>
         <value>0x52f5</value>
         <object_component_ref idref="oc-fe"/>
      </symbol>
      <symbol id="sm-9dc">
         <name>PWMGenPeriodSet</name>
         <value>0x5305</value>
         <object_component_ref idref="oc-212"/>
      </symbol>
      <symbol id="sm-9dd">
         <name>PWMPulseWidthSet</name>
         <value>0x512f</value>
         <object_component_ref idref="oc-218"/>
      </symbol>
      <symbol id="sm-9de">
         <name>PWMOutputState</name>
         <value>0x52e3</value>
         <object_component_ref idref="oc-224"/>
      </symbol>
      <symbol id="sm-9df">
         <name>PWMGenEnable</name>
         <value>0x5367</value>
         <object_component_ref idref="oc-21e"/>
      </symbol>
      <symbol id="sm-9e0">
         <name>PWMGenConfigure</name>
         <value>0x50cf</value>
         <object_component_ref idref="oc-20c"/>
      </symbol>
      <symbol id="sm-a18">
         <name>SSIDataPut</name>
         <value>0x5395</value>
         <object_component_ref idref="oc-3ae"/>
      </symbol>
      <symbol id="sm-a19">
         <name>SSIDataGet</name>
         <value>0x5373</value>
         <object_component_ref idref="oc-3b4"/>
      </symbol>
      <symbol id="sm-a1a">
         <name>SSIConfigSetExpClk</name>
         <value>0x4f35</value>
         <object_component_ref idref="oc-390"/>
      </symbol>
      <symbol id="sm-a1b">
         <name>SSIEnable</name>
         <value>0x539f</value>
         <object_component_ref idref="oc-396"/>
      </symbol>
      <symbol id="sm-a1c">
         <name>SSIClockSourceSet</name>
         <value>0x53e1</value>
         <object_component_ref idref="oc-38a"/>
      </symbol>
      <symbol id="sm-a1d">
         <name>SSIBusy</name>
         <value>0x53c7</value>
         <object_component_ref idref="oc-3a8"/>
      </symbol>
      <symbol id="sm-a90">
         <name>SysCtlPeripheralPresent</name>
         <value>0x4f71</value>
         <object_component_ref idref="oc-29c"/>
      </symbol>
      <symbol id="sm-a91">
         <name>SysCtlClockSet</name>
         <value>0x4349</value>
         <object_component_ref idref="oc-142"/>
      </symbol>
      <symbol id="sm-a92">
         <name>SysCtlDelay</name>
         <value>0x53e7</value>
         <object_component_ref idref="oc-272"/>
      </symbol>
      <symbol id="sm-a93">
         <name>SysCtlPeripheralEnable</name>
         <value>0x5015</value>
         <object_component_ref idref="oc-14e"/>
      </symbol>
      <symbol id="sm-a94">
         <name>SysCtlClockGet</name>
         <value>0x4041</value>
         <object_component_ref idref="oc-1a8"/>
      </symbol>
      <symbol id="sm-a95">
         <name>SysCtlPWMClockSet</name>
         <value>0x51fd</value>
         <object_component_ref idref="oc-16c"/>
      </symbol>
      <symbol id="sm-a96">
         <name>SysCtlPeripheralReset</name>
         <value>0x4c6d</value>
         <object_component_ref idref="oc-148"/>
      </symbol>
      <symbol id="sm-ac3">
         <name>SysTickEnable</name>
         <value>0x5211</value>
         <object_component_ref idref="oc-1c0"/>
      </symbol>
      <symbol id="sm-ac4">
         <name>SysTickIntRegister</name>
         <value>0x514d</value>
         <object_component_ref idref="oc-1b4"/>
      </symbol>
      <symbol id="sm-ac5">
         <name>SysTickIntEnable</name>
         <value>0x5225</value>
         <object_component_ref idref="oc-1ba"/>
      </symbol>
      <symbol id="sm-ac6">
         <name>SysTickPeriodSet</name>
         <value>0x5315</value>
         <object_component_ref idref="oc-1ae"/>
      </symbol>
      <symbol id="sm-aea">
         <name>TimerEnable</name>
         <value>0x5333</value>
         <object_component_ref idref="oc-445"/>
      </symbol>
      <symbol id="sm-aeb">
         <name>TimerValueGet</name>
         <value>0x53a9</value>
         <object_component_ref idref="oc-44b"/>
      </symbol>
      <symbol id="sm-aec">
         <name>TimerConfigure</name>
         <value>0x49a5</value>
         <object_component_ref idref="oc-43f"/>
      </symbol>
      <symbol id="sm-b27">
         <name>UARTConfigSetExpClk</name>
         <value>0x4de5</value>
         <object_component_ref idref="oc-2a2"/>
      </symbol>
      <symbol id="sm-b28">
         <name>UARTDisable</name>
         <value>0x50f1</value>
         <object_component_ref idref="oc-348"/>
      </symbol>
      <symbol id="sm-b29">
         <name>UARTClockSourceSet</name>
         <value>0x53ed</value>
         <object_component_ref idref="oc-196"/>
      </symbol>
      <symbol id="sm-b2a">
         <name>UARTCharPut</name>
         <value>0x53bd</value>
         <object_component_ref idref="oc-2ae"/>
      </symbol>
      <symbol id="sm-b2b">
         <name>UARTEnable</name>
         <value>0x5239</value>
         <object_component_ref idref="oc-2a8"/>
      </symbol>
      <symbol id="sm-b2c">
         <name>UARTCharGet</name>
         <value>0x53b3</value>
         <object_component_ref idref="oc-2b4"/>
      </symbol>
      <symbol id="sm-b36">
         <name>CPUcpsie</name>
         <value>0x534f</value>
         <object_component_ref idref="oc-239"/>
      </symbol>
      <symbol id="sm-b37">
         <name>__TI_static_base__</name>
         <value>0x0</value>
      </symbol>
      <symbol id="sm-b3a">
         <name>SHT$$INIT_ARRAY$$Limit</name>
         <value>0x0</value>
      </symbol>
      <symbol id="sm-b3b">
         <name>SHT$$INIT_ARRAY$$Base</name>
         <value>0x0</value>
      </symbol>
   </symbol_table>
   <title>Link successful</title>
</link_info>
