******************************************************************************
                  TI ARM Linker PC v15.12.3                    
******************************************************************************
>> Linked Tue May 09 10:09:17 2017

OUTPUT FILE NAME:   <Milestone_2.out>
ENTRY POINT SYMBOL: "_c_int00"  address: 00003b0d


MEMORY CONFIGURATION

         name            origin    length      used     unused   attr    fill
----------------------  --------  ---------  --------  --------  ----  --------
  FLASH                 00000000   00040000  000047e8  0003b818  R  X
  SRAM                  20000000   00008000  00000df1  0000720f  RW X


SEGMENT ALLOCATION MAP

run origin  load origin   length   init length attrs members
----------  ----------- ---------- ----------- ----- -------
00000000    00000000    000047ec   000047ec    r-x
  00000000    00000000    0000026c   0000026c    r-- .intvecs
  0000026c    0000026c    00003de8   00003de8    r-x .text
  00004054    00004054    00000730   00000730    r-- .const
  00004788    00004788    00000064   00000064    r-- .cinit
20000000    20000000    00000df8   00000000    rw-
  20000000    20000000    0000026c   00000000    rw- .vtable
  2000026c    2000026c    00000400   00000000    rw- .stack
  20000670    20000670    00000400   00000000    rw- .sysmem
  20000a70    20000a70    00000355   00000000    rw- .bss
  20000dc8    20000dc8    00000030   00000000    rw- .data


SECTION ALLOCATION MAP

 output                                  attributes/
section   page    origin      length       input sections
--------  ----  ----------  ----------   ----------------
.intvecs   0    00000000    0000026c     
                  00000000    0000026c     tm4c123gh6pm_startup_ccs.obj (.intvecs)

.text      0    0000026c    00003de8     
                  0000026c    00001110     rtsv7M4_T_le_v4SPD16_eabi.lib : _printfi.obj (.text)
                  0000137c    00000950     OrbitOledGrph.obj (.text)
                  00001ccc    000003dc     rtsv7M4_T_le_v4SPD16_eabi.lib : memory.obj (.text)
                  000020a8    0000037c     OrbitOled.obj (.text)
                  00002424    00000330     Milestone2.obj (.text)
                  00002754    00000204     OrbitOledChar.obj (.text)
                  00002958    000001f4     rtsv7M4_T_le_v4SPD16_eabi.lib : ull_div_t2.obj (.text)
                  00002b4c    000001b6                                   : fd_add_t2.obj (.text)
                  00002d02    00000136                                   : fd_div_t2.obj (.text)
                  00002e38    00000132     driverlib.lib : gpio.obj (.text:GPIOPadConfigSet)
                  00002f6a    00000002     rtsv7M4_T_le_v4SPD16_eabi.lib : mpu_init.obj (.text)
                  00002f6c    00000110     driverlib.lib : sysctl.obj (.text:SysCtlClockGet)
                  0000307c    000000fc     rtsv7M4_T_le_v4SPD16_eabi.lib : fd_mul_t2.obj (.text)
                  00003178    000000fc                                   : s_scalbn.obj (.text)
                  00003274    000000f4     driverlib.lib : sysctl.obj (.text:SysCtlClockSet)
                  00003368    000000b8     circBufT.obj (.text)
                  00003420    0000009c     rtsv7M4_T_le_v4SPD16_eabi.lib : memcpy_t2.obj (.text)
                  000034bc    00000088     draw_display.obj (.text)
                  00003544    00000086     rtsv7M4_T_le_v4SPD16_eabi.lib : fd_cmp_t2.obj (.text:__aeabi_cdcmple)
                  000035ca    00000086                                   : fd_cmp_t2.obj (.text:__aeabi_cdrcmple)
                  00003650    0000007a     driverlib.lib : adc.obj (.text:ADCSequenceStepConfigure)
                  000036ca    0000007a     rtsv7M4_T_le_v4SPD16_eabi.lib : memset_t2.obj (.text)
                  00003744    00000070                                   : autoinit.obj (.text)
                  000037b4    0000006a                                   : copy_decompress_rle.obj (.text)
                  0000381e    00000002                                   : startup.obj (.text)
                  00003820    00000068     driverlib.lib : interrupt.obj (.text:IntEnable)
                  00003888    00000064     rtsv7M4_T_le_v4SPD16_eabi.lib : s_frexp.obj (.text)
                  000038ec    00000060     driverlib.lib : timer.obj (.text:TimerConfigure)
                  0000394c    00000060     rtsv7M4_T_le_v4SPD16_eabi.lib : sprintf.obj (.text)
                  000039ac    0000005c     delay.obj (.text)
                  00003a08    00000058     driverlib.lib : adc.obj (.text:ADCSequenceConfigure)
                  00003a60    00000056                   : gpio.obj (.text:GPIOIntTypeSet)
                  00003ab6    00000056     rtsv7M4_T_le_v4SPD16_eabi.lib : ltoa.obj (.text)
                  00003b0c    00000054                                   : boot.obj (.text)
                  00003b60    00000054                                   : exit.obj (.text)
                  00003bb4    0000004c                                   : atoi.obj (.text)
                  00003c00    0000004c                                   : cpy_tbl.obj (.text)
                  00003c4c    00000048     driverlib.lib : gpio.obj (.text:GPIOPinConfigure)
                  00003c94    00000048     rtsv7M4_T_le_v4SPD16_eabi.lib : fd_toi_t2.obj (.text)
                  00003cdc    00000044     OrbitOLEDInterface.obj (.text)
                  00003d20    00000040     driverlib.lib : gpio.obj (.text:_GPIOIntNumberGet)
                  00003d60    0000003c                   : ssi.obj (.text:SSIConfigSetExpClk)
                  00003d9c    00000034                   : interrupt.obj (.text:IntRegister)
                  00003dd0    00000034                   : sysctl.obj (.text:SysCtlPeripheralEnable)
                  00003e04    0000002e                   : adc.obj (.text:ADCIntStatus)
                  00003e32    0000002e     rtsv7M4_T_le_v4SPD16_eabi.lib : i_tofd_t2.obj (.text)
                  00003e60    0000002a     driverlib.lib : gpio.obj (.text:GPIODirModeSet)
                  00003e8a    0000001e                   : adc.obj (.text:ADCSequenceDataGet)
                  00003ea8    0000001c     rtsv7M4_T_le_v4SPD16_eabi.lib : memccpy.obj (.text)
                  00003ec4    00000018     driverlib.lib : adc.obj (.text:ADCProcessorTrigger)
                  00003edc    00000018                   : gpio.obj (.text:GPIOIntRegister)
                  00003ef4    00000018                   : gpio.obj (.text:GPIOPinTypeGPIOOutput)
                  00003f0c    00000018     rtsv7M4_T_le_v4SPD16_eabi.lib : args_main.obj (.text)
                  00003f24    00000016                                   : strchr.obj (.text)
                  00003f3a    00000002     --HOLE-- [fill = 0]
                  00003f3c    00000014                                   : _lock.obj (.text)
                  00003f50    00000014                                   : s_copysign.obj (.text)
                  00003f64    00000014                                   : strlen.obj (.text)
                  00003f78    00000012     driverlib.lib : gpio.obj (.text:GPIOPinTypeADC)
                  00003f8a    00000012                   : gpio.obj (.text:GPIOPinTypeGPIOInput)
                  00003f9c    00000012                   : gpio.obj (.text:GPIOPinTypeSSI)
                  00003fae    0000000e                   : adc.obj (.text:ADCSequenceEnable)
                  00003fbc    0000000e                   : timer.obj (.text:TimerEnable)
                  00003fca    0000000e     rtsv7M4_T_le_v4SPD16_eabi.lib : copy_decompress_none.obj (.text:decompress:none)
                  00003fd8    0000000c     driverlib.lib : gpio.obj (.text:GPIOIntEnable)
                  00003fe4    0000000c                   : ssi.obj (.text:SSIDataGet)
                  00003ff0    0000000c     tm4c123gh6pm_startup_ccs.obj (.text)
                  00003ffc    0000000a     driverlib.lib : adc.obj (.text:ADCIntClear)
                  00004006    0000000a                   : ssi.obj (.text:SSIDataPut)
                  00004010    0000000a                   : ssi.obj (.text:SSIEnable)
                  0000401a    0000000a                   : timer.obj (.text:TimerValueGet)
                  00004024    00000008                   : ssi.obj (.text:SSIBusy)
                  0000402c    00000006                   : gpio.obj (.text:GPIOIntClear)
                  00004032    00000006                   : gpio.obj (.text:GPIOPinRead)
                  00004038    00000006                   : gpio.obj (.text:GPIOPinWrite)
                  0000403e    00000006                   : ssi.obj (.text:SSIClockSourceSet)
                  00004044    00000006                   : sysctl.obj (.text:SysCtlDelay)
                  0000404a    00000006     rtsv7M4_T_le_v4SPD16_eabi.lib : copy_decompress_rle.obj (.text:decompress:rle24)
                  00004050    00000004                                   : pre_init.obj (.text)

.const     0    00004054    00000730     
                  00004054    00000300     ChrFont0.obj (.const:.string:rgbOledFont0)
                  00004354    00000101     rtsv7M4_T_le_v4SPD16_eabi.lib : ctype.obj (.const:.string:_ctypes_)
                  00004455    00000003     --HOLE-- [fill = 0]
                  00004458    000000c0     driverlib.lib : gpio.obj (.const:g_ppui32GPIOIntMapBlizzard)
                  00004518    000000c0                   : gpio.obj (.const:g_ppui32GPIOIntMapSnowflake)
                  000045d8    00000090                   : gpio.obj (.const:g_pui32GPIOBaseAddrs)
                  00004668    00000070                   : interrupt.obj (.const)
                  000046d8    0000006c                   : sysctl.obj (.const:g_pui32Xtals)
                  00004744    00000040     FillPat.obj (.const:.string:rgbFillPat)

.cinit     0    00004788    00000064     
                  00004788    00000027     (.cinit..data.load) [load image, compression = rle]
                  000047af    00000001     --HOLE-- [fill = 0]
                  000047b0    0000000b     (.cinit..bss.load) [load image, compression = rle]
                  000047bb    00000005     --HOLE-- [fill = 0]
                  000047c0    0000000b     (.cinit..vtable.load) [load image, compression = rle]
                  000047cb    00000001     --HOLE-- [fill = 0]
                  000047cc    00000008     (__TI_handler_table)
                  000047d4    00000018     (__TI_cinit_table)

.init_array 
*          0    00000000    00000000     UNINITIALIZED

.vtable    0    20000000    0000026c     UNINITIALIZED
                  20000000    0000026c     driverlib.lib : interrupt.obj (.vtable)

.stack     0    2000026c    00000400     UNINITIALIZED
                  2000026c    00000400     --HOLE--

.sysmem    0    20000670    00000400     UNINITIALIZED
                  20000670    00000008     rtsv7M4_T_le_v4SPD16_eabi.lib : memory.obj (.sysmem)
                  20000678    000003f8     --HOLE--

.bss       0    20000a70    00000355     UNINITIALIZED
                  20000a70    00000200     (.common:rgbOledBmp)
                  20000c70    00000100     (.common:rgbOledFontUser)
                  20000d70    00000010     Milestone2.obj (.bss:g_inBuffer)
                  20000d80    00000004     Milestone2.obj (.bss)
                  20000d84    00000004     (.common:bnOledCur)
                  20000d88    00000004     (.common:dxcoOledFontCur)
                  20000d8c    00000004     (.common:dycoOledFontCur)
                  20000d90    00000004     (.common:fOledCharUpdate)
                  20000d94    00000004     (.common:modOledCur)
                  20000d98    00000004     (.common:pbOledCur)
                  20000d9c    00000004     (.common:pbOledFontCur)
                  20000da0    00000004     (.common:pbOledFontUser)
                  20000da4    00000004     (.common:pbOledPatCur)
                  20000da8    00000004     (.common:pfnDoRop)
                  20000dac    00000004     (.common:xchOledCur)
                  20000db0    00000004     (.common:xchOledMax)
                  20000db4    00000004     (.common:xcoOledCur)
                  20000db8    00000004     (.common:ychOledCur)
                  20000dbc    00000004     (.common:ychOledMax)
                  20000dc0    00000004     (.common:ycoOledCur)
                  20000dc4    00000001     (.common:clrOledCur)

.data      0    20000dc8    00000030     UNINITIALIZED
                  20000dc8    0000000c     rtsv7M4_T_le_v4SPD16_eabi.lib : exit.obj (.data:$O1$$)
                  20000dd4    0000000c                                   : memory.obj (.data:$O1$$)
                  20000de0    00000008                                   : _lock.obj (.data:$O1$$)
                  20000de8    00000006     Milestone2.obj (.data)
                  20000dee    00000002     --HOLE--
                  20000df0    00000004     rtsv7M4_T_le_v4SPD16_eabi.lib : errno.obj (.data)
                  20000df4    00000004                                   : stkdepth_vars.obj (.data)

MODULE SUMMARY

       Module                         code    ro data   rw data
       ------                         ----    -------   -------
    .\
       Milestone2.obj                 816     0         26     
       tm4c123gh6pm_startup_ccs.obj   12      620       0      
       circBufT.obj                   184     0         0      
       draw_display.obj               136     0         0      
       OrbitOLEDInterface.obj         68      0         0      
    +--+------------------------------+-------+---------+---------+
       Total:                         1216    620       26     
                                                               
    .\lib_OrbitOled\
       OrbitOledGrph.obj              2384    0         8      
       OrbitOled.obj                  892     0         553    
       OrbitOledChar.obj              516     0         272    
       ChrFont0.obj                   0       768       0      
       delay.obj                      92      0         0      
       FillPat.obj                    0       64        0      
    +--+------------------------------+-------+---------+---------+
       Total:                         3884    832       833    
                                                               
    C:/ti/TivaWare_C_Series-2.1.3.156/driverlib/ccs/Debug/driverlib.lib
       gpio.obj                       702     528       0      
       interrupt.obj                  156     112       620    
       sysctl.obj                     574     108       0      
       adc.obj                        334     0         0      
       timer.obj                      120     0         0      
       ssi.obj                        106     0         0      
    +--+------------------------------+-------+---------+---------+
       Total:                         1992    748       620    
                                                               
    C:\ti\ccsv6\tools\compiler\arm_15.12.3.LTS\lib\rtsv7M4_T_le_v4SPD16_eabi.lib
       _printfi.obj                   4368    0         0      
       memory.obj                     988     0         12     
       ull_div_t2.obj                 500     0         0      
       fd_add_t2.obj                  438     0         0      
       fd_div_t2.obj                  310     0         0      
       fd_cmp_t2.obj                  268     0         0      
       ctype.obj                      0       257       0      
       fd_mul_t2.obj                  252     0         0      
       s_scalbn.obj                   252     0         0      
       memcpy_t2.obj                  156     0         0      
       memset_t2.obj                  122     0         0      
       autoinit.obj                   112     0         0      
       copy_decompress_rle.obj        112     0         0      
       s_frexp.obj                    100     0         0      
       exit.obj                       84      0         12     
       sprintf.obj                    96      0         0      
       ltoa.obj                       86      0         0      
       boot.obj                       84      0         0      
       atoi.obj                       76      0         0      
       cpy_tbl.obj                    76      0         0      
       fd_toi_t2.obj                  72      0         0      
       i_tofd_t2.obj                  46      0         0      
       _lock.obj                      20      0         8      
       memccpy.obj                    28      0         0      
       args_main.obj                  24      0         0      
       strchr.obj                     22      0         0      
       s_copysign.obj                 20      0         0      
       strlen.obj                     20      0         0      
       copy_decompress_none.obj       14      0         0      
       errno.obj                      0       0         4      
       pre_init.obj                   4       0         0      
       stkdepth_vars.obj              0       0         4      
       mpu_init.obj                   2       0         0      
       startup.obj                    2       0         0      
    +--+------------------------------+-------+---------+---------+
       Total:                         8754    257       40     
                                                               
       Heap:                          0       0         1024   
       Stack:                         0       0         1024   
       Linker Generated:              0       93        0      
    +--+------------------------------+-------+---------+---------+
       Grand Total:                   15846   2550      3567   


LINKER GENERATED COPY TABLES

__TI_cinit_table @ 000047d4 records: 3, size/record: 8, table size: 24
	.data: load addr=00004788, load size=00000027 bytes, run addr=20000dc8, run size=00000030 bytes, compression=rle
	.bss: load addr=000047b0, load size=0000000b bytes, run addr=20000a70, run size=00000355 bytes, compression=rle
	.vtable: load addr=000047c0, load size=0000000b bytes, run addr=20000000, run size=0000026c bytes, compression=rle


LINKER GENERATED HANDLER TABLE

__TI_handler_table @ 000047cc records: 2, size/record: 4, table size: 8
	index: 0, handler: __TI_decompress_rle24
	index: 1, handler: __TI_decompress_none


GLOBAL SYMBOLS: SORTED ALPHABETICALLY BY Name 

address   name                           
-------   ----                           
00003ffd  ADCIntClear                    
00003e05  ADCIntStatus                   
00003ec5  ADCProcessorTrigger            
00003a09  ADCSequenceConfigure           
00003e8b  ADCSequenceDataGet             
00003faf  ADCSequenceEnable              
00003651  ADCSequenceStepConfigure       
00003b61  C$$EXIT                        
000039ad  DelayInit                      
000039c7  DelayMs                        
00003e61  GPIODirModeSet                 
0000402d  GPIOIntClear                   
00003fd9  GPIOIntEnable                  
00003edd  GPIOIntRegister                
00003a61  GPIOIntTypeSet                 
00002e39  GPIOPadConfigSet               
00003c4d  GPIOPinConfigure               
00004033  GPIOPinRead                    
00003f79  GPIOPinTypeADC                 
00003f8b  GPIOPinTypeGPIOInput           
00003ef5  GPIOPinTypeGPIOOutput          
00003f9d  GPIOPinTypeSSI                 
00004039  GPIOPinWrite                   
00003821  IntEnable                      
00003d9d  IntRegister                    
00002425  MyIntHandler                   
00003d03  OLEDInitialise                 
00003cdd  OLEDStringDraw                 
000028ed  OrbitOledAdvanceCursor         
00001c6b  OrbitOledClampXco              
00001c8b  OrbitOledClampYco              
00002285  OrbitOledClear                 
00002291  OrbitOledClearBuffer           
000027bd  OrbitOledDefUserChar           
00002201  OrbitOledDevInit               
00001aad  OrbitOledDrawChar              
00002875  OrbitOledDrawGlyph             
00001473  OrbitOledDrawPixel             
000015b9  OrbitOledDrawRect              
00001b0d  OrbitOledDrawString            
00002187  OrbitOledDvrInit               
0000163d  OrbitOledFillRect              
00001781  OrbitOledGetBmp                
00002825  OrbitOledGetCharUpdate         
000027a1  OrbitOledGetCursor             
0000146d  OrbitOledGetDrawMode           
0000149f  OrbitOledGetPixel              
000013c3  OrbitOledGetPos                
000013f7  OrbitOledGetStdPattern         
000020bd  OrbitOledHostInit              
000020a9  OrbitOledInit                  
000014b9  OrbitOledLineTo                
00001bff  OrbitOledMoveDown              
00001c39  OrbitOledMoveLeft              
00001c51  OrbitOledMoveRight             
0000137d  OrbitOledMoveTo                
00001bcd  OrbitOledMoveUp                
000018e1  OrbitOledPutBmp                
0000231b  OrbitOledPutBuffer             
0000282b  OrbitOledPutChar               
00002849  OrbitOledPutString             
00001b79  OrbitOledRopAnd                
00001b55  OrbitOledRopOr                 
00001b2b  OrbitOledRopSet                
00001b9d  OrbitOledRopXor                
0000280d  OrbitOledSetCharUpdate         
00002755  OrbitOledSetCursor             
000013df  OrbitOledSetDrawColor          
00001419  OrbitOledSetDrawMode           
00001409  OrbitOledSetFillPattern        
000022c1  OrbitOledUpdate                
00003ff1  ResetISR                       
UNDEFED   SHT$$INIT_ARRAY$$Base          
UNDEFED   SHT$$INIT_ARRAY$$Limit         
00004025  SSIBusy                        
0000403f  SSIClockSourceSet              
00003d61  SSIConfigSetExpClk             
00003fe5  SSIDataGet                     
00004007  SSIDataPut                     
00004011  SSIEnable                      
20000dea  STATE_1                        
20000deb  STATE_2                        
20000dec  STATE_3                        
20000ded  STATE_4                        
00002381  Ssi3PutByte                    
00002f6d  SysCtlClockGet                 
00003275  SysCtlClockSet                 
00004045  SysCtlDelay                    
00003dd1  SysCtlPeripheralEnable         
000038ed  TimerConfigure                 
00003fbd  TimerEnable                    
0000401b  TimerValueGet                  
2000066c  __STACK_END                    
00000400  __STACK_SIZE                   
2000046c  __STACK_TOP                    
00000400  __SYSMEM_SIZE                  
000047d4  __TI_CINIT_Base                
000047ec  __TI_CINIT_Limit               
000047cc  __TI_Handler_Table_Base        
000047d4  __TI_Handler_Table_Limit       
00003745  __TI_auto_init                 
20000dc8  __TI_cleanup_ptr               
00003fcb  __TI_decompress_none           
0000404b  __TI_decompress_rle24          
20000dcc  __TI_dtors_ptr                 
20000dd0  __TI_enable_exit_profile_output
ffffffff  __TI_pprof_out_hndl            
00001077  __TI_printfi                   
ffffffff  __TI_prof_data_size            
ffffffff  __TI_prof_data_start           
00000000  __TI_static_base__             
00003545  __aeabi_cdcmpeq                
00003545  __aeabi_cdcmple                
000035cb  __aeabi_cdrcmple               
00003c95  __aeabi_d2iz                   
00002b57  __aeabi_dadd                   
00002d03  __aeabi_ddiv                   
0000307d  __aeabi_dmul                   
00002b4d  __aeabi_dsub                   
00003e33  __aeabi_i2d                    
000036cb  __aeabi_memclr                 
000036cb  __aeabi_memclr4                
000036cb  __aeabi_memclr8                
00003421  __aeabi_memcpy                 
00003421  __aeabi_memcpy4                
00003421  __aeabi_memcpy8                
000036cd  __aeabi_memset                 
000036cd  __aeabi_memset4                
000036cd  __aeabi_memset8                
00002959  __aeabi_uldivmod               
ffffffff  __binit__                      
ffffffff  __c_args__                     
00002f6b  __mpu_init                     
2000026c  __stack                        
00003f0d  _args_main                     
00003b0d  _c_int00                       
00004354  _ctypes_                       
20000de0  _lock                          
00003f4b  _nop                           
00003f43  _register_lock                 
00003f3d  _register_unlock               
20000670  _sys_memory                    
0000381f  _system_post_cinit             
00004051  _system_pre_init               
20000de4  _unlock                        
00003b65  abort                          
00003bb5  atoi                           
ffffffff  binit                          
20000d84  bnOledCur                      
00002075  calloc                         
20000dc4  clrOledCur                     
00003c01  copy_in                        
00003f51  copysign                       
00003f51  copysignl                      
000034c5  displayVals                    
20000d88  dxcoOledFontCur                
20000d8c  dycoOledFontCur                
20000df0  errno                          
00003b6d  exit                           
20000d90  fOledCharUpdate                
00001dc3  free                           
000033fb  freeCircBuf                    
00003889  frexp                          
00003889  frexpl                         
20000000  g_pfnRAMVectors                
00000000  g_pfnVectors                   
00003369  initCircBuf                    
000034bd  initDisplay                    
00002525  initPins                       
00003179  ldexp                          
00003179  ldexpl                         
00003ab7  ltoa                           
000025c5  main                           
20000df4  main_func_sp                   
00001d5b  malloc                         
00001f91  memalign                       
00003ea9  memccpy                        
00003421  memcpy                         
000036d3  memset                         
00001ccd  minit                          
20000d94  modOledCur                     
20000d98  pbOledCur                      
20000d9c  pbOledFontCur                  
20000da0  pbOledFontUser                 
20000da4  pbOledPatCur                   
20000da8  pfnDoRop                       
000033c7  readCircBuf                    
00001e85  realloc                        
00004744  rgbFillPat                     
20000a70  rgbOledBmp                     
00004054  rgbOledFont0                   
20000c70  rgbOledFontUser                
00003179  scalbn                         
00003179  scalbnl                        
0000394d  sprintf                        
00003f25  strchr                         
00003f65  strlen                         
00003393  writeCircBuf                   
20000dac  xchOledCur                     
20000db0  xchOledMax                     
20000db4  xcoOledCur                     
20000db8  ychOledCur                     
20000dbc  ychOledMax                     
20000dc0  ycoOledCur                     


GLOBAL SYMBOLS: SORTED BY Symbol Address 

address   name                           
-------   ----                           
00000000  __TI_static_base__             
00000000  g_pfnVectors                   
00000400  __STACK_SIZE                   
00000400  __SYSMEM_SIZE                  
00001077  __TI_printfi                   
0000137d  OrbitOledMoveTo                
000013c3  OrbitOledGetPos                
000013df  OrbitOledSetDrawColor          
000013f7  OrbitOledGetStdPattern         
00001409  OrbitOledSetFillPattern        
00001419  OrbitOledSetDrawMode           
0000146d  OrbitOledGetDrawMode           
00001473  OrbitOledDrawPixel             
0000149f  OrbitOledGetPixel              
000014b9  OrbitOledLineTo                
000015b9  OrbitOledDrawRect              
0000163d  OrbitOledFillRect              
00001781  OrbitOledGetBmp                
000018e1  OrbitOledPutBmp                
00001aad  OrbitOledDrawChar              
00001b0d  OrbitOledDrawString            
00001b2b  OrbitOledRopSet                
00001b55  OrbitOledRopOr                 
00001b79  OrbitOledRopAnd                
00001b9d  OrbitOledRopXor                
00001bcd  OrbitOledMoveUp                
00001bff  OrbitOledMoveDown              
00001c39  OrbitOledMoveLeft              
00001c51  OrbitOledMoveRight             
00001c6b  OrbitOledClampXco              
00001c8b  OrbitOledClampYco              
00001ccd  minit                          
00001d5b  malloc                         
00001dc3  free                           
00001e85  realloc                        
00001f91  memalign                       
00002075  calloc                         
000020a9  OrbitOledInit                  
000020bd  OrbitOledHostInit              
00002187  OrbitOledDvrInit               
00002201  OrbitOledDevInit               
00002285  OrbitOledClear                 
00002291  OrbitOledClearBuffer           
000022c1  OrbitOledUpdate                
0000231b  OrbitOledPutBuffer             
00002381  Ssi3PutByte                    
00002425  MyIntHandler                   
00002525  initPins                       
000025c5  main                           
00002755  OrbitOledSetCursor             
000027a1  OrbitOledGetCursor             
000027bd  OrbitOledDefUserChar           
0000280d  OrbitOledSetCharUpdate         
00002825  OrbitOledGetCharUpdate         
0000282b  OrbitOledPutChar               
00002849  OrbitOledPutString             
00002875  OrbitOledDrawGlyph             
000028ed  OrbitOledAdvanceCursor         
00002959  __aeabi_uldivmod               
00002b4d  __aeabi_dsub                   
00002b57  __aeabi_dadd                   
00002d03  __aeabi_ddiv                   
00002e39  GPIOPadConfigSet               
00002f6b  __mpu_init                     
00002f6d  SysCtlClockGet                 
0000307d  __aeabi_dmul                   
00003179  ldexp                          
00003179  ldexpl                         
00003179  scalbn                         
00003179  scalbnl                        
00003275  SysCtlClockSet                 
00003369  initCircBuf                    
00003393  writeCircBuf                   
000033c7  readCircBuf                    
000033fb  freeCircBuf                    
00003421  __aeabi_memcpy                 
00003421  __aeabi_memcpy4                
00003421  __aeabi_memcpy8                
00003421  memcpy                         
000034bd  initDisplay                    
000034c5  displayVals                    
00003545  __aeabi_cdcmpeq                
00003545  __aeabi_cdcmple                
000035cb  __aeabi_cdrcmple               
00003651  ADCSequenceStepConfigure       
000036cb  __aeabi_memclr                 
000036cb  __aeabi_memclr4                
000036cb  __aeabi_memclr8                
000036cd  __aeabi_memset                 
000036cd  __aeabi_memset4                
000036cd  __aeabi_memset8                
000036d3  memset                         
00003745  __TI_auto_init                 
0000381f  _system_post_cinit             
00003821  IntEnable                      
00003889  frexp                          
00003889  frexpl                         
000038ed  TimerConfigure                 
0000394d  sprintf                        
000039ad  DelayInit                      
000039c7  DelayMs                        
00003a09  ADCSequenceConfigure           
00003a61  GPIOIntTypeSet                 
00003ab7  ltoa                           
00003b0d  _c_int00                       
00003b61  C$$EXIT                        
00003b65  abort                          
00003b6d  exit                           
00003bb5  atoi                           
00003c01  copy_in                        
00003c4d  GPIOPinConfigure               
00003c95  __aeabi_d2iz                   
00003cdd  OLEDStringDraw                 
00003d03  OLEDInitialise                 
00003d61  SSIConfigSetExpClk             
00003d9d  IntRegister                    
00003dd1  SysCtlPeripheralEnable         
00003e05  ADCIntStatus                   
00003e33  __aeabi_i2d                    
00003e61  GPIODirModeSet                 
00003e8b  ADCSequenceDataGet             
00003ea9  memccpy                        
00003ec5  ADCProcessorTrigger            
00003edd  GPIOIntRegister                
00003ef5  GPIOPinTypeGPIOOutput          
00003f0d  _args_main                     
00003f25  strchr                         
00003f3d  _register_unlock               
00003f43  _register_lock                 
00003f4b  _nop                           
00003f51  copysign                       
00003f51  copysignl                      
00003f65  strlen                         
00003f79  GPIOPinTypeADC                 
00003f8b  GPIOPinTypeGPIOInput           
00003f9d  GPIOPinTypeSSI                 
00003faf  ADCSequenceEnable              
00003fbd  TimerEnable                    
00003fcb  __TI_decompress_none           
00003fd9  GPIOIntEnable                  
00003fe5  SSIDataGet                     
00003ff1  ResetISR                       
00003ffd  ADCIntClear                    
00004007  SSIDataPut                     
00004011  SSIEnable                      
0000401b  TimerValueGet                  
00004025  SSIBusy                        
0000402d  GPIOIntClear                   
00004033  GPIOPinRead                    
00004039  GPIOPinWrite                   
0000403f  SSIClockSourceSet              
00004045  SysCtlDelay                    
0000404b  __TI_decompress_rle24          
00004051  _system_pre_init               
00004054  rgbOledFont0                   
00004354  _ctypes_                       
00004744  rgbFillPat                     
000047cc  __TI_Handler_Table_Base        
000047d4  __TI_CINIT_Base                
000047d4  __TI_Handler_Table_Limit       
000047ec  __TI_CINIT_Limit               
20000000  g_pfnRAMVectors                
2000026c  __stack                        
2000046c  __STACK_TOP                    
2000066c  __STACK_END                    
20000670  _sys_memory                    
20000a70  rgbOledBmp                     
20000c70  rgbOledFontUser                
20000d84  bnOledCur                      
20000d88  dxcoOledFontCur                
20000d8c  dycoOledFontCur                
20000d90  fOledCharUpdate                
20000d94  modOledCur                     
20000d98  pbOledCur                      
20000d9c  pbOledFontCur                  
20000da0  pbOledFontUser                 
20000da4  pbOledPatCur                   
20000da8  pfnDoRop                       
20000dac  xchOledCur                     
20000db0  xchOledMax                     
20000db4  xcoOledCur                     
20000db8  ychOledCur                     
20000dbc  ychOledMax                     
20000dc0  ycoOledCur                     
20000dc4  clrOledCur                     
20000dc8  __TI_cleanup_ptr               
20000dcc  __TI_dtors_ptr                 
20000dd0  __TI_enable_exit_profile_output
20000de0  _lock                          
20000de4  _unlock                        
20000dea  STATE_1                        
20000deb  STATE_2                        
20000dec  STATE_3                        
20000ded  STATE_4                        
20000df0  errno                          
20000df4  main_func_sp                   
ffffffff  __TI_pprof_out_hndl            
ffffffff  __TI_prof_data_size            
ffffffff  __TI_prof_data_start           
ffffffff  __binit__                      
ffffffff  __c_args__                     
ffffffff  binit                          
UNDEFED   SHT$$INIT_ARRAY$$Base          
UNDEFED   SHT$$INIT_ARRAY$$Limit         

[204 symbols]
