******************************************************************************
                  TI ARM Linker PC v15.12.3                    
******************************************************************************
>> Linked Mon Jun 05 23:50:44 2017

OUTPUT FILE NAME:   <HeliProject.out>
ENTRY POINT SYMBOL: "_c_int00"  address: 00005681


MEMORY CONFIGURATION

         name            origin    length      used     unused   attr    fill
----------------------  --------  ---------  --------  --------  ----  --------
  FLASH                 00000000   00040000  000066a6  0003995a  R  X
  SRAM                  20000000   00008000  00000e99  00007167  RW X


SEGMENT ALLOCATION MAP

run origin  load origin   length   init length attrs members
----------  ----------- ---------- ----------- ----- -------
00000000    00000000    000066ac   000066ac    r-x
  00000000    00000000    0000026c   0000026c    r-- .intvecs
  00000270    00000270    00005c56   00005c56    r-x .text
  00005ec8    00005ec8    00000760   00000760    r-- .const
  00006628    00006628    00000084   00000084    r-- .cinit
20000000    20000000    00000ea0   00000000    rw-
  20000000    20000000    0000026c   00000000    rw- .vtable
  2000026c    2000026c    00000400   00000000    rw- .stack
  20000670    20000670    00000400   00000000    rw- .sysmem
  20000a70    20000a70    00000375   00000000    rw- .bss
  20000de8    20000de8    000000b8   00000000    rw- .data


SECTION ALLOCATION MAP

 output                                  attributes/
section   page    origin      length       input sections
--------  ----  ----------  ----------   ----------------
.intvecs   0    00000000    0000026c     
                  00000000    0000026c     tm4c123gh6pm_startup_ccs.obj (.intvecs)

.text      0    00000270    00005c56     
                  00000270    00001110     rtsv7M4_T_le_v4SPD16_eabi.lib : _printfi.obj (.text)
                  00001380    00000b60     OrbitOledGrph.obj (.text)
                  00001ee0    00000546     uartstdio.obj (.text)
                  00002426    00000002     rtsv7M4_T_le_v4SPD16_eabi.lib : i_div0.obj (.text)
                  00002428    00000506     OrbitOled.obj (.text)
                  0000292e    00000002     rtsv7M4_T_le_v4SPD16_eabi.lib : mpu_init.obj (.text)
                  00002930    000003dc                                   : memory.obj (.text)
                  00002d0c    00000004                                   : pre_init.obj (.text)
                  00002d10    000003d8     buttons.obj (.text)
                  000030e8    00000334     control_system.obj (.text)
                  0000341c    00000002     rtsv7M4_T_le_v4SPD16_eabi.lib : startup.obj (.text)
                  0000341e    00000002     --HOLE-- [fill = 0]
                  00003420    000002c4     alt_ADC.obj (.text)
                  000036e4    00000004     --HOLE-- [fill = 0]
                  000036e8    000002c0     OrbitOledChar.obj (.text)
                  000039a8    000002c0     yaw_functions.obj (.text)
                  00003c68    00000240     PWM_rotors.obj (.text)
                  00003ea8    0000021e     Inits.obj (.text)
                  000040c6    00000002     --HOLE-- [fill = 0]
                  000040c8    000001fc     helicopter_project.obj (.text)
                  000042c4    000001f4     rtsv7M4_T_le_v4SPD16_eabi.lib : ull_div_t2.obj (.text)
                  000044b8    000001d4     draw_display.obj (.text)
                  0000468c    000001b6     rtsv7M4_T_le_v4SPD16_eabi.lib : fd_add_t2.obj (.text)
                  00004842    00000136                                   : fd_div_t2.obj (.text)
                  00004978    00000132     driverlib.lib : gpio.obj (.text:GPIOPadConfigSet)
                  00004aaa    00000002     --HOLE-- [fill = 0]
                  00004aac    00000110                   : sysctl.obj (.text:SysCtlClockGet)
                  00004bbc    000000fc     rtsv7M4_T_le_v4SPD16_eabi.lib : fd_mul_t2.obj (.text)
                  00004cb8    000000fc                                   : s_scalbn.obj (.text)
                  00004db4    000000f4     driverlib.lib : sysctl.obj (.text:SysCtlClockSet)
                  00004ea8    000000c6     circBufT.obj (.text)
                  00004f6e    0000009c     rtsv7M4_T_le_v4SPD16_eabi.lib : memcpy_t2.obj (.text)
                  0000500a    00000006     driverlib.lib : gpio.obj (.text:GPIOIntClear)
                  00005010    00000098     delay.obj (.text)
                  000050a8    00000086     rtsv7M4_T_le_v4SPD16_eabi.lib : fd_cmp_t2.obj (.text:__aeabi_cdcmple)
                  0000512e    00000086                                   : fd_cmp_t2.obj (.text:__aeabi_cdrcmple)
                  000051b4    0000007a     driverlib.lib : adc.obj (.text:ADCSequenceStepConfigure)
                  0000522e    0000007a     rtsv7M4_T_le_v4SPD16_eabi.lib : memset_t2.obj (.text)
                  000052a8    00000070                                   : autoinit.obj (.text)
                  00005318    0000006e                                   : fd_tos_t2.obj (.text)
                  00005386    0000006a                                   : copy_decompress_rle.obj (.text)
                  000053f0    00000068     driverlib.lib : interrupt.obj (.text:IntEnable)
                  00005458    00000064     rtsv7M4_T_le_v4SPD16_eabi.lib : s_frexp.obj (.text)
                  000054bc    00000060     driverlib.lib : timer.obj (.text:TimerConfigure)
                  0000551c    00000060     rtsv7M4_T_le_v4SPD16_eabi.lib : sprintf.obj (.text)
                  0000557c    00000058     driverlib.lib : adc.obj (.text:ADCSequenceConfigure)
                  000055d4    00000056                   : gpio.obj (.text:GPIOIntTypeSet)
                  0000562a    00000056     rtsv7M4_T_le_v4SPD16_eabi.lib : ltoa.obj (.text)
                  00005680    00000054                                   : boot.obj (.text)
                  000056d4    00000054                                   : exit.obj (.text)
                  00005728    00000050     driverlib.lib : sysctl.obj (.text:SysCtlPeripheralReset)
                  00005778    0000004c     rtsv7M4_T_le_v4SPD16_eabi.lib : atoi.obj (.text)
                  000057c4    0000004c                                   : cpy_tbl.obj (.text)
                  00005810    00000048     driverlib.lib : gpio.obj (.text:GPIOPinConfigure)
                  00005858    00000048     OrbitOLEDInterface.obj (.text)
                  000058a0    00000048     rtsv7M4_T_le_v4SPD16_eabi.lib : fd_toi_t2.obj (.text)
                  000058e8    00000046     driverlib.lib : uart.obj (.text:UARTConfigSetExpClk)
                  0000592e    00000044     rtsv7M4_T_le_v4SPD16_eabi.lib : fd_tou_t2.obj (.text)
                  00005972    00000002     --HOLE-- [fill = 0]
                  00005974    00000040     driverlib.lib : gpio.obj (.text:_GPIOIntNumberGet)
                  000059b4    00000040     rtsv7M4_T_le_v4SPD16_eabi.lib : u_divt2.obj (.text)
                  000059f4    0000003c     driverlib.lib : ssi.obj (.text:SSIConfigSetExpClk)
                  00005a30    00000038                   : sysctl.obj (.text:SysCtlPeripheralPresent)
                  00005a68    00000038     rtsv7M4_T_le_v4SPD16_eabi.lib : fs_tod_t2.obj (.text)
                  00005aa0    00000034     driverlib.lib : interrupt.obj (.text:IntRegister)
                  00005ad4    00000034                   : sysctl.obj (.text:SysCtlPeripheralEnable)
                  00005b08    0000002e                   : adc.obj (.text:ADCIntStatus)
                  00005b36    0000002e     rtsv7M4_T_le_v4SPD16_eabi.lib : i_tofd_t2.obj (.text)
                  00005b64    0000002a     driverlib.lib : gpio.obj (.text:GPIODirModeSet)
                  00005b8e    00000022                   : pwm.obj (.text:PWMGenConfigure)
                  00005bb0    00000020                   : uart.obj (.text:UARTDisable)
                  00005bd0    0000001e                   : adc.obj (.text:ADCSequenceDataGet)
                  00005bee    0000001e                   : pwm.obj (.text:PWMPulseWidthSet)
                  00005c0c    0000001c                   : systick.obj (.text:SysTickIntRegister)
                  00005c28    0000001c     rtsv7M4_T_le_v4SPD16_eabi.lib : memccpy.obj (.text)
                  00005c44    00000004     --HOLE-- [fill = 0]
                  00005c48    0000001a     tm4c123gh6pm_startup_ccs.obj (.text)
                  00005c62    00000018     driverlib.lib : adc.obj (.text:ADCProcessorTrigger)
                  00005c7a    00000018                   : gpio.obj (.text:GPIOIntRegister)
                  00005c92    00000018                   : gpio.obj (.text:GPIOPinTypeGPIOOutput)
                  00005caa    00000002     --HOLE-- [fill = 0]
                  00005cac    00000018     rtsv7M4_T_le_v4SPD16_eabi.lib : args_main.obj (.text)
                  00005cc4    00000016                                   : strchr.obj (.text)
                  00005cda    00000002     --HOLE-- [fill = 0]
                  00005cdc    00000014     driverlib.lib : sysctl.obj (.text:SysCtlPWMClockSet)
                  00005cf0    00000014                   : systick.obj (.text:SysTickEnable)
                  00005d04    00000014                   : systick.obj (.text:SysTickIntEnable)
                  00005d18    00000014                   : uart.obj (.text:UARTEnable)
                  00005d2c    00000014     rtsv7M4_T_le_v4SPD16_eabi.lib : _lock.obj (.text)
                  00005d40    00000014                                   : s_copysign.obj (.text)
                  00005d54    00000014                                   : strlen.obj (.text)
                  00005d68    00000012     driverlib.lib : gpio.obj (.text:GPIOPinTypeADC)
                  00005d7a    00000012                   : gpio.obj (.text:GPIOPinTypeGPIOInput)
                  00005d8c    00000012                   : gpio.obj (.text:GPIOPinTypePWM)
                  00005d9e    00000012                   : gpio.obj (.text:GPIOPinTypeSSI)
                  00005db0    00000012                   : gpio.obj (.text:GPIOPinTypeUART)
                  00005dc2    00000012                   : pwm.obj (.text:PWMOutputState)
                  00005dd4    00000010                   : interrupt.obj (.text:IntMasterEnable)
                  00005de4    00000010                   : pwm.obj (.text:PWMGenPeriodSet)
                  00005df4    00000010                   : systick.obj (.text:SysTickPeriodSet)
                  00005e04    0000000e                   : adc.obj (.text:ADCSequenceEnable)
                  00005e12    0000000e                   : timer.obj (.text:TimerEnable)
                  00005e20    0000000e     rtsv7M4_T_le_v4SPD16_eabi.lib : copy_decompress_none.obj (.text:decompress:none)
                  00005e2e    0000000c     driverlib.lib : cpu.obj (.text:CPUcpsie)
                  00005e3a    0000000c                   : gpio.obj (.text:GPIOIntEnable)
                  00005e46    0000000c                   : pwm.obj (.text:PWMGenEnable)
                  00005e52    0000000c                   : ssi.obj (.text:SSIDataGet)
                  00005e5e    0000000a                   : adc.obj (.text:ADCIntClear)
                  00005e68    0000000a                   : ssi.obj (.text:SSIDataPut)
                  00005e72    0000000a                   : ssi.obj (.text:SSIEnable)
                  00005e7c    0000000a                   : timer.obj (.text:TimerValueGet)
                  00005e86    0000000a                   : uart.obj (.text:UARTCharGet)
                  00005e90    0000000a                   : uart.obj (.text:UARTCharPut)
                  00005e9a    00000008                   : ssi.obj (.text:SSIBusy)
                  00005ea2    00000006                   : gpio.obj (.text:GPIOPinRead)
                  00005ea8    00000006                   : gpio.obj (.text:GPIOPinWrite)
                  00005eae    00000006                   : ssi.obj (.text:SSIClockSourceSet)
                  00005eb4    00000006                   : sysctl.obj (.text:SysCtlDelay)
                  00005eba    00000006                   : uart.obj (.text:UARTClockSourceSet)
                  00005ec0    00000006     rtsv7M4_T_le_v4SPD16_eabi.lib : copy_decompress_rle.obj (.text:decompress:rle24)

.const     0    00005ec8    00000760     
                  00005ec8    00000300     ChrFont0.obj (.const:.string:rgbOledFont0)
                  000061c8    00000101     rtsv7M4_T_le_v4SPD16_eabi.lib : ctype.obj (.const:.string:_ctypes_)
                  000062c9    00000003     --HOLE-- [fill = 0]
                  000062cc    000000c0     driverlib.lib : gpio.obj (.const:g_ppui32GPIOIntMapBlizzard)
                  0000638c    000000c0                   : gpio.obj (.const:g_ppui32GPIOIntMapSnowflake)
                  0000644c    00000090                   : gpio.obj (.const:g_pui32GPIOBaseAddrs)
                  000064dc    00000070                   : interrupt.obj (.const)
                  0000654c    0000006c                   : sysctl.obj (.const:g_pui32Xtals)
                  000065b8    00000040     FillPat.obj (.const:.string:rgbFillPat)
                  000065f8    00000012     uartstdio.obj (.const:.string)
                  0000660a    00000002     --HOLE-- [fill = 0]
                  0000660c    0000000c     uartstdio.obj (.const:g_ui32UARTBase)
                  00006618    0000000c     uartstdio.obj (.const:g_ui32UARTPeriph)
                  00006624    00000004     uartstdio.obj (.const)

.cinit     0    00006628    00000084     
                  00006628    00000047     (.cinit..data.load) [load image, compression = rle]
                  0000666f    00000001     --HOLE-- [fill = 0]
                  00006670    0000000b     (.cinit..bss.load) [load image, compression = rle]
                  0000667b    00000005     --HOLE-- [fill = 0]
                  00006680    0000000b     (.cinit..vtable.load) [load image, compression = rle]
                  0000668b    00000001     --HOLE-- [fill = 0]
                  0000668c    00000008     (__TI_handler_table)
                  00006694    00000018     (__TI_cinit_table)

.init_array 
*          0    00000000    00000000     UNINITIALIZED

.vtable    0    20000000    0000026c     UNINITIALIZED
                  20000000    0000026c     driverlib.lib : interrupt.obj (.vtable)

.stack     0    2000026c    00000400     UNINITIALIZED
                  2000026c    00000400     --HOLE--

.sysmem    0    20000670    00000400     UNINITIALIZED
                  20000670    00000008     rtsv7M4_T_le_v4SPD16_eabi.lib : memory.obj (.sysmem)
                  20000678    000003f8     --HOLE--

.bss       0    20000a70    00000375     UNINITIALIZED
                  20000a70    00000200     (.common:rgbOledBmp)
                  20000c70    00000100     (.common:rgbOledFontUser)
                  20000d70    00000010     alt_ADC.obj (.bss:g_inBuffer)
                  20000d80    00000008     buttons.obj (.bss:but_count)
                  20000d88    00000008     buttons.obj (.bss:but_flag)
                  20000d90    00000008     buttons.obj (.bss:but_normal)
                  20000d98    00000008     buttons.obj (.bss:but_state)
                  20000da0    00000004     (.common:ADCValue)
                  20000da4    00000004     (.common:bnOledCur)
                  20000da8    00000004     (.common:dxcoOledFontCur)
                  20000dac    00000004     (.common:dycoOledFontCur)
                  20000db0    00000004     (.common:fOledCharUpdate)
                  20000db4    00000004     (.common:modOledCur)
                  20000db8    00000004     (.common:pbOledCur)
                  20000dbc    00000004     (.common:pbOledFontCur)
                  20000dc0    00000004     (.common:pbOledFontUser)
                  20000dc4    00000004     (.common:pbOledPatCur)
                  20000dc8    00000004     (.common:pfnDoRop)
                  20000dcc    00000004     (.common:xchOledCur)
                  20000dd0    00000004     (.common:xchOledMax)
                  20000dd4    00000004     (.common:xcoOledCur)
                  20000dd8    00000004     (.common:ychOledCur)
                  20000ddc    00000004     (.common:ychOledMax)
                  20000de0    00000004     (.common:ycoOledCur)
                  20000de4    00000001     (.common:clrOledCur)

.data      0    20000de8    000000b8     UNINITIALIZED
                  20000de8    00000054     control_system.obj (.data)
                  20000e3c    0000001c     alt_ADC.obj (.data)
                  20000e58    00000010     yaw_functions.obj (.data)
                  20000e68    0000000c     rtsv7M4_T_le_v4SPD16_eabi.lib : exit.obj (.data:$O1$$)
                  20000e74    0000000c                                   : memory.obj (.data:$O1$$)
                  20000e80    00000008                                   : _lock.obj (.data:$O1$$)
                  20000e88    00000008     helicopter_project.obj (.data)
                  20000e90    00000005     uartstdio.obj (.data)
                  20000e95    00000003     --HOLE--
                  20000e98    00000004     rtsv7M4_T_le_v4SPD16_eabi.lib : errno.obj (.data)
                  20000e9c    00000004                                   : stkdepth_vars.obj (.data)

MODULE SUMMARY

       Module                         code    ro data   rw data
       ------                         ----    -------   -------
    .\
       uartstdio.obj                  1350    46        5      
       buttons.obj                    984     0         32     
       control_system.obj             820     0         84     
       alt_ADC.obj                    708     0         48     
       yaw_functions.obj              704     0         16     
       tm4c123gh6pm_startup_ccs.obj   26      620       0      
       PWM_rotors.obj                 576     0         0      
       Inits.obj                      542     0         0      
       helicopter_project.obj         508     0         8      
       draw_display.obj               468     0         0      
       circBufT.obj                   198     0         0      
       OrbitOLEDInterface.obj         72      0         0      
    +--+------------------------------+-------+---------+---------+
       Total:                         6956    666       193    
                                                               
    .\lib_OrbitOled\
       OrbitOledGrph.obj              2912    0         8      
       OrbitOled.obj                  1286    0         553    
       OrbitOledChar.obj              704     0         272    
       ChrFont0.obj                   0       768       0      
       delay.obj                      152     0         0      
       FillPat.obj                    0       64        0      
    +--+------------------------------+-------+---------+---------+
       Total:                         5054    832       833    
                                                               
    C:/ti/TivaWare_C_Series-2.1.3.156/driverlib/ccs/Debug/driverlib.lib
       gpio.obj                       738     528       0      
       interrupt.obj                  172     112       620    
       sysctl.obj                     730     108       0      
       adc.obj                        334     0         0      
       uart.obj                       148     0         0      
       timer.obj                      120     0         0      
       pwm.obj                        110     0         0      
       ssi.obj                        106     0         0      
       systick.obj                    84      0         0      
       cpu.obj                        12      0         0      
    +--+------------------------------+-------+---------+---------+
       Total:                         2554    748       620    
                                                               
    C:\ti\ccsv6\tools\compiler\arm_15.12.3.LTS\lib\rtsv7M4_T_le_v4SPD16_eabi.lib
       _printfi.obj                   4368    0         0      
       memory.obj                     988     0         12     
       ull_div_t2.obj                 500     0         0      
       fd_add_t2.obj                  438     0         0      
       fd_div_t2.obj                  310     0         0      
       fd_cmp_t2.obj                  268     0         0      
       ctype.obj                      0       257       0      
       fd_mul_t2.obj                  252     0         0      
       s_scalbn.obj                   252     0         0      
       memcpy_t2.obj                  156     0         0      
       memset_t2.obj                  122     0         0      
       autoinit.obj                   112     0         0      
       copy_decompress_rle.obj        112     0         0      
       fd_tos_t2.obj                  110     0         0      
       s_frexp.obj                    100     0         0      
       exit.obj                       84      0         12     
       sprintf.obj                    96      0         0      
       ltoa.obj                       86      0         0      
       boot.obj                       84      0         0      
       atoi.obj                       76      0         0      
       cpy_tbl.obj                    76      0         0      
       fd_toi_t2.obj                  72      0         0      
       fd_tou_t2.obj                  68      0         0      
       u_divt2.obj                    64      0         0      
       fs_tod_t2.obj                  56      0         0      
       i_tofd_t2.obj                  46      0         0      
       _lock.obj                      20      0         8      
       memccpy.obj                    28      0         0      
       args_main.obj                  24      0         0      
       strchr.obj                     22      0         0      
       s_copysign.obj                 20      0         0      
       strlen.obj                     20      0         0      
       copy_decompress_none.obj       14      0         0      
       errno.obj                      0       0         4      
       pre_init.obj                   4       0         0      
       stkdepth_vars.obj              0       0         4      
       i_div0.obj                     2       0         0      
       mpu_init.obj                   2       0         0      
       startup.obj                    2       0         0      
    +--+------------------------------+-------+---------+---------+
       Total:                         9054    257       40     
                                                               
       Heap:                          0       0         1024   
       Stack:                         0       0         1024   
       Linker Generated:              0       125       0      
    +--+------------------------------+-------+---------+---------+
       Grand Total:                   23618   2628      3734   


LINKER GENERATED COPY TABLES

__TI_cinit_table @ 00006694 records: 3, size/record: 8, table size: 24
	.data: load addr=00006628, load size=00000047 bytes, run addr=20000de8, run size=000000b8 bytes, compression=rle
	.bss: load addr=00006670, load size=0000000b bytes, run addr=20000a70, run size=00000375 bytes, compression=rle
	.vtable: load addr=00006680, load size=0000000b bytes, run addr=20000000, run size=0000026c bytes, compression=rle


LINKER GENERATED HANDLER TABLE

__TI_handler_table @ 0000668c records: 2, size/record: 4, table size: 8
	index: 0, handler: __TI_decompress_rle24
	index: 1, handler: __TI_decompress_none


GLOBAL SYMBOLS: SORTED ALPHABETICALLY BY Name 

address   name                           
-------   ----                           
00005e5f  ADCIntClear                    
00005b09  ADCIntStatus                   
00005c63  ADCProcessorTrigger            
0000557d  ADCSequenceConfigure           
00005bd1  ADCSequenceDataGet             
00005e05  ADCSequenceEnable              
000051b5  ADCSequenceStepConfigure       
20000da0  ADCValue                       
000056d5  C$$EXIT                        
00005e2f  CPUcpsie                       
00005011  DelayInit                      
00005041  DelayMs                        
00005b65  GPIODirModeSet                 
0000500b  GPIOIntClear                   
00005e3b  GPIOIntEnable                  
00005c7b  GPIOIntRegister                
000055d5  GPIOIntTypeSet                 
00004979  GPIOPadConfigSet               
00005811  GPIOPinConfigure               
00005ea3  GPIOPinRead                    
00005d69  GPIOPinTypeADC                 
00005d7b  GPIOPinTypeGPIOInput           
00005c93  GPIOPinTypeGPIOOutput          
00005d8d  GPIOPinTypePWM                 
00005d9f  GPIOPinTypeSSI                 
00005db1  GPIOPinTypeUART                
00005ea9  GPIOPinWrite                   
000053f1  IntEnable                      
00005dd5  IntMasterEnable                
00005aa1  IntRegister                    
20000df4  Kd                             
20000df0  Ki                             
20000dec  Kp                             
00003df1  MainRotorPWM                   
00005881  OLEDInitialise                 
00005859  OLEDStringDraw                 
00003929  OrbitOledAdvanceCursor         
00001ea1  OrbitOledClampXco              
00001ec1  OrbitOledClampYco              
00002729  OrbitOledClear                 
00002739  OrbitOledClearBuffer           
00003799  OrbitOledDefUserChar           
00002681  OrbitOledDevInit               
00001c21  OrbitOledDrawChar              
00003889  OrbitOledDrawGlyph             
00001529  OrbitOledDrawPixel             
00001701  OrbitOledDrawRect              
00001cb1  OrbitOledDrawString            
000025a1  OrbitOledDvrInit               
00001759  OrbitOledFillRect              
000018d1  OrbitOledGetBmp                
00003811  OrbitOledGetCharUpdate         
00003771  OrbitOledGetCursor             
00001519  OrbitOledGetDrawMode           
00001579  OrbitOledGetPixel              
000013f1  OrbitOledGetPos                
00001439  OrbitOledGetStdPattern         
00002441  OrbitOledHostInit              
00002429  OrbitOledInit                  
000015a1  OrbitOledLineTo                
00001de1  OrbitOledMoveDown              
00001e41  OrbitOledMoveLeft              
00001e71  OrbitOledMoveRight             
00001381  OrbitOledMoveTo                
00001d81  OrbitOledMoveUp                
00001a41  OrbitOledPutBmp                
000027f1  OrbitOledPutBuffer             
00003821  OrbitOledPutChar               
00003849  OrbitOledPutString             
00001d31  OrbitOledRopAnd                
00001d09  OrbitOledRopOr                 
00001cd9  OrbitOledRopSet                
00001d59  OrbitOledRopXor                
000037f1  OrbitOledSetCharUpdate         
000036e9  OrbitOledSetCursor             
00001419  OrbitOledSetDrawColor          
00001469  OrbitOledSetDrawMode           
00001451  OrbitOledSetFillPattern        
00002779  OrbitOledUpdate                
00005b8f  PWMGenConfigure                
00005e47  PWMGenEnable                   
00005de5  PWMGenPeriodSet                
00005dc3  PWMOutputState                 
00005bef  PWMPulseWidthSet               
00005c49  ResetISR                       
20000e50  SETTLING_TIME                  
UNDEFED   SHT$$INIT_ARRAY$$Base          
UNDEFED   SHT$$INIT_ARRAY$$Limit         
00005e9b  SSIBusy                        
00005eaf  SSIClockSourceSet              
000059f5  SSIConfigSetExpClk             
00005e53  SSIDataGet                     
00005e69  SSIDataPut                     
00005e73  SSIEnable                      
20000e58  STATE_1                        
20000e59  STATE_2                        
20000e5a  STATE_3                        
20000e5b  STATE_4                        
000028a1  Ssi3PutByte                    
00004aad  SysCtlClockGet                 
00004db5  SysCtlClockSet                 
00005eb5  SysCtlDelay                    
00005cdd  SysCtlPWMClockSet              
00005ad5  SysCtlPeripheralEnable         
00005a31  SysCtlPeripheralPresent        
00005729  SysCtlPeripheralReset          
00005cf1  SysTickEnable                  
00005d05  SysTickIntEnable               
000040c9  SysTickIntHandler              
00005c0d  SysTickIntRegister             
00005df5  SysTickPeriodSet               
00003e71  TailRotorPWM                   
000054bd  TimerConfigure                 
00005e13  TimerEnable                    
00005e7d  TimerValueGet                  
00005e87  UARTCharGet                    
00005e91  UARTCharPut                    
00005ebb  UARTClockSourceSet             
000058e9  UARTConfigSetExpClk            
00005bb1  UARTDisable                    
00005d19  UARTEnable                     
00001ee1  UARTStdioConfig                
00004559  UARTdisplay                    
00002099  UARTgetc                       
00001fb1  UARTgets                       
000023f9  UARTprintf                     
000020b9  UARTvprintf                    
00001f51  UARTwrite                      
000039b9  YawIntHandler                  
20000e00  YawKd                          
20000dfc  YawKi                          
20000df8  YawKp                          
2000066c  __STACK_END                    
00000400  __STACK_SIZE                   
2000046c  __STACK_TOP                    
00000400  __SYSMEM_SIZE                  
00006694  __TI_CINIT_Base                
000066ac  __TI_CINIT_Limit               
0000668c  __TI_Handler_Table_Base        
00006694  __TI_Handler_Table_Limit       
000052a9  __TI_auto_init                 
20000e68  __TI_cleanup_ptr               
00005e21  __TI_decompress_none           
00005ec1  __TI_decompress_rle24          
20000e6c  __TI_dtors_ptr                 
20000e70  __TI_enable_exit_profile_output
ffffffff  __TI_pprof_out_hndl            
0000107b  __TI_printfi                   
ffffffff  __TI_prof_data_size            
ffffffff  __TI_prof_data_start           
00000000  __TI_static_base__             
000050a9  __aeabi_cdcmpeq                
000050a9  __aeabi_cdcmple                
0000512f  __aeabi_cdrcmple               
00005319  __aeabi_d2f                    
000058a1  __aeabi_d2iz                   
0000592f  __aeabi_d2uiz                  
00004697  __aeabi_dadd                   
00004843  __aeabi_ddiv                   
00004bbd  __aeabi_dmul                   
0000468d  __aeabi_dsub                   
00005a69  __aeabi_f2d                    
00005b37  __aeabi_i2d                    
00002427  __aeabi_idiv0                  
0000522f  __aeabi_memclr                 
0000522f  __aeabi_memclr4                
0000522f  __aeabi_memclr8                
00004f6f  __aeabi_memcpy                 
00004f6f  __aeabi_memcpy4                
00004f6f  __aeabi_memcpy8                
00005231  __aeabi_memset                 
00005231  __aeabi_memset4                
00005231  __aeabi_memset8                
000059b5  __aeabi_uidiv                  
000059b5  __aeabi_uidivmod               
000042c5  __aeabi_uldivmod               
ffffffff  __binit__                      
ffffffff  __c_args__                     
0000292f  __mpu_init                     
2000026c  __stack                        
00005cad  _args_main                     
00005681  _c_int00                       
000061c8  _ctypes_                       
20000e80  _lock                          
00005d3b  _nop                           
00005d33  _register_lock                 
00005d2d  _register_unlock               
20000670  _sys_memory                    
0000341d  _system_post_cinit             
00002d0d  _system_pre_init               
20000e84  _unlock                        
000056d9  abort                          
20000e54  alt_actual                     
00003041  alt_button                     
000030e9  alt_control                    
20000e04  alt_desired                    
20000e08  alt_error                      
00005779  atoi                           
ffffffff  binit                          
20000da4  bnOledCur                      
00002cd9  calloc                         
00002fe9  checkButton                    
20000de4  clrOledCur                     
000057c5  copy_in                        
00005d41  copysign                       
00005d41  copysignl                      
20000e48  current_alt                    
20000e60  current_state                  
20000e10  derivitive_alt_error           
20000e28  derivitive_yaw_error           
000044c1  displayVals                    
20000de8  dt                             
20000da8  dxcoOledFontCur                
20000dac  dycoOledFontCur                
20000e98  errno                          
000056e1  exit                           
20000db0  fOledCharUpdate                
00002a27  free                           
00004f49  freeCircBuf                    
00005459  frexp                          
00005459  frexpl                         
20000000  g_pfnRAMVectors                
00000000  g_pfnVectors                   
00003441  getAlt                         
000039a9  getYaw                         
20000e3c  i                              
00003421  initAltADC                     
00002d11  initButtons                    
00004ea9  initCircBuf                    
000044b9  initDisplay                    
00003ea9  initPins                       
000040a1  initSysTick                    
00003c69  initialiseMainPWM              
00003d09  initialiseTailPWM              
20000e0c  integral_alt_error             
20000e24  integral_yaw_error             
20000e40  j                              
00004cb9  ldexp                          
00004cb9  ldexpl                         
0000562b  ltoa                           
000040d9  main                           
20000e18  main_duty                      
20000e34  main_duty_u32                  
20000e9c  main_func_sp                   
000029bf  malloc                         
00002bf5  memalign                       
00005c29  memccpy                        
00004f6f  memcpy                         
00005237  memset                         
20000e8c  milliseconds_passed            
20000e44  min_alt                        
00002931  minit                          
20000db4  modOledCur                     
20000db8  pbOledCur                      
20000dbc  pbOledFontCur                  
20000dc0  pbOledFontUser                 
20000dc4  pbOledPatCur                   
20000dc8  pfnDoRop                       
20000e14  prev_alt_error                 
20000e61  prev_state                     
20000e2c  prev_yaw_error                 
00004f11  readCircBuf                    
00002ae9  realloc                        
000065b8  rgbFillPat                     
20000a70  rgbOledBmp                     
00005ec8  rgbOledFont0                   
20000c70  rgbOledFontUser                
00004cb9  scalbn                         
00004cb9  scalbnl                        
00003da1  setMainPWM                     
00003e29  setTailPWM                     
0000551d  sprintf                        
00005cc5  strchr                         
00005d55  strlen                         
20000e4c  sum                            
20000e88  sys_ticks                      
20000e30  tail_duty                      
20000e38  tail_duty_u32                  
00002ea9  updateButtons                  
00004ed9  writeCircBuf                   
20000dcc  xchOledCur                     
20000dd0  xchOledMax                     
20000dd4  xcoOledCur                     
20000e64  yaw                            
20000e5c  yawActual                      
000030a9  yaw_button                     
00003281  yaw_control                    
20000e1c  yaw_desired                    
20000e20  yaw_error                      
20000dd8  ychOledCur                     
20000ddc  ychOledMax                     
20000de0  ycoOledCur                     


GLOBAL SYMBOLS: SORTED BY Symbol Address 

address   name                           
-------   ----                           
00000000  __TI_static_base__             
00000000  g_pfnVectors                   
00000400  __STACK_SIZE                   
00000400  __SYSMEM_SIZE                  
0000107b  __TI_printfi                   
00001381  OrbitOledMoveTo                
000013f1  OrbitOledGetPos                
00001419  OrbitOledSetDrawColor          
00001439  OrbitOledGetStdPattern         
00001451  OrbitOledSetFillPattern        
00001469  OrbitOledSetDrawMode           
00001519  OrbitOledGetDrawMode           
00001529  OrbitOledDrawPixel             
00001579  OrbitOledGetPixel              
000015a1  OrbitOledLineTo                
00001701  OrbitOledDrawRect              
00001759  OrbitOledFillRect              
000018d1  OrbitOledGetBmp                
00001a41  OrbitOledPutBmp                
00001c21  OrbitOledDrawChar              
00001cb1  OrbitOledDrawString            
00001cd9  OrbitOledRopSet                
00001d09  OrbitOledRopOr                 
00001d31  OrbitOledRopAnd                
00001d59  OrbitOledRopXor                
00001d81  OrbitOledMoveUp                
00001de1  OrbitOledMoveDown              
00001e41  OrbitOledMoveLeft              
00001e71  OrbitOledMoveRight             
00001ea1  OrbitOledClampXco              
00001ec1  OrbitOledClampYco              
00001ee1  UARTStdioConfig                
00001f51  UARTwrite                      
00001fb1  UARTgets                       
00002099  UARTgetc                       
000020b9  UARTvprintf                    
000023f9  UARTprintf                     
00002427  __aeabi_idiv0                  
00002429  OrbitOledInit                  
00002441  OrbitOledHostInit              
000025a1  OrbitOledDvrInit               
00002681  OrbitOledDevInit               
00002729  OrbitOledClear                 
00002739  OrbitOledClearBuffer           
00002779  OrbitOledUpdate                
000027f1  OrbitOledPutBuffer             
000028a1  Ssi3PutByte                    
0000292f  __mpu_init                     
00002931  minit                          
000029bf  malloc                         
00002a27  free                           
00002ae9  realloc                        
00002bf5  memalign                       
00002cd9  calloc                         
00002d0d  _system_pre_init               
00002d11  initButtons                    
00002ea9  updateButtons                  
00002fe9  checkButton                    
00003041  alt_button                     
000030a9  yaw_button                     
000030e9  alt_control                    
00003281  yaw_control                    
0000341d  _system_post_cinit             
00003421  initAltADC                     
00003441  getAlt                         
000036e9  OrbitOledSetCursor             
00003771  OrbitOledGetCursor             
00003799  OrbitOledDefUserChar           
000037f1  OrbitOledSetCharUpdate         
00003811  OrbitOledGetCharUpdate         
00003821  OrbitOledPutChar               
00003849  OrbitOledPutString             
00003889  OrbitOledDrawGlyph             
00003929  OrbitOledAdvanceCursor         
000039a9  getYaw                         
000039b9  YawIntHandler                  
00003c69  initialiseMainPWM              
00003d09  initialiseTailPWM              
00003da1  setMainPWM                     
00003df1  MainRotorPWM                   
00003e29  setTailPWM                     
00003e71  TailRotorPWM                   
00003ea9  initPins                       
000040a1  initSysTick                    
000040c9  SysTickIntHandler              
000040d9  main                           
000042c5  __aeabi_uldivmod               
000044b9  initDisplay                    
000044c1  displayVals                    
00004559  UARTdisplay                    
0000468d  __aeabi_dsub                   
00004697  __aeabi_dadd                   
00004843  __aeabi_ddiv                   
00004979  GPIOPadConfigSet               
00004aad  SysCtlClockGet                 
00004bbd  __aeabi_dmul                   
00004cb9  ldexp                          
00004cb9  ldexpl                         
00004cb9  scalbn                         
00004cb9  scalbnl                        
00004db5  SysCtlClockSet                 
00004ea9  initCircBuf                    
00004ed9  writeCircBuf                   
00004f11  readCircBuf                    
00004f49  freeCircBuf                    
00004f6f  __aeabi_memcpy                 
00004f6f  __aeabi_memcpy4                
00004f6f  __aeabi_memcpy8                
00004f6f  memcpy                         
0000500b  GPIOIntClear                   
00005011  DelayInit                      
00005041  DelayMs                        
000050a9  __aeabi_cdcmpeq                
000050a9  __aeabi_cdcmple                
0000512f  __aeabi_cdrcmple               
000051b5  ADCSequenceStepConfigure       
0000522f  __aeabi_memclr                 
0000522f  __aeabi_memclr4                
0000522f  __aeabi_memclr8                
00005231  __aeabi_memset                 
00005231  __aeabi_memset4                
00005231  __aeabi_memset8                
00005237  memset                         
000052a9  __TI_auto_init                 
00005319  __aeabi_d2f                    
000053f1  IntEnable                      
00005459  frexp                          
00005459  frexpl                         
000054bd  TimerConfigure                 
0000551d  sprintf                        
0000557d  ADCSequenceConfigure           
000055d5  GPIOIntTypeSet                 
0000562b  ltoa                           
00005681  _c_int00                       
000056d5  C$$EXIT                        
000056d9  abort                          
000056e1  exit                           
00005729  SysCtlPeripheralReset          
00005779  atoi                           
000057c5  copy_in                        
00005811  GPIOPinConfigure               
00005859  OLEDStringDraw                 
00005881  OLEDInitialise                 
000058a1  __aeabi_d2iz                   
000058e9  UARTConfigSetExpClk            
0000592f  __aeabi_d2uiz                  
000059b5  __aeabi_uidiv                  
000059b5  __aeabi_uidivmod               
000059f5  SSIConfigSetExpClk             
00005a31  SysCtlPeripheralPresent        
00005a69  __aeabi_f2d                    
00005aa1  IntRegister                    
00005ad5  SysCtlPeripheralEnable         
00005b09  ADCIntStatus                   
00005b37  __aeabi_i2d                    
00005b65  GPIODirModeSet                 
00005b8f  PWMGenConfigure                
00005bb1  UARTDisable                    
00005bd1  ADCSequenceDataGet             
00005bef  PWMPulseWidthSet               
00005c0d  SysTickIntRegister             
00005c29  memccpy                        
00005c49  ResetISR                       
00005c63  ADCProcessorTrigger            
00005c7b  GPIOIntRegister                
00005c93  GPIOPinTypeGPIOOutput          
00005cad  _args_main                     
00005cc5  strchr                         
00005cdd  SysCtlPWMClockSet              
00005cf1  SysTickEnable                  
00005d05  SysTickIntEnable               
00005d19  UARTEnable                     
00005d2d  _register_unlock               
00005d33  _register_lock                 
00005d3b  _nop                           
00005d41  copysign                       
00005d41  copysignl                      
00005d55  strlen                         
00005d69  GPIOPinTypeADC                 
00005d7b  GPIOPinTypeGPIOInput           
00005d8d  GPIOPinTypePWM                 
00005d9f  GPIOPinTypeSSI                 
00005db1  GPIOPinTypeUART                
00005dc3  PWMOutputState                 
00005dd5  IntMasterEnable                
00005de5  PWMGenPeriodSet                
00005df5  SysTickPeriodSet               
00005e05  ADCSequenceEnable              
00005e13  TimerEnable                    
00005e21  __TI_decompress_none           
00005e2f  CPUcpsie                       
00005e3b  GPIOIntEnable                  
00005e47  PWMGenEnable                   
00005e53  SSIDataGet                     
00005e5f  ADCIntClear                    
00005e69  SSIDataPut                     
00005e73  SSIEnable                      
00005e7d  TimerValueGet                  
00005e87  UARTCharGet                    
00005e91  UARTCharPut                    
00005e9b  SSIBusy                        
00005ea3  GPIOPinRead                    
00005ea9  GPIOPinWrite                   
00005eaf  SSIClockSourceSet              
00005eb5  SysCtlDelay                    
00005ebb  UARTClockSourceSet             
00005ec1  __TI_decompress_rle24          
00005ec8  rgbOledFont0                   
000061c8  _ctypes_                       
000065b8  rgbFillPat                     
0000668c  __TI_Handler_Table_Base        
00006694  __TI_CINIT_Base                
00006694  __TI_Handler_Table_Limit       
000066ac  __TI_CINIT_Limit               
20000000  g_pfnRAMVectors                
2000026c  __stack                        
2000046c  __STACK_TOP                    
2000066c  __STACK_END                    
20000670  _sys_memory                    
20000a70  rgbOledBmp                     
20000c70  rgbOledFontUser                
20000da0  ADCValue                       
20000da4  bnOledCur                      
20000da8  dxcoOledFontCur                
20000dac  dycoOledFontCur                
20000db0  fOledCharUpdate                
20000db4  modOledCur                     
20000db8  pbOledCur                      
20000dbc  pbOledFontCur                  
20000dc0  pbOledFontUser                 
20000dc4  pbOledPatCur                   
20000dc8  pfnDoRop                       
20000dcc  xchOledCur                     
20000dd0  xchOledMax                     
20000dd4  xcoOledCur                     
20000dd8  ychOledCur                     
20000ddc  ychOledMax                     
20000de0  ycoOledCur                     
20000de4  clrOledCur                     
20000de8  dt                             
20000dec  Kp                             
20000df0  Ki                             
20000df4  Kd                             
20000df8  YawKp                          
20000dfc  YawKi                          
20000e00  YawKd                          
20000e04  alt_desired                    
20000e08  alt_error                      
20000e0c  integral_alt_error             
20000e10  derivitive_alt_error           
20000e14  prev_alt_error                 
20000e18  main_duty                      
20000e1c  yaw_desired                    
20000e20  yaw_error                      
20000e24  integral_yaw_error             
20000e28  derivitive_yaw_error           
20000e2c  prev_yaw_error                 
20000e30  tail_duty                      
20000e34  main_duty_u32                  
20000e38  tail_duty_u32                  
20000e3c  i                              
20000e40  j                              
20000e44  min_alt                        
20000e48  current_alt                    
20000e4c  sum                            
20000e50  SETTLING_TIME                  
20000e54  alt_actual                     
20000e58  STATE_1                        
20000e59  STATE_2                        
20000e5a  STATE_3                        
20000e5b  STATE_4                        
20000e5c  yawActual                      
20000e60  current_state                  
20000e61  prev_state                     
20000e64  yaw                            
20000e68  __TI_cleanup_ptr               
20000e6c  __TI_dtors_ptr                 
20000e70  __TI_enable_exit_profile_output
20000e80  _lock                          
20000e84  _unlock                        
20000e88  sys_ticks                      
20000e8c  milliseconds_passed            
20000e98  errno                          
20000e9c  main_func_sp                   
ffffffff  __TI_pprof_out_hndl            
ffffffff  __TI_prof_data_size            
ffffffff  __TI_prof_data_start           
ffffffff  __binit__                      
ffffffff  __c_args__                     
ffffffff  binit                          
UNDEFED   SHT$$INIT_ARRAY$$Base          
UNDEFED   SHT$$INIT_ARRAY$$Limit         

[292 symbols]
