******************************************************************************
                  TI ARM Linker PC v15.12.3                    
******************************************************************************
>> Linked Mon Jun 05 23:49:41 2017

OUTPUT FILE NAME:   <HeliProject.out>
ENTRY POINT SYMBOL: "_c_int00"  address: 00004bc5


MEMORY CONFIGURATION

         name            origin    length      used     unused   attr    fill
----------------------  --------  ---------  --------  --------  ----  --------
  FLASH                 00000000   00040000  00005be0  0003a420  R  X
  SRAM                  20000000   00008000  00000e99  00007167  RW X


SEGMENT ALLOCATION MAP

run origin  load origin   length   init length attrs members
----------  ----------- ---------- ----------- ----- -------
00000000    00000000    00005be4   00005be4    r-x
  00000000    00000000    0000026c   0000026c    r-- .intvecs
  0000026c    0000026c    00005190   00005190    r-x .text
  000053fc    000053fc    00000760   00000760    r-- .const
  00005b60    00005b60    00000084   00000084    r-- .cinit
20000000    20000000    00000ea0   00000000    rw-
  20000000    20000000    0000026c   00000000    rw- .vtable
  2000026c    2000026c    00000400   00000000    rw- .stack
  20000670    20000670    00000400   00000000    rw- .sysmem
  20000a70    20000a70    00000375   00000000    rw- .bss
  20000de8    20000de8    000000b8   00000000    rw- .data


SECTION ALLOCATION MAP

 output                                  attributes/
section   page    origin      length       input sections
--------  ----  ----------  ----------   ----------------
.intvecs   0    00000000    0000026c     
                  00000000    0000026c     tm4c123gh6pm_startup_ccs.obj (.intvecs)

.text      0    0000026c    00005190     
                  0000026c    00001110     rtsv7M4_T_le_v4SPD16_eabi.lib : _printfi.obj (.text)
                  0000137c    00000950     OrbitOledGrph.obj (.text)
                  00001ccc    0000049c     uartstdio.obj (.text)
                  00002168    000003dc     rtsv7M4_T_le_v4SPD16_eabi.lib : memory.obj (.text)
                  00002544    0000037c     OrbitOled.obj (.text)
                  000028c0    00000310     buttons.obj (.text)
                  00002bd0    00000240     control_system.obj (.text)
                  00002e10    00000204     OrbitOledChar.obj (.text)
                  00003014    000001f4     rtsv7M4_T_le_v4SPD16_eabi.lib : ull_div_t2.obj (.text)
                  00003208    000001d0     draw_display.obj (.text)
                  000033d8    000001b8     yaw_functions.obj (.text)
                  00003590    000001b6     rtsv7M4_T_le_v4SPD16_eabi.lib : fd_add_t2.obj (.text)
                  00003746    00000002                                   : i_div0.obj (.text)
                  00003748    000001b0     PWM_rotors.obj (.text)
                  000038f8    000001a8     alt_ADC.obj (.text)
                  00003aa0    000001a8     helicopter_project.obj (.text)
                  00003c48    00000190     Inits.obj (.text)
                  00003dd8    00000136     rtsv7M4_T_le_v4SPD16_eabi.lib : fd_div_t2.obj (.text)
                  00003f0e    00000132     driverlib.lib : gpio.obj (.text:GPIOPadConfigSet)
                  00004040    00000110                   : sysctl.obj (.text:SysCtlClockGet)
                  00004150    000000fc     rtsv7M4_T_le_v4SPD16_eabi.lib : fd_mul_t2.obj (.text)
                  0000424c    000000fc                                   : s_scalbn.obj (.text)
                  00004348    000000f4     driverlib.lib : sysctl.obj (.text:SysCtlClockSet)
                  0000443c    000000b8     circBufT.obj (.text)
                  000044f4    0000009c     rtsv7M4_T_le_v4SPD16_eabi.lib : memcpy_t2.obj (.text)
                  00004590    00000086                                   : fd_cmp_t2.obj (.text:__aeabi_cdcmple)
                  00004616    00000086                                   : fd_cmp_t2.obj (.text:__aeabi_cdrcmple)
                  0000469c    0000007a     driverlib.lib : adc.obj (.text:ADCSequenceStepConfigure)
                  00004716    0000007a     rtsv7M4_T_le_v4SPD16_eabi.lib : memset_t2.obj (.text)
                  00004790    00000070                                   : autoinit.obj (.text)
                  00004800    0000006e                                   : fd_tos_t2.obj (.text)
                  0000486e    0000006a                                   : copy_decompress_rle.obj (.text)
                  000048d8    00000068     driverlib.lib : interrupt.obj (.text:IntEnable)
                  00004940    00000064     rtsv7M4_T_le_v4SPD16_eabi.lib : s_frexp.obj (.text)
                  000049a4    00000060     driverlib.lib : timer.obj (.text:TimerConfigure)
                  00004a04    00000060     rtsv7M4_T_le_v4SPD16_eabi.lib : sprintf.obj (.text)
                  00004a64    0000005c     delay.obj (.text)
                  00004ac0    00000058     driverlib.lib : adc.obj (.text:ADCSequenceConfigure)
                  00004b18    00000056                   : gpio.obj (.text:GPIOIntTypeSet)
                  00004b6e    00000056     rtsv7M4_T_le_v4SPD16_eabi.lib : ltoa.obj (.text)
                  00004bc4    00000054                                   : boot.obj (.text)
                  00004c18    00000054                                   : exit.obj (.text)
                  00004c6c    00000050     driverlib.lib : sysctl.obj (.text:SysCtlPeripheralReset)
                  00004cbc    0000004c     rtsv7M4_T_le_v4SPD16_eabi.lib : atoi.obj (.text)
                  00004d08    0000004c                                   : cpy_tbl.obj (.text)
                  00004d54    00000048     driverlib.lib : gpio.obj (.text:GPIOPinConfigure)
                  00004d9c    00000048     rtsv7M4_T_le_v4SPD16_eabi.lib : fd_toi_t2.obj (.text)
                  00004de4    00000046     driverlib.lib : uart.obj (.text:UARTConfigSetExpClk)
                  00004e2a    00000002     rtsv7M4_T_le_v4SPD16_eabi.lib : mpu_init.obj (.text)
                  00004e2c    00000044     OrbitOLEDInterface.obj (.text)
                  00004e70    00000044     rtsv7M4_T_le_v4SPD16_eabi.lib : fd_tou_t2.obj (.text)
                  00004eb4    00000040     driverlib.lib : gpio.obj (.text:_GPIOIntNumberGet)
                  00004ef4    00000040     rtsv7M4_T_le_v4SPD16_eabi.lib : u_divt2.obj (.text)
                  00004f34    0000003c     driverlib.lib : ssi.obj (.text:SSIConfigSetExpClk)
                  00004f70    00000038                   : sysctl.obj (.text:SysCtlPeripheralPresent)
                  00004fa8    00000038     rtsv7M4_T_le_v4SPD16_eabi.lib : fs_tod_t2.obj (.text)
                  00004fe0    00000034     driverlib.lib : interrupt.obj (.text:IntRegister)
                  00005014    00000034                   : sysctl.obj (.text:SysCtlPeripheralEnable)
                  00005048    0000002e                   : adc.obj (.text:ADCIntStatus)
                  00005076    0000002e     rtsv7M4_T_le_v4SPD16_eabi.lib : i_tofd_t2.obj (.text)
                  000050a4    0000002a     driverlib.lib : gpio.obj (.text:GPIODirModeSet)
                  000050ce    00000022                   : pwm.obj (.text:PWMGenConfigure)
                  000050f0    00000020                   : uart.obj (.text:UARTDisable)
                  00005110    0000001e                   : adc.obj (.text:ADCSequenceDataGet)
                  0000512e    0000001e                   : pwm.obj (.text:PWMPulseWidthSet)
                  0000514c    0000001c                   : systick.obj (.text:SysTickIntRegister)
                  00005168    0000001c     rtsv7M4_T_le_v4SPD16_eabi.lib : memccpy.obj (.text)
                  00005184    00000018     driverlib.lib : adc.obj (.text:ADCProcessorTrigger)
                  0000519c    00000018                   : gpio.obj (.text:GPIOIntRegister)
                  000051b4    00000018                   : gpio.obj (.text:GPIOPinTypeGPIOOutput)
                  000051cc    00000018     rtsv7M4_T_le_v4SPD16_eabi.lib : args_main.obj (.text)
                  000051e4    00000016                                   : strchr.obj (.text)
                  000051fa    00000002                                   : startup.obj (.text)
                  000051fc    00000014     driverlib.lib : sysctl.obj (.text:SysCtlPWMClockSet)
                  00005210    00000014                   : systick.obj (.text:SysTickEnable)
                  00005224    00000014                   : systick.obj (.text:SysTickIntEnable)
                  00005238    00000014                   : uart.obj (.text:UARTEnable)
                  0000524c    00000014     rtsv7M4_T_le_v4SPD16_eabi.lib : _lock.obj (.text)
                  00005260    00000014                                   : s_copysign.obj (.text)
                  00005274    00000014                                   : strlen.obj (.text)
                  00005288    00000012     driverlib.lib : gpio.obj (.text:GPIOPinTypeADC)
                  0000529a    00000012                   : gpio.obj (.text:GPIOPinTypeGPIOInput)
                  000052ac    00000012                   : gpio.obj (.text:GPIOPinTypePWM)
                  000052be    00000012                   : gpio.obj (.text:GPIOPinTypeSSI)
                  000052d0    00000012                   : gpio.obj (.text:GPIOPinTypeUART)
                  000052e2    00000012                   : pwm.obj (.text:PWMOutputState)
                  000052f4    00000010                   : interrupt.obj (.text:IntMasterEnable)
                  00005304    00000010                   : pwm.obj (.text:PWMGenPeriodSet)
                  00005314    00000010                   : systick.obj (.text:SysTickPeriodSet)
                  00005324    0000000e                   : adc.obj (.text:ADCSequenceEnable)
                  00005332    0000000e                   : timer.obj (.text:TimerEnable)
                  00005340    0000000e     rtsv7M4_T_le_v4SPD16_eabi.lib : copy_decompress_none.obj (.text:decompress:none)
                  0000534e    0000000c     driverlib.lib : cpu.obj (.text:CPUcpsie)
                  0000535a    0000000c                   : gpio.obj (.text:GPIOIntEnable)
                  00005366    0000000c                   : pwm.obj (.text:PWMGenEnable)
                  00005372    0000000c                   : ssi.obj (.text:SSIDataGet)
                  0000537e    0000000c     tm4c123gh6pm_startup_ccs.obj (.text)
                  0000538a    0000000a     driverlib.lib : adc.obj (.text:ADCIntClear)
                  00005394    0000000a                   : ssi.obj (.text:SSIDataPut)
                  0000539e    0000000a                   : ssi.obj (.text:SSIEnable)
                  000053a8    0000000a                   : timer.obj (.text:TimerValueGet)
                  000053b2    0000000a                   : uart.obj (.text:UARTCharGet)
                  000053bc    0000000a                   : uart.obj (.text:UARTCharPut)
                  000053c6    00000008                   : ssi.obj (.text:SSIBusy)
                  000053ce    00000006                   : gpio.obj (.text:GPIOIntClear)
                  000053d4    00000006                   : gpio.obj (.text:GPIOPinRead)
                  000053da    00000006                   : gpio.obj (.text:GPIOPinWrite)
                  000053e0    00000006                   : ssi.obj (.text:SSIClockSourceSet)
                  000053e6    00000006                   : sysctl.obj (.text:SysCtlDelay)
                  000053ec    00000006                   : uart.obj (.text:UARTClockSourceSet)
                  000053f2    00000006     rtsv7M4_T_le_v4SPD16_eabi.lib : copy_decompress_rle.obj (.text:decompress:rle24)
                  000053f8    00000004                                   : pre_init.obj (.text)

.const     0    000053fc    00000760     
                  000053fc    00000300     ChrFont0.obj (.const:.string:rgbOledFont0)
                  000056fc    00000101     rtsv7M4_T_le_v4SPD16_eabi.lib : ctype.obj (.const:.string:_ctypes_)
                  000057fd    00000003     --HOLE-- [fill = 0]
                  00005800    000000c0     driverlib.lib : gpio.obj (.const:g_ppui32GPIOIntMapBlizzard)
                  000058c0    000000c0                   : gpio.obj (.const:g_ppui32GPIOIntMapSnowflake)
                  00005980    00000090                   : gpio.obj (.const:g_pui32GPIOBaseAddrs)
                  00005a10    00000070                   : interrupt.obj (.const)
                  00005a80    0000006c                   : sysctl.obj (.const:g_pui32Xtals)
                  00005aec    00000040     FillPat.obj (.const:.string:rgbFillPat)
                  00005b2c    00000012     uartstdio.obj (.const:.string)
                  00005b3e    00000002     --HOLE-- [fill = 0]
                  00005b40    0000000c     uartstdio.obj (.const:g_ui32UARTBase)
                  00005b4c    0000000c     uartstdio.obj (.const:g_ui32UARTPeriph)
                  00005b58    00000004     uartstdio.obj (.const)

.cinit     0    00005b60    00000084     
                  00005b60    00000047     (.cinit..data.load) [load image, compression = rle]
                  00005ba7    00000001     --HOLE-- [fill = 0]
                  00005ba8    0000000b     (.cinit..bss.load) [load image, compression = rle]
                  00005bb3    00000005     --HOLE-- [fill = 0]
                  00005bb8    0000000b     (.cinit..vtable.load) [load image, compression = rle]
                  00005bc3    00000001     --HOLE-- [fill = 0]
                  00005bc4    00000008     (__TI_handler_table)
                  00005bcc    00000018     (__TI_cinit_table)

.init_array 
*          0    00000000    00000000     UNINITIALIZED

.vtable    0    20000000    0000026c     UNINITIALIZED
                  20000000    0000026c     driverlib.lib : interrupt.obj (.vtable)

.stack     0    2000026c    00000400     UNINITIALIZED
                  2000026c    00000400     --HOLE--

.sysmem    0    20000670    00000400     UNINITIALIZED
                  20000670    00000008     rtsv7M4_T_le_v4SPD16_eabi.lib : memory.obj (.sysmem)
                  20000678    000003f8     --HOLE--

.bss       0    20000a70    00000375     UNINITIALIZED
                  20000a70    00000200     (.common:rgbOledBmp)
                  20000c70    00000100     (.common:rgbOledFontUser)
                  20000d70    00000010     alt_ADC.obj (.bss:g_inBuffer)
                  20000d80    00000008     buttons.obj (.bss:but_count)
                  20000d88    00000008     buttons.obj (.bss:but_flag)
                  20000d90    00000008     buttons.obj (.bss:but_normal)
                  20000d98    00000008     buttons.obj (.bss:but_state)
                  20000da0    00000004     (.common:ADCValue)
                  20000da4    00000004     (.common:bnOledCur)
                  20000da8    00000004     (.common:dxcoOledFontCur)
                  20000dac    00000004     (.common:dycoOledFontCur)
                  20000db0    00000004     (.common:fOledCharUpdate)
                  20000db4    00000004     (.common:modOledCur)
                  20000db8    00000004     (.common:pbOledCur)
                  20000dbc    00000004     (.common:pbOledFontCur)
                  20000dc0    00000004     (.common:pbOledFontUser)
                  20000dc4    00000004     (.common:pbOledPatCur)
                  20000dc8    00000004     (.common:pfnDoRop)
                  20000dcc    00000004     (.common:xchOledCur)
                  20000dd0    00000004     (.common:xchOledMax)
                  20000dd4    00000004     (.common:xcoOledCur)
                  20000dd8    00000004     (.common:ychOledCur)
                  20000ddc    00000004     (.common:ychOledMax)
                  20000de0    00000004     (.common:ycoOledCur)
                  20000de4    00000001     (.common:clrOledCur)

.data      0    20000de8    000000b8     UNINITIALIZED
                  20000de8    00000054     control_system.obj (.data)
                  20000e3c    0000001c     alt_ADC.obj (.data)
                  20000e58    00000010     yaw_functions.obj (.data)
                  20000e68    0000000c     rtsv7M4_T_le_v4SPD16_eabi.lib : exit.obj (.data:$O1$$)
                  20000e74    0000000c                                   : memory.obj (.data:$O1$$)
                  20000e80    00000008                                   : _lock.obj (.data:$O1$$)
                  20000e88    00000008     helicopter_project.obj (.data)
                  20000e90    00000005     uartstdio.obj (.data)
                  20000e95    00000003     --HOLE--
                  20000e98    00000004     rtsv7M4_T_le_v4SPD16_eabi.lib : errno.obj (.data)
                  20000e9c    00000004                                   : stkdepth_vars.obj (.data)

MODULE SUMMARY

       Module                         code    ro data   rw data
       ------                         ----    -------   -------
    .\
       uartstdio.obj                  1180    46        5      
       buttons.obj                    784     0         32     
       control_system.obj             576     0         84     
       tm4c123gh6pm_startup_ccs.obj   12      620       0      
       alt_ADC.obj                    424     0         48     
       draw_display.obj               464     0         0      
       yaw_functions.obj              440     0         16     
       PWM_rotors.obj                 432     0         0      
       helicopter_project.obj         424     0         8      
       Inits.obj                      400     0         0      
       circBufT.obj                   184     0         0      
       OrbitOLEDInterface.obj         68      0         0      
    +--+------------------------------+-------+---------+---------+
       Total:                         5388    666       193    
                                                               
    .\lib_OrbitOled\
       OrbitOledGrph.obj              2384    0         8      
       OrbitOled.obj                  892     0         553    
       OrbitOledChar.obj              516     0         272    
       ChrFont0.obj                   0       768       0      
       delay.obj                      92      0         0      
       FillPat.obj                    0       64        0      
    +--+------------------------------+-------+---------+---------+
       Total:                         3884    832       833    
                                                               
    C:/ti/TivaWare_C_Series-2.1.3.156/driverlib/ccs/Debug/driverlib.lib
       gpio.obj                       738     528       0      
       interrupt.obj                  172     112       620    
       sysctl.obj                     730     108       0      
       adc.obj                        334     0         0      
       uart.obj                       148     0         0      
       timer.obj                      120     0         0      
       pwm.obj                        110     0         0      
       ssi.obj                        106     0         0      
       systick.obj                    84      0         0      
       cpu.obj                        12      0         0      
    +--+------------------------------+-------+---------+---------+
       Total:                         2554    748       620    
                                                               
    C:\ti\ccsv6\tools\compiler\arm_15.12.3.LTS\lib\rtsv7M4_T_le_v4SPD16_eabi.lib
       _printfi.obj                   4368    0         0      
       memory.obj                     988     0         12     
       ull_div_t2.obj                 500     0         0      
       fd_add_t2.obj                  438     0         0      
       fd_div_t2.obj                  310     0         0      
       fd_cmp_t2.obj                  268     0         0      
       ctype.obj                      0       257       0      
       fd_mul_t2.obj                  252     0         0      
       s_scalbn.obj                   252     0         0      
       memcpy_t2.obj                  156     0         0      
       memset_t2.obj                  122     0         0      
       autoinit.obj                   112     0         0      
       copy_decompress_rle.obj        112     0         0      
       fd_tos_t2.obj                  110     0         0      
       s_frexp.obj                    100     0         0      
       exit.obj                       84      0         12     
       sprintf.obj                    96      0         0      
       ltoa.obj                       86      0         0      
       boot.obj                       84      0         0      
       atoi.obj                       76      0         0      
       cpy_tbl.obj                    76      0         0      
       fd_toi_t2.obj                  72      0         0      
       fd_tou_t2.obj                  68      0         0      
       u_divt2.obj                    64      0         0      
       fs_tod_t2.obj                  56      0         0      
       i_tofd_t2.obj                  46      0         0      
       _lock.obj                      20      0         8      
       memccpy.obj                    28      0         0      
       args_main.obj                  24      0         0      
       strchr.obj                     22      0         0      
       s_copysign.obj                 20      0         0      
       strlen.obj                     20      0         0      
       copy_decompress_none.obj       14      0         0      
       errno.obj                      0       0         4      
       pre_init.obj                   4       0         0      
       stkdepth_vars.obj              0       0         4      
       i_div0.obj                     2       0         0      
       mpu_init.obj                   2       0         0      
       startup.obj                    2       0         0      
    +--+------------------------------+-------+---------+---------+
       Total:                         9054    257       40     
                                                               
       Heap:                          0       0         1024   
       Stack:                         0       0         1024   
       Linker Generated:              0       125       0      
    +--+------------------------------+-------+---------+---------+
       Grand Total:                   20880   2628      3734   


LINKER GENERATED COPY TABLES

__TI_cinit_table @ 00005bcc records: 3, size/record: 8, table size: 24
	.data: load addr=00005b60, load size=00000047 bytes, run addr=20000de8, run size=000000b8 bytes, compression=rle
	.bss: load addr=00005ba8, load size=0000000b bytes, run addr=20000a70, run size=00000375 bytes, compression=rle
	.vtable: load addr=00005bb8, load size=0000000b bytes, run addr=20000000, run size=0000026c bytes, compression=rle


LINKER GENERATED HANDLER TABLE

__TI_handler_table @ 00005bc4 records: 2, size/record: 4, table size: 8
	index: 0, handler: __TI_decompress_rle24
	index: 1, handler: __TI_decompress_none


GLOBAL SYMBOLS: SORTED ALPHABETICALLY BY Name 

address   name                           
-------   ----                           
0000538b  ADCIntClear                    
00005049  ADCIntStatus                   
00005185  ADCProcessorTrigger            
00004ac1  ADCSequenceConfigure           
00005111  ADCSequenceDataGet             
00005325  ADCSequenceEnable              
0000469d  ADCSequenceStepConfigure       
20000da0  ADCValue                       
00004c19  C$$EXIT                        
0000534f  CPUcpsie                       
00004a65  DelayInit                      
00004a7f  DelayMs                        
000050a5  GPIODirModeSet                 
000053cf  GPIOIntClear                   
0000535b  GPIOIntEnable                  
0000519d  GPIOIntRegister                
00004b19  GPIOIntTypeSet                 
00003f0f  GPIOPadConfigSet               
00004d55  GPIOPinConfigure               
000053d5  GPIOPinRead                    
00005289  GPIOPinTypeADC                 
0000529b  GPIOPinTypeGPIOInput           
000051b5  GPIOPinTypeGPIOOutput          
000052ad  GPIOPinTypePWM                 
000052bf  GPIOPinTypeSSI                 
000052d1  GPIOPinTypeUART                
000053db  GPIOPinWrite                   
000048d9  IntEnable                      
000052f5  IntMasterEnable                
00004fe1  IntRegister                    
20000df4  Kd                             
20000df0  Ki                             
20000dec  Kp                             
0000384f  MainRotorPWM                   
00004e53  OLEDInitialise                 
00004e2d  OLEDStringDraw                 
00002fa9  OrbitOledAdvanceCursor         
00001c6b  OrbitOledClampXco              
00001c8b  OrbitOledClampYco              
00002721  OrbitOledClear                 
0000272d  OrbitOledClearBuffer           
00002e79  OrbitOledDefUserChar           
0000269d  OrbitOledDevInit               
00001aad  OrbitOledDrawChar              
00002f31  OrbitOledDrawGlyph             
00001473  OrbitOledDrawPixel             
000015b9  OrbitOledDrawRect              
00001b0d  OrbitOledDrawString            
00002623  OrbitOledDvrInit               
0000163d  OrbitOledFillRect              
00001781  OrbitOledGetBmp                
00002ee1  OrbitOledGetCharUpdate         
00002e5d  OrbitOledGetCursor             
0000146d  OrbitOledGetDrawMode           
0000149f  OrbitOledGetPixel              
000013c3  OrbitOledGetPos                
000013f7  OrbitOledGetStdPattern         
00002559  OrbitOledHostInit              
00002545  OrbitOledInit                  
000014b9  OrbitOledLineTo                
00001bff  OrbitOledMoveDown              
00001c39  OrbitOledMoveLeft              
00001c51  OrbitOledMoveRight             
0000137d  OrbitOledMoveTo                
00001bcd  OrbitOledMoveUp                
000018e1  OrbitOledPutBmp                
000027b7  OrbitOledPutBuffer             
00002ee7  OrbitOledPutChar               
00002f05  OrbitOledPutString             
00001b79  OrbitOledRopAnd                
00001b55  OrbitOledRopOr                 
00001b2b  OrbitOledRopSet                
00001b9d  OrbitOledRopXor                
00002ec9  OrbitOledSetCharUpdate         
00002e11  OrbitOledSetCursor             
000013df  OrbitOledSetDrawColor          
00001419  OrbitOledSetDrawMode           
00001409  OrbitOledSetFillPattern        
0000275d  OrbitOledUpdate                
000050cf  PWMGenConfigure                
00005367  PWMGenEnable                   
00005305  PWMGenPeriodSet                
000052e3  PWMOutputState                 
0000512f  PWMPulseWidthSet               
0000537f  ResetISR                       
20000e50  SETTLING_TIME                  
UNDEFED   SHT$$INIT_ARRAY$$Base          
UNDEFED   SHT$$INIT_ARRAY$$Limit         
000053c7  SSIBusy                        
000053e1  SSIClockSourceSet              
00004f35  SSIConfigSetExpClk             
00005373  SSIDataGet                     
00005395  SSIDataPut                     
0000539f  SSIEnable                      
20000e58  STATE_1                        
20000e59  STATE_2                        
20000e5a  STATE_3                        
20000e5b  STATE_4                        
0000281d  Ssi3PutByte                    
00004041  SysCtlClockGet                 
00004349  SysCtlClockSet                 
000053e7  SysCtlDelay                    
000051fd  SysCtlPWMClockSet              
00005015  SysCtlPeripheralEnable         
00004f71  SysCtlPeripheralPresent        
00004c6d  SysCtlPeripheralReset          
00005211  SysTickEnable                  
00005225  SysTickIntEnable               
00003aa1  SysTickIntHandler              
0000514d  SysTickIntRegister             
00005315  SysTickPeriodSet               
000038ab  TailRotorPWM                   
000049a5  TimerConfigure                 
00005333  TimerEnable                    
000053a9  TimerValueGet                  
000053b3  UARTCharGet                    
000053bd  UARTCharPut                    
000053ed  UARTClockSourceSet             
00004de5  UARTConfigSetExpClk            
000050f1  UARTDisable                    
00005239  UARTEnable                     
00001ccd  UARTStdioConfig                
000032a5  UARTdisplay                    
00001e13  UARTgetc                       
00001d59  UARTgets                       
00002133  UARTprintf                     
00001e39  UARTvprintf                    
00001d13  UARTwrite                      
000033e1  YawIntHandler                  
20000e00  YawKd                          
20000dfc  YawKi                          
20000df8  YawKp                          
2000066c  __STACK_END                    
00000400  __STACK_SIZE                   
2000046c  __STACK_TOP                    
00000400  __SYSMEM_SIZE                  
00005bcc  __TI_CINIT_Base                
00005be4  __TI_CINIT_Limit               
00005bc4  __TI_Handler_Table_Base        
00005bcc  __TI_Handler_Table_Limit       
00004791  __TI_auto_init                 
20000e68  __TI_cleanup_ptr               
00005341  __TI_decompress_none           
000053f3  __TI_decompress_rle24          
20000e6c  __TI_dtors_ptr                 
20000e70  __TI_enable_exit_profile_output
ffffffff  __TI_pprof_out_hndl            
00001077  __TI_printfi                   
ffffffff  __TI_prof_data_size            
ffffffff  __TI_prof_data_start           
00000000  __TI_static_base__             
00004591  __aeabi_cdcmpeq                
00004591  __aeabi_cdcmple                
00004617  __aeabi_cdrcmple               
00004801  __aeabi_d2f                    
00004d9d  __aeabi_d2iz                   
00004e71  __aeabi_d2uiz                  
0000359b  __aeabi_dadd                   
00003dd9  __aeabi_ddiv                   
00004151  __aeabi_dmul                   
00003591  __aeabi_dsub                   
00004fa9  __aeabi_f2d                    
00005077  __aeabi_i2d                    
00003747  __aeabi_idiv0                  
00004717  __aeabi_memclr                 
00004717  __aeabi_memclr4                
00004717  __aeabi_memclr8                
000044f5  __aeabi_memcpy                 
000044f5  __aeabi_memcpy4                
000044f5  __aeabi_memcpy8                
00004719  __aeabi_memset                 
00004719  __aeabi_memset4                
00004719  __aeabi_memset8                
00004ef5  __aeabi_uidiv                  
00004ef5  __aeabi_uidivmod               
00003015  __aeabi_uldivmod               
ffffffff  __binit__                      
ffffffff  __c_args__                     
00004e2b  __mpu_init                     
2000026c  __stack                        
000051cd  _args_main                     
00004bc5  _c_int00                       
000056fc  _ctypes_                       
20000e80  _lock                          
0000525b  _nop                           
00005253  _register_lock                 
0000524d  _register_unlock               
20000670  _sys_memory                    
000051fb  _system_post_cinit             
000053f9  _system_pre_init               
20000e84  _unlock                        
00004c1d  abort                          
20000e54  alt_actual                     
00002ae3  alt_button                     
00002bd1  alt_control                    
20000e04  alt_desired                    
20000e08  alt_error                      
00004cbd  atoi                           
ffffffff  binit                          
20000da4  bnOledCur                      
00002511  calloc                         
00002aa5  checkButton                    
20000de4  clrOledCur                     
00004d09  copy_in                        
00005261  copysign                       
00005261  copysignl                      
20000e48  current_alt                    
20000e60  current_state                  
20000e10  derivitive_alt_error           
20000e28  derivitive_yaw_error           
00003211  displayVals                    
20000de8  dt                             
20000da8  dxcoOledFontCur                
20000dac  dycoOledFontCur                
20000e98  errno                          
00004c25  exit                           
20000db0  fOledCharUpdate                
0000225f  free                           
000044cf  freeCircBuf                    
00004941  frexp                          
00004941  frexpl                         
20000000  g_pfnRAMVectors                
00000000  g_pfnVectors                   
0000390b  getAlt                         
000033d9  getYaw                         
20000e3c  i                              
000038f9  initAltADC                     
000028c1  initButtons                    
0000443d  initCircBuf                    
00003209  initDisplay                    
00003c49  initPins                       
00003d73  initSysTick                    
00003749  initialiseMainPWM              
000037b3  initialiseTailPWM              
20000e0c  integral_alt_error             
20000e24  integral_yaw_error             
20000e40  j                              
0000424d  ldexp                          
0000424d  ldexpl                         
00004b6f  ltoa                           
00003aab  main                           
20000e18  main_duty                      
20000e34  main_duty_u32                  
20000e9c  main_func_sp                   
000021f7  malloc                         
0000242d  memalign                       
00005169  memccpy                        
000044f5  memcpy                         
0000471f  memset                         
20000e8c  milliseconds_passed            
20000e44  min_alt                        
00002169  minit                          
20000db4  modOledCur                     
20000db8  pbOledCur                      
20000dbc  pbOledFontCur                  
20000dc0  pbOledFontUser                 
20000dc4  pbOledPatCur                   
20000dc8  pfnDoRop                       
20000e14  prev_alt_error                 
20000e61  prev_state                     
20000e2c  prev_yaw_error                 
0000449b  readCircBuf                    
00002321  realloc                        
00005aec  rgbFillPat                     
20000a70  rgbOledBmp                     
000053fc  rgbOledFont0                   
20000c70  rgbOledFontUser                
0000424d  scalbn                         
0000424d  scalbnl                        
00003815  setMainPWM                     
00003875  setTailPWM                     
00004a05  sprintf                        
000051e5  strchr                         
00005275  strlen                         
20000e4c  sum                            
20000e88  sys_ticks                      
20000e30  tail_duty                      
20000e38  tail_duty_u32                  
000029b3  updateButtons                  
00004467  writeCircBuf                   
20000dcc  xchOledCur                     
20000dd0  xchOledMax                     
20000dd4  xcoOledCur                     
20000e64  yaw                            
20000e5c  yawActual                      
00002b45  yaw_button                     
00002cc5  yaw_control                    
20000e1c  yaw_desired                    
20000e20  yaw_error                      
20000dd8  ychOledCur                     
20000ddc  ychOledMax                     
20000de0  ycoOledCur                     


GLOBAL SYMBOLS: SORTED BY Symbol Address 

address   name                           
-------   ----                           
00000000  __TI_static_base__             
00000000  g_pfnVectors                   
00000400  __STACK_SIZE                   
00000400  __SYSMEM_SIZE                  
00001077  __TI_printfi                   
0000137d  OrbitOledMoveTo                
000013c3  OrbitOledGetPos                
000013df  OrbitOledSetDrawColor          
000013f7  OrbitOledGetStdPattern         
00001409  OrbitOledSetFillPattern        
00001419  OrbitOledSetDrawMode           
0000146d  OrbitOledGetDrawMode           
00001473  OrbitOledDrawPixel             
0000149f  OrbitOledGetPixel              
000014b9  OrbitOledLineTo                
000015b9  OrbitOledDrawRect              
0000163d  OrbitOledFillRect              
00001781  OrbitOledGetBmp                
000018e1  OrbitOledPutBmp                
00001aad  OrbitOledDrawChar              
00001b0d  OrbitOledDrawString            
00001b2b  OrbitOledRopSet                
00001b55  OrbitOledRopOr                 
00001b79  OrbitOledRopAnd                
00001b9d  OrbitOledRopXor                
00001bcd  OrbitOledMoveUp                
00001bff  OrbitOledMoveDown              
00001c39  OrbitOledMoveLeft              
00001c51  OrbitOledMoveRight             
00001c6b  OrbitOledClampXco              
00001c8b  OrbitOledClampYco              
00001ccd  UARTStdioConfig                
00001d13  UARTwrite                      
00001d59  UARTgets                       
00001e13  UARTgetc                       
00001e39  UARTvprintf                    
00002133  UARTprintf                     
00002169  minit                          
000021f7  malloc                         
0000225f  free                           
00002321  realloc                        
0000242d  memalign                       
00002511  calloc                         
00002545  OrbitOledInit                  
00002559  OrbitOledHostInit              
00002623  OrbitOledDvrInit               
0000269d  OrbitOledDevInit               
00002721  OrbitOledClear                 
0000272d  OrbitOledClearBuffer           
0000275d  OrbitOledUpdate                
000027b7  OrbitOledPutBuffer             
0000281d  Ssi3PutByte                    
000028c1  initButtons                    
000029b3  updateButtons                  
00002aa5  checkButton                    
00002ae3  alt_button                     
00002b45  yaw_button                     
00002bd1  alt_control                    
00002cc5  yaw_control                    
00002e11  OrbitOledSetCursor             
00002e5d  OrbitOledGetCursor             
00002e79  OrbitOledDefUserChar           
00002ec9  OrbitOledSetCharUpdate         
00002ee1  OrbitOledGetCharUpdate         
00002ee7  OrbitOledPutChar               
00002f05  OrbitOledPutString             
00002f31  OrbitOledDrawGlyph             
00002fa9  OrbitOledAdvanceCursor         
00003015  __aeabi_uldivmod               
00003209  initDisplay                    
00003211  displayVals                    
000032a5  UARTdisplay                    
000033d9  getYaw                         
000033e1  YawIntHandler                  
00003591  __aeabi_dsub                   
0000359b  __aeabi_dadd                   
00003747  __aeabi_idiv0                  
00003749  initialiseMainPWM              
000037b3  initialiseTailPWM              
00003815  setMainPWM                     
0000384f  MainRotorPWM                   
00003875  setTailPWM                     
000038ab  TailRotorPWM                   
000038f9  initAltADC                     
0000390b  getAlt                         
00003aa1  SysTickIntHandler              
00003aab  main                           
00003c49  initPins                       
00003d73  initSysTick                    
00003dd9  __aeabi_ddiv                   
00003f0f  GPIOPadConfigSet               
00004041  SysCtlClockGet                 
00004151  __aeabi_dmul                   
0000424d  ldexp                          
0000424d  ldexpl                         
0000424d  scalbn                         
0000424d  scalbnl                        
00004349  SysCtlClockSet                 
0000443d  initCircBuf                    
00004467  writeCircBuf                   
0000449b  readCircBuf                    
000044cf  freeCircBuf                    
000044f5  __aeabi_memcpy                 
000044f5  __aeabi_memcpy4                
000044f5  __aeabi_memcpy8                
000044f5  memcpy                         
00004591  __aeabi_cdcmpeq                
00004591  __aeabi_cdcmple                
00004617  __aeabi_cdrcmple               
0000469d  ADCSequenceStepConfigure       
00004717  __aeabi_memclr                 
00004717  __aeabi_memclr4                
00004717  __aeabi_memclr8                
00004719  __aeabi_memset                 
00004719  __aeabi_memset4                
00004719  __aeabi_memset8                
0000471f  memset                         
00004791  __TI_auto_init                 
00004801  __aeabi_d2f                    
000048d9  IntEnable                      
00004941  frexp                          
00004941  frexpl                         
000049a5  TimerConfigure                 
00004a05  sprintf                        
00004a65  DelayInit                      
00004a7f  DelayMs                        
00004ac1  ADCSequenceConfigure           
00004b19  GPIOIntTypeSet                 
00004b6f  ltoa                           
00004bc5  _c_int00                       
00004c19  C$$EXIT                        
00004c1d  abort                          
00004c25  exit                           
00004c6d  SysCtlPeripheralReset          
00004cbd  atoi                           
00004d09  copy_in                        
00004d55  GPIOPinConfigure               
00004d9d  __aeabi_d2iz                   
00004de5  UARTConfigSetExpClk            
00004e2b  __mpu_init                     
00004e2d  OLEDStringDraw                 
00004e53  OLEDInitialise                 
00004e71  __aeabi_d2uiz                  
00004ef5  __aeabi_uidiv                  
00004ef5  __aeabi_uidivmod               
00004f35  SSIConfigSetExpClk             
00004f71  SysCtlPeripheralPresent        
00004fa9  __aeabi_f2d                    
00004fe1  IntRegister                    
00005015  SysCtlPeripheralEnable         
00005049  ADCIntStatus                   
00005077  __aeabi_i2d                    
000050a5  GPIODirModeSet                 
000050cf  PWMGenConfigure                
000050f1  UARTDisable                    
00005111  ADCSequenceDataGet             
0000512f  PWMPulseWidthSet               
0000514d  SysTickIntRegister             
00005169  memccpy                        
00005185  ADCProcessorTrigger            
0000519d  GPIOIntRegister                
000051b5  GPIOPinTypeGPIOOutput          
000051cd  _args_main                     
000051e5  strchr                         
000051fb  _system_post_cinit             
000051fd  SysCtlPWMClockSet              
00005211  SysTickEnable                  
00005225  SysTickIntEnable               
00005239  UARTEnable                     
0000524d  _register_unlock               
00005253  _register_lock                 
0000525b  _nop                           
00005261  copysign                       
00005261  copysignl                      
00005275  strlen                         
00005289  GPIOPinTypeADC                 
0000529b  GPIOPinTypeGPIOInput           
000052ad  GPIOPinTypePWM                 
000052bf  GPIOPinTypeSSI                 
000052d1  GPIOPinTypeUART                
000052e3  PWMOutputState                 
000052f5  IntMasterEnable                
00005305  PWMGenPeriodSet                
00005315  SysTickPeriodSet               
00005325  ADCSequenceEnable              
00005333  TimerEnable                    
00005341  __TI_decompress_none           
0000534f  CPUcpsie                       
0000535b  GPIOIntEnable                  
00005367  PWMGenEnable                   
00005373  SSIDataGet                     
0000537f  ResetISR                       
0000538b  ADCIntClear                    
00005395  SSIDataPut                     
0000539f  SSIEnable                      
000053a9  TimerValueGet                  
000053b3  UARTCharGet                    
000053bd  UARTCharPut                    
000053c7  SSIBusy                        
000053cf  GPIOIntClear                   
000053d5  GPIOPinRead                    
000053db  GPIOPinWrite                   
000053e1  SSIClockSourceSet              
000053e7  SysCtlDelay                    
000053ed  UARTClockSourceSet             
000053f3  __TI_decompress_rle24          
000053f9  _system_pre_init               
000053fc  rgbOledFont0                   
000056fc  _ctypes_                       
00005aec  rgbFillPat                     
00005bc4  __TI_Handler_Table_Base        
00005bcc  __TI_CINIT_Base                
00005bcc  __TI_Handler_Table_Limit       
00005be4  __TI_CINIT_Limit               
20000000  g_pfnRAMVectors                
2000026c  __stack                        
2000046c  __STACK_TOP                    
2000066c  __STACK_END                    
20000670  _sys_memory                    
20000a70  rgbOledBmp                     
20000c70  rgbOledFontUser                
20000da0  ADCValue                       
20000da4  bnOledCur                      
20000da8  dxcoOledFontCur                
20000dac  dycoOledFontCur                
20000db0  fOledCharUpdate                
20000db4  modOledCur                     
20000db8  pbOledCur                      
20000dbc  pbOledFontCur                  
20000dc0  pbOledFontUser                 
20000dc4  pbOledPatCur                   
20000dc8  pfnDoRop                       
20000dcc  xchOledCur                     
20000dd0  xchOledMax                     
20000dd4  xcoOledCur                     
20000dd8  ychOledCur                     
20000ddc  ychOledMax                     
20000de0  ycoOledCur                     
20000de4  clrOledCur                     
20000de8  dt                             
20000dec  Kp                             
20000df0  Ki                             
20000df4  Kd                             
20000df8  YawKp                          
20000dfc  YawKi                          
20000e00  YawKd                          
20000e04  alt_desired                    
20000e08  alt_error                      
20000e0c  integral_alt_error             
20000e10  derivitive_alt_error           
20000e14  prev_alt_error                 
20000e18  main_duty                      
20000e1c  yaw_desired                    
20000e20  yaw_error                      
20000e24  integral_yaw_error             
20000e28  derivitive_yaw_error           
20000e2c  prev_yaw_error                 
20000e30  tail_duty                      
20000e34  main_duty_u32                  
20000e38  tail_duty_u32                  
20000e3c  i                              
20000e40  j                              
20000e44  min_alt                        
20000e48  current_alt                    
20000e4c  sum                            
20000e50  SETTLING_TIME                  
20000e54  alt_actual                     
20000e58  STATE_1                        
20000e59  STATE_2                        
20000e5a  STATE_3                        
20000e5b  STATE_4                        
20000e5c  yawActual                      
20000e60  current_state                  
20000e61  prev_state                     
20000e64  yaw                            
20000e68  __TI_cleanup_ptr               
20000e6c  __TI_dtors_ptr                 
20000e70  __TI_enable_exit_profile_output
20000e80  _lock                          
20000e84  _unlock                        
20000e88  sys_ticks                      
20000e8c  milliseconds_passed            
20000e98  errno                          
20000e9c  main_func_sp                   
ffffffff  __TI_pprof_out_hndl            
ffffffff  __TI_prof_data_size            
ffffffff  __TI_prof_data_start           
ffffffff  __binit__                      
ffffffff  __c_args__                     
ffffffff  binit                          
UNDEFED   SHT$$INIT_ARRAY$$Base          
UNDEFED   SHT$$INIT_ARRAY$$Limit         

[292 symbols]
