******************************************************************************
                  TI ARM Linker PC v15.12.3                    
******************************************************************************
>> Linked Mon Jun 05 23:49:18 2017

OUTPUT FILE NAME:   <HeliProject.out>
ENTRY POINT SYMBOL: "_c_int00"  address: 00004bb9


MEMORY CONFIGURATION

         name            origin    length      used     unused   attr    fill
----------------------  --------  ---------  --------  --------  ----  --------
  FLASH                 00000000   00040000  00005bd4  0003a42c  R  X
  SRAM                  20000000   00008000  00000e99  00007167  RW X


SEGMENT ALLOCATION MAP

run origin  load origin   length   init length attrs members
----------  ----------- ---------- ----------- ----- -------
00000000    00000000    00005bd4   00005bd4    r-x
  00000000    00000000    0000026c   0000026c    r-- .intvecs
  0000026c    0000026c    00005184   00005184    r-x .text
  000053f0    000053f0    00000760   00000760    r-- .const
  00005b50    00005b50    00000084   00000084    r-- .cinit
20000000    20000000    00000ea0   00000000    rw-
  20000000    20000000    0000026c   00000000    rw- .vtable
  2000026c    2000026c    00000400   00000000    rw- .stack
  20000670    20000670    00000400   00000000    rw- .sysmem
  20000a70    20000a70    00000375   00000000    rw- .bss
  20000de8    20000de8    000000b8   00000000    rw- .data


SECTION ALLOCATION MAP

 output                                  attributes/
section   page    origin      length       input sections
--------  ----  ----------  ----------   ----------------
.intvecs   0    00000000    0000026c     
                  00000000    0000026c     tm4c123gh6pm_startup_ccs.obj (.intvecs)

.text      0    0000026c    00005184     
                  0000026c    00001110     rtsv7M4_T_le_v4SPD16_eabi.lib : _printfi.obj (.text)
                  0000137c    0000094c     OrbitOledGrph.obj (.text)
                  00001cc8    0000049c     uartstdio.obj (.text)
                  00002164    000003dc     rtsv7M4_T_le_v4SPD16_eabi.lib : memory.obj (.text)
                  00002540    0000037c     OrbitOled.obj (.text)
                  000028bc    00000308     buttons.obj (.text)
                  00002bc4    00000240     control_system.obj (.text)
                  00002e04    00000204     OrbitOledChar.obj (.text)
                  00003008    000001f4     rtsv7M4_T_le_v4SPD16_eabi.lib : ull_div_t2.obj (.text)
                  000031fc    000001d0     draw_display.obj (.text)
                  000033cc    000001b8     yaw_functions.obj (.text)
                  00003584    000001b6     rtsv7M4_T_le_v4SPD16_eabi.lib : fd_add_t2.obj (.text)
                  0000373a    00000002                                   : i_div0.obj (.text)
                  0000373c    000001b0     PWM_rotors.obj (.text)
                  000038ec    000001a8     alt_ADC.obj (.text)
                  00003a94    000001a8     helicopter_project.obj (.text)
                  00003c3c    00000190     Inits.obj (.text)
                  00003dcc    00000136     rtsv7M4_T_le_v4SPD16_eabi.lib : fd_div_t2.obj (.text)
                  00003f02    00000132     driverlib.lib : gpio.obj (.text:GPIOPadConfigSet)
                  00004034    00000110                   : sysctl.obj (.text:SysCtlClockGet)
                  00004144    000000fc     rtsv7M4_T_le_v4SPD16_eabi.lib : fd_mul_t2.obj (.text)
                  00004240    000000fc                                   : s_scalbn.obj (.text)
                  0000433c    000000f4     driverlib.lib : sysctl.obj (.text:SysCtlClockSet)
                  00004430    000000b8     circBufT.obj (.text)
                  000044e8    0000009c     rtsv7M4_T_le_v4SPD16_eabi.lib : memcpy_t2.obj (.text)
                  00004584    00000086                                   : fd_cmp_t2.obj (.text:__aeabi_cdcmple)
                  0000460a    00000086                                   : fd_cmp_t2.obj (.text:__aeabi_cdrcmple)
                  00004690    0000007a     driverlib.lib : adc.obj (.text:ADCSequenceStepConfigure)
                  0000470a    0000007a     rtsv7M4_T_le_v4SPD16_eabi.lib : memset_t2.obj (.text)
                  00004784    00000070                                   : autoinit.obj (.text)
                  000047f4    0000006e                                   : fd_tos_t2.obj (.text)
                  00004862    0000006a                                   : copy_decompress_rle.obj (.text)
                  000048cc    00000068     driverlib.lib : interrupt.obj (.text:IntEnable)
                  00004934    00000064     rtsv7M4_T_le_v4SPD16_eabi.lib : s_frexp.obj (.text)
                  00004998    00000060     driverlib.lib : timer.obj (.text:TimerConfigure)
                  000049f8    00000060     rtsv7M4_T_le_v4SPD16_eabi.lib : sprintf.obj (.text)
                  00004a58    0000005c     delay.obj (.text)
                  00004ab4    00000058     driverlib.lib : adc.obj (.text:ADCSequenceConfigure)
                  00004b0c    00000056                   : gpio.obj (.text:GPIOIntTypeSet)
                  00004b62    00000056     rtsv7M4_T_le_v4SPD16_eabi.lib : ltoa.obj (.text)
                  00004bb8    00000054                                   : boot.obj (.text)
                  00004c0c    00000054                                   : exit.obj (.text)
                  00004c60    00000050     driverlib.lib : sysctl.obj (.text:SysCtlPeripheralReset)
                  00004cb0    0000004c     rtsv7M4_T_le_v4SPD16_eabi.lib : atoi.obj (.text)
                  00004cfc    0000004c                                   : cpy_tbl.obj (.text)
                  00004d48    00000048     driverlib.lib : gpio.obj (.text:GPIOPinConfigure)
                  00004d90    00000048     rtsv7M4_T_le_v4SPD16_eabi.lib : fd_toi_t2.obj (.text)
                  00004dd8    00000046     driverlib.lib : uart.obj (.text:UARTConfigSetExpClk)
                  00004e1e    00000002     rtsv7M4_T_le_v4SPD16_eabi.lib : mpu_init.obj (.text)
                  00004e20    00000044     OrbitOLEDInterface.obj (.text)
                  00004e64    00000044     rtsv7M4_T_le_v4SPD16_eabi.lib : fd_tou_t2.obj (.text)
                  00004ea8    00000040     driverlib.lib : gpio.obj (.text:_GPIOIntNumberGet)
                  00004ee8    00000040     rtsv7M4_T_le_v4SPD16_eabi.lib : u_divt2.obj (.text)
                  00004f28    0000003c     driverlib.lib : ssi.obj (.text:SSIConfigSetExpClk)
                  00004f64    00000038                   : sysctl.obj (.text:SysCtlPeripheralPresent)
                  00004f9c    00000038     rtsv7M4_T_le_v4SPD16_eabi.lib : fs_tod_t2.obj (.text)
                  00004fd4    00000034     driverlib.lib : interrupt.obj (.text:IntRegister)
                  00005008    00000034                   : sysctl.obj (.text:SysCtlPeripheralEnable)
                  0000503c    0000002e                   : adc.obj (.text:ADCIntStatus)
                  0000506a    0000002e     rtsv7M4_T_le_v4SPD16_eabi.lib : i_tofd_t2.obj (.text)
                  00005098    0000002a     driverlib.lib : gpio.obj (.text:GPIODirModeSet)
                  000050c2    00000022                   : pwm.obj (.text:PWMGenConfigure)
                  000050e4    00000020                   : uart.obj (.text:UARTDisable)
                  00005104    0000001e                   : adc.obj (.text:ADCSequenceDataGet)
                  00005122    0000001e                   : pwm.obj (.text:PWMPulseWidthSet)
                  00005140    0000001c                   : systick.obj (.text:SysTickIntRegister)
                  0000515c    0000001c     rtsv7M4_T_le_v4SPD16_eabi.lib : memccpy.obj (.text)
                  00005178    00000018     driverlib.lib : adc.obj (.text:ADCProcessorTrigger)
                  00005190    00000018                   : gpio.obj (.text:GPIOIntRegister)
                  000051a8    00000018                   : gpio.obj (.text:GPIOPinTypeGPIOOutput)
                  000051c0    00000018     rtsv7M4_T_le_v4SPD16_eabi.lib : args_main.obj (.text)
                  000051d8    00000016                                   : strchr.obj (.text)
                  000051ee    00000002                                   : startup.obj (.text)
                  000051f0    00000014     driverlib.lib : sysctl.obj (.text:SysCtlPWMClockSet)
                  00005204    00000014                   : systick.obj (.text:SysTickEnable)
                  00005218    00000014                   : systick.obj (.text:SysTickIntEnable)
                  0000522c    00000014                   : uart.obj (.text:UARTEnable)
                  00005240    00000014     rtsv7M4_T_le_v4SPD16_eabi.lib : _lock.obj (.text)
                  00005254    00000014                                   : s_copysign.obj (.text)
                  00005268    00000014                                   : strlen.obj (.text)
                  0000527c    00000012     driverlib.lib : gpio.obj (.text:GPIOPinTypeADC)
                  0000528e    00000012                   : gpio.obj (.text:GPIOPinTypeGPIOInput)
                  000052a0    00000012                   : gpio.obj (.text:GPIOPinTypePWM)
                  000052b2    00000012                   : gpio.obj (.text:GPIOPinTypeSSI)
                  000052c4    00000012                   : gpio.obj (.text:GPIOPinTypeUART)
                  000052d6    00000012                   : pwm.obj (.text:PWMOutputState)
                  000052e8    00000010                   : interrupt.obj (.text:IntMasterEnable)
                  000052f8    00000010                   : pwm.obj (.text:PWMGenPeriodSet)
                  00005308    00000010                   : systick.obj (.text:SysTickPeriodSet)
                  00005318    0000000e                   : adc.obj (.text:ADCSequenceEnable)
                  00005326    0000000e                   : timer.obj (.text:TimerEnable)
                  00005334    0000000e     rtsv7M4_T_le_v4SPD16_eabi.lib : copy_decompress_none.obj (.text:decompress:none)
                  00005342    0000000c     driverlib.lib : cpu.obj (.text:CPUcpsie)
                  0000534e    0000000c                   : gpio.obj (.text:GPIOIntEnable)
                  0000535a    0000000c                   : pwm.obj (.text:PWMGenEnable)
                  00005366    0000000c                   : ssi.obj (.text:SSIDataGet)
                  00005372    0000000c     tm4c123gh6pm_startup_ccs.obj (.text)
                  0000537e    0000000a     driverlib.lib : adc.obj (.text:ADCIntClear)
                  00005388    0000000a                   : ssi.obj (.text:SSIDataPut)
                  00005392    0000000a                   : ssi.obj (.text:SSIEnable)
                  0000539c    0000000a                   : timer.obj (.text:TimerValueGet)
                  000053a6    0000000a                   : uart.obj (.text:UARTCharGet)
                  000053b0    0000000a                   : uart.obj (.text:UARTCharPut)
                  000053ba    00000008                   : ssi.obj (.text:SSIBusy)
                  000053c2    00000006                   : gpio.obj (.text:GPIOIntClear)
                  000053c8    00000006                   : gpio.obj (.text:GPIOPinRead)
                  000053ce    00000006                   : gpio.obj (.text:GPIOPinWrite)
                  000053d4    00000006                   : ssi.obj (.text:SSIClockSourceSet)
                  000053da    00000006                   : sysctl.obj (.text:SysCtlDelay)
                  000053e0    00000006                   : uart.obj (.text:UARTClockSourceSet)
                  000053e6    00000006     rtsv7M4_T_le_v4SPD16_eabi.lib : copy_decompress_rle.obj (.text:decompress:rle24)
                  000053ec    00000004                                   : pre_init.obj (.text)

.const     0    000053f0    00000760     
                  000053f0    00000300     ChrFont0.obj (.const:.string:rgbOledFont0)
                  000056f0    00000101     rtsv7M4_T_le_v4SPD16_eabi.lib : ctype.obj (.const:.string:_ctypes_)
                  000057f1    00000003     --HOLE-- [fill = 0]
                  000057f4    000000c0     driverlib.lib : gpio.obj (.const:g_ppui32GPIOIntMapBlizzard)
                  000058b4    000000c0                   : gpio.obj (.const:g_ppui32GPIOIntMapSnowflake)
                  00005974    00000090                   : gpio.obj (.const:g_pui32GPIOBaseAddrs)
                  00005a04    00000070                   : interrupt.obj (.const)
                  00005a74    0000006c                   : sysctl.obj (.const:g_pui32Xtals)
                  00005ae0    00000040     FillPat.obj (.const:.string:rgbFillPat)
                  00005b20    00000012     uartstdio.obj (.const:.string)
                  00005b32    00000002     --HOLE-- [fill = 0]
                  00005b34    0000000c     uartstdio.obj (.const:g_ui32UARTBase)
                  00005b40    0000000c     uartstdio.obj (.const:g_ui32UARTPeriph)
                  00005b4c    00000004     uartstdio.obj (.const)

.cinit     0    00005b50    00000084     
                  00005b50    00000047     (.cinit..data.load) [load image, compression = rle]
                  00005b97    00000001     --HOLE-- [fill = 0]
                  00005b98    0000000b     (.cinit..bss.load) [load image, compression = rle]
                  00005ba3    00000005     --HOLE-- [fill = 0]
                  00005ba8    0000000b     (.cinit..vtable.load) [load image, compression = rle]
                  00005bb3    00000001     --HOLE-- [fill = 0]
                  00005bb4    00000008     (__TI_handler_table)
                  00005bbc    00000018     (__TI_cinit_table)

.init_array 
*          0    00000000    00000000     UNINITIALIZED

.vtable    0    20000000    0000026c     UNINITIALIZED
                  20000000    0000026c     driverlib.lib : interrupt.obj (.vtable)

.stack     0    2000026c    00000400     UNINITIALIZED
                  2000026c    00000400     --HOLE--

.sysmem    0    20000670    00000400     UNINITIALIZED
                  20000670    00000008     rtsv7M4_T_le_v4SPD16_eabi.lib : memory.obj (.sysmem)
                  20000678    000003f8     --HOLE--

.bss       0    20000a70    00000375     UNINITIALIZED
                  20000a70    00000200     (.common:rgbOledBmp)
                  20000c70    00000100     (.common:rgbOledFontUser)
                  20000d70    00000010     alt_ADC.obj (.bss:g_inBuffer)
                  20000d80    00000008     buttons.obj (.bss:but_count)
                  20000d88    00000008     buttons.obj (.bss:but_flag)
                  20000d90    00000008     buttons.obj (.bss:but_normal)
                  20000d98    00000008     buttons.obj (.bss:but_state)
                  20000da0    00000004     (.common:ADCValue)
                  20000da4    00000004     (.common:bnOledCur)
                  20000da8    00000004     (.common:dxcoOledFontCur)
                  20000dac    00000004     (.common:dycoOledFontCur)
                  20000db0    00000004     (.common:fOledCharUpdate)
                  20000db4    00000004     (.common:modOledCur)
                  20000db8    00000004     (.common:pbOledCur)
                  20000dbc    00000004     (.common:pbOledFontCur)
                  20000dc0    00000004     (.common:pbOledFontUser)
                  20000dc4    00000004     (.common:pbOledPatCur)
                  20000dc8    00000004     (.common:pfnDoRop)
                  20000dcc    00000004     (.common:xchOledCur)
                  20000dd0    00000004     (.common:xchOledMax)
                  20000dd4    00000004     (.common:xcoOledCur)
                  20000dd8    00000004     (.common:ychOledCur)
                  20000ddc    00000004     (.common:ychOledMax)
                  20000de0    00000004     (.common:ycoOledCur)
                  20000de4    00000001     (.common:clrOledCur)

.data      0    20000de8    000000b8     UNINITIALIZED
                  20000de8    00000054     control_system.obj (.data)
                  20000e3c    0000001c     alt_ADC.obj (.data)
                  20000e58    00000010     yaw_functions.obj (.data)
                  20000e68    0000000c     rtsv7M4_T_le_v4SPD16_eabi.lib : exit.obj (.data:$O1$$)
                  20000e74    0000000c                                   : memory.obj (.data:$O1$$)
                  20000e80    00000008                                   : _lock.obj (.data:$O1$$)
                  20000e88    00000008     helicopter_project.obj (.data)
                  20000e90    00000005     uartstdio.obj (.data)
                  20000e95    00000003     --HOLE--
                  20000e98    00000004     rtsv7M4_T_le_v4SPD16_eabi.lib : errno.obj (.data)
                  20000e9c    00000004                                   : stkdepth_vars.obj (.data)

MODULE SUMMARY

       Module                         code    ro data   rw data
       ------                         ----    -------   -------
    .\
       uartstdio.obj                  1180    46        5      
       buttons.obj                    776     0         32     
       control_system.obj             576     0         84     
       tm4c123gh6pm_startup_ccs.obj   12      620       0      
       alt_ADC.obj                    424     0         48     
       draw_display.obj               464     0         0      
       yaw_functions.obj              440     0         16     
       PWM_rotors.obj                 432     0         0      
       helicopter_project.obj         424     0         8      
       Inits.obj                      400     0         0      
       circBufT.obj                   184     0         0      
       OrbitOLEDInterface.obj         68      0         0      
    +--+------------------------------+-------+---------+---------+
       Total:                         5380    666       193    
                                                               
    .\lib_OrbitOled\
       OrbitOledGrph.obj              2380    0         8      
       OrbitOled.obj                  892     0         553    
       OrbitOledChar.obj              516     0         272    
       ChrFont0.obj                   0       768       0      
       delay.obj                      92      0         0      
       FillPat.obj                    0       64        0      
    +--+------------------------------+-------+---------+---------+
       Total:                         3880    832       833    
                                                               
    C:/ti/TivaWare_C_Series-2.1.3.156/driverlib/ccs/Debug/driverlib.lib
       gpio.obj                       738     528       0      
       interrupt.obj                  172     112       620    
       sysctl.obj                     730     108       0      
       adc.obj                        334     0         0      
       uart.obj                       148     0         0      
       timer.obj                      120     0         0      
       pwm.obj                        110     0         0      
       ssi.obj                        106     0         0      
       systick.obj                    84      0         0      
       cpu.obj                        12      0         0      
    +--+------------------------------+-------+---------+---------+
       Total:                         2554    748       620    
                                                               
    C:\ti\ccsv6\tools\compiler\arm_15.12.3.LTS\lib\rtsv7M4_T_le_v4SPD16_eabi.lib
       _printfi.obj                   4368    0         0      
       memory.obj                     988     0         12     
       ull_div_t2.obj                 500     0         0      
       fd_add_t2.obj                  438     0         0      
       fd_div_t2.obj                  310     0         0      
       fd_cmp_t2.obj                  268     0         0      
       ctype.obj                      0       257       0      
       fd_mul_t2.obj                  252     0         0      
       s_scalbn.obj                   252     0         0      
       memcpy_t2.obj                  156     0         0      
       memset_t2.obj                  122     0         0      
       autoinit.obj                   112     0         0      
       copy_decompress_rle.obj        112     0         0      
       fd_tos_t2.obj                  110     0         0      
       s_frexp.obj                    100     0         0      
       exit.obj                       84      0         12     
       sprintf.obj                    96      0         0      
       ltoa.obj                       86      0         0      
       boot.obj                       84      0         0      
       atoi.obj                       76      0         0      
       cpy_tbl.obj                    76      0         0      
       fd_toi_t2.obj                  72      0         0      
       fd_tou_t2.obj                  68      0         0      
       u_divt2.obj                    64      0         0      
       fs_tod_t2.obj                  56      0         0      
       i_tofd_t2.obj                  46      0         0      
       _lock.obj                      20      0         8      
       memccpy.obj                    28      0         0      
       args_main.obj                  24      0         0      
       strchr.obj                     22      0         0      
       s_copysign.obj                 20      0         0      
       strlen.obj                     20      0         0      
       copy_decompress_none.obj       14      0         0      
       errno.obj                      0       0         4      
       pre_init.obj                   4       0         0      
       stkdepth_vars.obj              0       0         4      
       i_div0.obj                     2       0         0      
       mpu_init.obj                   2       0         0      
       startup.obj                    2       0         0      
    +--+------------------------------+-------+---------+---------+
       Total:                         9054    257       40     
                                                               
       Heap:                          0       0         1024   
       Stack:                         0       0         1024   
       Linker Generated:              0       125       0      
    +--+------------------------------+-------+---------+---------+
       Grand Total:                   20868   2628      3734   


LINKER GENERATED COPY TABLES

__TI_cinit_table @ 00005bbc records: 3, size/record: 8, table size: 24
	.data: load addr=00005b50, load size=00000047 bytes, run addr=20000de8, run size=000000b8 bytes, compression=rle
	.bss: load addr=00005b98, load size=0000000b bytes, run addr=20000a70, run size=00000375 bytes, compression=rle
	.vtable: load addr=00005ba8, load size=0000000b bytes, run addr=20000000, run size=0000026c bytes, compression=rle


LINKER GENERATED HANDLER TABLE

__TI_handler_table @ 00005bb4 records: 2, size/record: 4, table size: 8
	index: 0, handler: __TI_decompress_rle24
	index: 1, handler: __TI_decompress_none


GLOBAL SYMBOLS: SORTED ALPHABETICALLY BY Name 

address   name                           
-------   ----                           
0000537f  ADCIntClear                    
0000503d  ADCIntStatus                   
00005179  ADCProcessorTrigger            
00004ab5  ADCSequenceConfigure           
00005105  ADCSequenceDataGet             
00005319  ADCSequenceEnable              
00004691  ADCSequenceStepConfigure       
20000da0  ADCValue                       
00004c0d  C$$EXIT                        
00005343  CPUcpsie                       
00004a59  DelayInit                      
00004a73  DelayMs                        
00005099  GPIODirModeSet                 
000053c3  GPIOIntClear                   
0000534f  GPIOIntEnable                  
00005191  GPIOIntRegister                
00004b0d  GPIOIntTypeSet                 
00003f03  GPIOPadConfigSet               
00004d49  GPIOPinConfigure               
000053c9  GPIOPinRead                    
0000527d  GPIOPinTypeADC                 
0000528f  GPIOPinTypeGPIOInput           
000051a9  GPIOPinTypeGPIOOutput          
000052a1  GPIOPinTypePWM                 
000052b3  GPIOPinTypeSSI                 
000052c5  GPIOPinTypeUART                
000053cf  GPIOPinWrite                   
000048cd  IntEnable                      
000052e9  IntMasterEnable                
00004fd5  IntRegister                    
20000df4  Kd                             
20000df0  Ki                             
20000dec  Kp                             
00003843  MainRotorPWM                   
00004e47  OLEDInitialise                 
00004e21  OLEDStringDraw                 
00002f9d  OrbitOledAdvanceCursor         
00001c67  OrbitOledClampXco              
00001c87  OrbitOledClampYco              
0000271d  OrbitOledClear                 
00002729  OrbitOledClearBuffer           
00002e6d  OrbitOledDefUserChar           
00002699  OrbitOledDevInit               
00001aa9  OrbitOledDrawChar              
00002f25  OrbitOledDrawGlyph             
00001473  OrbitOledDrawPixel             
000015b9  OrbitOledDrawRect              
00001b09  OrbitOledDrawString            
0000261f  OrbitOledDvrInit               
0000163d  OrbitOledFillRect              
00001781  OrbitOledGetBmp                
00002ed5  OrbitOledGetCharUpdate         
00002e51  OrbitOledGetCursor             
0000146d  OrbitOledGetDrawMode           
0000149f  OrbitOledGetPixel              
000013c3  OrbitOledGetPos                
000013f7  OrbitOledGetStdPattern         
00002555  OrbitOledHostInit              
00002541  OrbitOledInit                  
000014b9  OrbitOledLineTo                
00001bfb  OrbitOledMoveDown              
00001c35  OrbitOledMoveLeft              
00001c4d  OrbitOledMoveRight             
0000137d  OrbitOledMoveTo                
00001bc9  OrbitOledMoveUp                
000018e9  OrbitOledPutBmp                
000027b3  OrbitOledPutBuffer             
00002edb  OrbitOledPutChar               
00002ef9  OrbitOledPutString             
00001b75  OrbitOledRopAnd                
00001b51  OrbitOledRopOr                 
00001b27  OrbitOledRopSet                
00001b99  OrbitOledRopXor                
00002ebd  OrbitOledSetCharUpdate         
00002e05  OrbitOledSetCursor             
000013df  OrbitOledSetDrawColor          
00001419  OrbitOledSetDrawMode           
00001409  OrbitOledSetFillPattern        
00002759  OrbitOledUpdate                
000050c3  PWMGenConfigure                
0000535b  PWMGenEnable                   
000052f9  PWMGenPeriodSet                
000052d7  PWMOutputState                 
00005123  PWMPulseWidthSet               
00005373  ResetISR                       
20000e50  SETTLING_TIME                  
UNDEFED   SHT$$INIT_ARRAY$$Base          
UNDEFED   SHT$$INIT_ARRAY$$Limit         
000053bb  SSIBusy                        
000053d5  SSIClockSourceSet              
00004f29  SSIConfigSetExpClk             
00005367  SSIDataGet                     
00005389  SSIDataPut                     
00005393  SSIEnable                      
20000e58  STATE_1                        
20000e59  STATE_2                        
20000e5a  STATE_3                        
20000e5b  STATE_4                        
00002819  Ssi3PutByte                    
00004035  SysCtlClockGet                 
0000433d  SysCtlClockSet                 
000053db  SysCtlDelay                    
000051f1  SysCtlPWMClockSet              
00005009  SysCtlPeripheralEnable         
00004f65  SysCtlPeripheralPresent        
00004c61  SysCtlPeripheralReset          
00005205  SysTickEnable                  
00005219  SysTickIntEnable               
00003a95  SysTickIntHandler              
00005141  SysTickIntRegister             
00005309  SysTickPeriodSet               
0000389f  TailRotorPWM                   
00004999  TimerConfigure                 
00005327  TimerEnable                    
0000539d  TimerValueGet                  
000053a7  UARTCharGet                    
000053b1  UARTCharPut                    
000053e1  UARTClockSourceSet             
00004dd9  UARTConfigSetExpClk            
000050e5  UARTDisable                    
0000522d  UARTEnable                     
00001cc9  UARTStdioConfig                
00003299  UARTdisplay                    
00001e0f  UARTgetc                       
00001d55  UARTgets                       
0000212f  UARTprintf                     
00001e35  UARTvprintf                    
00001d0f  UARTwrite                      
000033d5  YawIntHandler                  
20000e00  YawKd                          
20000dfc  YawKi                          
20000df8  YawKp                          
2000066c  __STACK_END                    
00000400  __STACK_SIZE                   
2000046c  __STACK_TOP                    
00000400  __SYSMEM_SIZE                  
00005bbc  __TI_CINIT_Base                
00005bd4  __TI_CINIT_Limit               
00005bb4  __TI_Handler_Table_Base        
00005bbc  __TI_Handler_Table_Limit       
00004785  __TI_auto_init                 
20000e68  __TI_cleanup_ptr               
00005335  __TI_decompress_none           
000053e7  __TI_decompress_rle24          
20000e6c  __TI_dtors_ptr                 
20000e70  __TI_enable_exit_profile_output
ffffffff  __TI_pprof_out_hndl            
00001077  __TI_printfi                   
ffffffff  __TI_prof_data_size            
ffffffff  __TI_prof_data_start           
00000000  __TI_static_base__             
00004585  __aeabi_cdcmpeq                
00004585  __aeabi_cdcmple                
0000460b  __aeabi_cdrcmple               
000047f5  __aeabi_d2f                    
00004d91  __aeabi_d2iz                   
00004e65  __aeabi_d2uiz                  
0000358f  __aeabi_dadd                   
00003dcd  __aeabi_ddiv                   
00004145  __aeabi_dmul                   
00003585  __aeabi_dsub                   
00004f9d  __aeabi_f2d                    
0000506b  __aeabi_i2d                    
0000373b  __aeabi_idiv0                  
0000470b  __aeabi_memclr                 
0000470b  __aeabi_memclr4                
0000470b  __aeabi_memclr8                
000044e9  __aeabi_memcpy                 
000044e9  __aeabi_memcpy4                
000044e9  __aeabi_memcpy8                
0000470d  __aeabi_memset                 
0000470d  __aeabi_memset4                
0000470d  __aeabi_memset8                
00004ee9  __aeabi_uidiv                  
00004ee9  __aeabi_uidivmod               
00003009  __aeabi_uldivmod               
ffffffff  __binit__                      
ffffffff  __c_args__                     
00004e1f  __mpu_init                     
2000026c  __stack                        
000051c1  _args_main                     
00004bb9  _c_int00                       
000056f0  _ctypes_                       
20000e80  _lock                          
0000524f  _nop                           
00005247  _register_lock                 
00005241  _register_unlock               
20000670  _sys_memory                    
000051ef  _system_post_cinit             
000053ed  _system_pre_init               
20000e84  _unlock                        
00004c11  abort                          
20000e54  alt_actual                     
00002ad5  alt_button                     
00002bc5  alt_control                    
20000e04  alt_desired                    
20000e08  alt_error                      
00004cb1  atoi                           
ffffffff  binit                          
20000da4  bnOledCur                      
0000250d  calloc                         
00002a97  checkButton                    
20000de4  clrOledCur                     
00004cfd  copy_in                        
00005255  copysign                       
00005255  copysignl                      
20000e48  current_alt                    
20000e60  current_state                  
20000e10  derivitive_alt_error           
20000e28  derivitive_yaw_error           
00003205  displayVals                    
20000de8  dt                             
20000da8  dxcoOledFontCur                
20000dac  dycoOledFontCur                
20000e98  errno                          
00004c19  exit                           
20000db0  fOledCharUpdate                
0000225b  free                           
000044c3  freeCircBuf                    
00004935  frexp                          
00004935  frexpl                         
20000000  g_pfnRAMVectors                
00000000  g_pfnVectors                   
000038ff  getAlt                         
000033cd  getYaw                         
20000e3c  i                              
000038ed  initAltADC                     
000028bd  initButtons                    
00004431  initCircBuf                    
000031fd  initDisplay                    
00003c3d  initPins                       
00003d67  initSysTick                    
0000373d  initialiseMainPWM              
000037a7  initialiseTailPWM              
20000e0c  integral_alt_error             
20000e24  integral_yaw_error             
20000e40  j                              
00004241  ldexp                          
00004241  ldexpl                         
00004b63  ltoa                           
00003a9f  main                           
20000e18  main_duty                      
20000e34  main_duty_u32                  
20000e9c  main_func_sp                   
000021f3  malloc                         
00002429  memalign                       
0000515d  memccpy                        
000044e9  memcpy                         
00004713  memset                         
20000e8c  milliseconds_passed            
20000e44  min_alt                        
00002165  minit                          
20000db4  modOledCur                     
20000db8  pbOledCur                      
20000dbc  pbOledFontCur                  
20000dc0  pbOledFontUser                 
20000dc4  pbOledPatCur                   
20000dc8  pfnDoRop                       
20000e14  prev_alt_error                 
20000e61  prev_state                     
20000e2c  prev_yaw_error                 
0000448f  readCircBuf                    
0000231d  realloc                        
00005ae0  rgbFillPat                     
20000a70  rgbOledBmp                     
000053f0  rgbOledFont0                   
20000c70  rgbOledFontUser                
00004241  scalbn                         
00004241  scalbnl                        
00003809  setMainPWM                     
00003869  setTailPWM                     
000049f9  sprintf                        
000051d9  strchr                         
00005269  strlen                         
20000e4c  sum                            
20000e88  sys_ticks                      
20000e30  tail_duty                      
20000e38  tail_duty_u32                  
000029af  updateButtons                  
0000445b  writeCircBuf                   
20000dcc  xchOledCur                     
20000dd0  xchOledMax                     
20000dd4  xcoOledCur                     
20000e64  yaw                            
20000e5c  yawActual                      
00002b37  yaw_button                     
00002cb9  yaw_control                    
20000e1c  yaw_desired                    
20000e20  yaw_error                      
20000dd8  ychOledCur                     
20000ddc  ychOledMax                     
20000de0  ycoOledCur                     


GLOBAL SYMBOLS: SORTED BY Symbol Address 

address   name                           
-------   ----                           
00000000  __TI_static_base__             
00000000  g_pfnVectors                   
00000400  __STACK_SIZE                   
00000400  __SYSMEM_SIZE                  
00001077  __TI_printfi                   
0000137d  OrbitOledMoveTo                
000013c3  OrbitOledGetPos                
000013df  OrbitOledSetDrawColor          
000013f7  OrbitOledGetStdPattern         
00001409  OrbitOledSetFillPattern        
00001419  OrbitOledSetDrawMode           
0000146d  OrbitOledGetDrawMode           
00001473  OrbitOledDrawPixel             
0000149f  OrbitOledGetPixel              
000014b9  OrbitOledLineTo                
000015b9  OrbitOledDrawRect              
0000163d  OrbitOledFillRect              
00001781  OrbitOledGetBmp                
000018e9  OrbitOledPutBmp                
00001aa9  OrbitOledDrawChar              
00001b09  OrbitOledDrawString            
00001b27  OrbitOledRopSet                
00001b51  OrbitOledRopOr                 
00001b75  OrbitOledRopAnd                
00001b99  OrbitOledRopXor                
00001bc9  OrbitOledMoveUp                
00001bfb  OrbitOledMoveDown              
00001c35  OrbitOledMoveLeft              
00001c4d  OrbitOledMoveRight             
00001c67  OrbitOledClampXco              
00001c87  OrbitOledClampYco              
00001cc9  UARTStdioConfig                
00001d0f  UARTwrite                      
00001d55  UARTgets                       
00001e0f  UARTgetc                       
00001e35  UARTvprintf                    
0000212f  UARTprintf                     
00002165  minit                          
000021f3  malloc                         
0000225b  free                           
0000231d  realloc                        
00002429  memalign                       
0000250d  calloc                         
00002541  OrbitOledInit                  
00002555  OrbitOledHostInit              
0000261f  OrbitOledDvrInit               
00002699  OrbitOledDevInit               
0000271d  OrbitOledClear                 
00002729  OrbitOledClearBuffer           
00002759  OrbitOledUpdate                
000027b3  OrbitOledPutBuffer             
00002819  Ssi3PutByte                    
000028bd  initButtons                    
000029af  updateButtons                  
00002a97  checkButton                    
00002ad5  alt_button                     
00002b37  yaw_button                     
00002bc5  alt_control                    
00002cb9  yaw_control                    
00002e05  OrbitOledSetCursor             
00002e51  OrbitOledGetCursor             
00002e6d  OrbitOledDefUserChar           
00002ebd  OrbitOledSetCharUpdate         
00002ed5  OrbitOledGetCharUpdate         
00002edb  OrbitOledPutChar               
00002ef9  OrbitOledPutString             
00002f25  OrbitOledDrawGlyph             
00002f9d  OrbitOledAdvanceCursor         
00003009  __aeabi_uldivmod               
000031fd  initDisplay                    
00003205  displayVals                    
00003299  UARTdisplay                    
000033cd  getYaw                         
000033d5  YawIntHandler                  
00003585  __aeabi_dsub                   
0000358f  __aeabi_dadd                   
0000373b  __aeabi_idiv0                  
0000373d  initialiseMainPWM              
000037a7  initialiseTailPWM              
00003809  setMainPWM                     
00003843  MainRotorPWM                   
00003869  setTailPWM                     
0000389f  TailRotorPWM                   
000038ed  initAltADC                     
000038ff  getAlt                         
00003a95  SysTickIntHandler              
00003a9f  main                           
00003c3d  initPins                       
00003d67  initSysTick                    
00003dcd  __aeabi_ddiv                   
00003f03  GPIOPadConfigSet               
00004035  SysCtlClockGet                 
00004145  __aeabi_dmul                   
00004241  ldexp                          
00004241  ldexpl                         
00004241  scalbn                         
00004241  scalbnl                        
0000433d  SysCtlClockSet                 
00004431  initCircBuf                    
0000445b  writeCircBuf                   
0000448f  readCircBuf                    
000044c3  freeCircBuf                    
000044e9  __aeabi_memcpy                 
000044e9  __aeabi_memcpy4                
000044e9  __aeabi_memcpy8                
000044e9  memcpy                         
00004585  __aeabi_cdcmpeq                
00004585  __aeabi_cdcmple                
0000460b  __aeabi_cdrcmple               
00004691  ADCSequenceStepConfigure       
0000470b  __aeabi_memclr                 
0000470b  __aeabi_memclr4                
0000470b  __aeabi_memclr8                
0000470d  __aeabi_memset                 
0000470d  __aeabi_memset4                
0000470d  __aeabi_memset8                
00004713  memset                         
00004785  __TI_auto_init                 
000047f5  __aeabi_d2f                    
000048cd  IntEnable                      
00004935  frexp                          
00004935  frexpl                         
00004999  TimerConfigure                 
000049f9  sprintf                        
00004a59  DelayInit                      
00004a73  DelayMs                        
00004ab5  ADCSequenceConfigure           
00004b0d  GPIOIntTypeSet                 
00004b63  ltoa                           
00004bb9  _c_int00                       
00004c0d  C$$EXIT                        
00004c11  abort                          
00004c19  exit                           
00004c61  SysCtlPeripheralReset          
00004cb1  atoi                           
00004cfd  copy_in                        
00004d49  GPIOPinConfigure               
00004d91  __aeabi_d2iz                   
00004dd9  UARTConfigSetExpClk            
00004e1f  __mpu_init                     
00004e21  OLEDStringDraw                 
00004e47  OLEDInitialise                 
00004e65  __aeabi_d2uiz                  
00004ee9  __aeabi_uidiv                  
00004ee9  __aeabi_uidivmod               
00004f29  SSIConfigSetExpClk             
00004f65  SysCtlPeripheralPresent        
00004f9d  __aeabi_f2d                    
00004fd5  IntRegister                    
00005009  SysCtlPeripheralEnable         
0000503d  ADCIntStatus                   
0000506b  __aeabi_i2d                    
00005099  GPIODirModeSet                 
000050c3  PWMGenConfigure                
000050e5  UARTDisable                    
00005105  ADCSequenceDataGet             
00005123  PWMPulseWidthSet               
00005141  SysTickIntRegister             
0000515d  memccpy                        
00005179  ADCProcessorTrigger            
00005191  GPIOIntRegister                
000051a9  GPIOPinTypeGPIOOutput          
000051c1  _args_main                     
000051d9  strchr                         
000051ef  _system_post_cinit             
000051f1  SysCtlPWMClockSet              
00005205  SysTickEnable                  
00005219  SysTickIntEnable               
0000522d  UARTEnable                     
00005241  _register_unlock               
00005247  _register_lock                 
0000524f  _nop                           
00005255  copysign                       
00005255  copysignl                      
00005269  strlen                         
0000527d  GPIOPinTypeADC                 
0000528f  GPIOPinTypeGPIOInput           
000052a1  GPIOPinTypePWM                 
000052b3  GPIOPinTypeSSI                 
000052c5  GPIOPinTypeUART                
000052d7  PWMOutputState                 
000052e9  IntMasterEnable                
000052f9  PWMGenPeriodSet                
00005309  SysTickPeriodSet               
00005319  ADCSequenceEnable              
00005327  TimerEnable                    
00005335  __TI_decompress_none           
00005343  CPUcpsie                       
0000534f  GPIOIntEnable                  
0000535b  PWMGenEnable                   
00005367  SSIDataGet                     
00005373  ResetISR                       
0000537f  ADCIntClear                    
00005389  SSIDataPut                     
00005393  SSIEnable                      
0000539d  TimerValueGet                  
000053a7  UARTCharGet                    
000053b1  UARTCharPut                    
000053bb  SSIBusy                        
000053c3  GPIOIntClear                   
000053c9  GPIOPinRead                    
000053cf  GPIOPinWrite                   
000053d5  SSIClockSourceSet              
000053db  SysCtlDelay                    
000053e1  UARTClockSourceSet             
000053e7  __TI_decompress_rle24          
000053ed  _system_pre_init               
000053f0  rgbOledFont0                   
000056f0  _ctypes_                       
00005ae0  rgbFillPat                     
00005bb4  __TI_Handler_Table_Base        
00005bbc  __TI_CINIT_Base                
00005bbc  __TI_Handler_Table_Limit       
00005bd4  __TI_CINIT_Limit               
20000000  g_pfnRAMVectors                
2000026c  __stack                        
2000046c  __STACK_TOP                    
2000066c  __STACK_END                    
20000670  _sys_memory                    
20000a70  rgbOledBmp                     
20000c70  rgbOledFontUser                
20000da0  ADCValue                       
20000da4  bnOledCur                      
20000da8  dxcoOledFontCur                
20000dac  dycoOledFontCur                
20000db0  fOledCharUpdate                
20000db4  modOledCur                     
20000db8  pbOledCur                      
20000dbc  pbOledFontCur                  
20000dc0  pbOledFontUser                 
20000dc4  pbOledPatCur                   
20000dc8  pfnDoRop                       
20000dcc  xchOledCur                     
20000dd0  xchOledMax                     
20000dd4  xcoOledCur                     
20000dd8  ychOledCur                     
20000ddc  ychOledMax                     
20000de0  ycoOledCur                     
20000de4  clrOledCur                     
20000de8  dt                             
20000dec  Kp                             
20000df0  Ki                             
20000df4  Kd                             
20000df8  YawKp                          
20000dfc  YawKi                          
20000e00  YawKd                          
20000e04  alt_desired                    
20000e08  alt_error                      
20000e0c  integral_alt_error             
20000e10  derivitive_alt_error           
20000e14  prev_alt_error                 
20000e18  main_duty                      
20000e1c  yaw_desired                    
20000e20  yaw_error                      
20000e24  integral_yaw_error             
20000e28  derivitive_yaw_error           
20000e2c  prev_yaw_error                 
20000e30  tail_duty                      
20000e34  main_duty_u32                  
20000e38  tail_duty_u32                  
20000e3c  i                              
20000e40  j                              
20000e44  min_alt                        
20000e48  current_alt                    
20000e4c  sum                            
20000e50  SETTLING_TIME                  
20000e54  alt_actual                     
20000e58  STATE_1                        
20000e59  STATE_2                        
20000e5a  STATE_3                        
20000e5b  STATE_4                        
20000e5c  yawActual                      
20000e60  current_state                  
20000e61  prev_state                     
20000e64  yaw                            
20000e68  __TI_cleanup_ptr               
20000e6c  __TI_dtors_ptr                 
20000e70  __TI_enable_exit_profile_output
20000e80  _lock                          
20000e84  _unlock                        
20000e88  sys_ticks                      
20000e8c  milliseconds_passed            
20000e98  errno                          
20000e9c  main_func_sp                   
ffffffff  __TI_pprof_out_hndl            
ffffffff  __TI_prof_data_size            
ffffffff  __TI_prof_data_start           
ffffffff  __binit__                      
ffffffff  __c_args__                     
ffffffff  binit                          
UNDEFED   SHT$$INIT_ARRAY$$Base          
UNDEFED   SHT$$INIT_ARRAY$$Limit         

[292 symbols]
