******************************************************************************
                  TI ARM Linker PC v15.12.3                    
******************************************************************************
>> Linked Mon Jun 05 23:50:02 2017

OUTPUT FILE NAME:   <HeliProject.out>
ENTRY POINT SYMBOL: "_c_int00"  address: 00004d75


MEMORY CONFIGURATION

         name            origin    length      used     unused   attr    fill
----------------------  --------  ---------  --------  --------  ----  --------
  FLASH                 00000000   00040000  00005d96  0003a26a  R  X
  SRAM                  20000000   00008000  00000e99  00007167  RW X


SEGMENT ALLOCATION MAP

run origin  load origin   length   init length attrs members
----------  ----------- ---------- ----------- ----- -------
00000000    00000000    00005d9c   00005d9c    r-x
  00000000    00000000    0000026c   0000026c    r-- .intvecs
  00000270    00000270    00005346   00005346    r-x .text
  000055b8    000055b8    00000760   00000760    r-- .const
  00005d18    00005d18    00000084   00000084    r-- .cinit
20000000    20000000    00000ea0   00000000    rw-
  20000000    20000000    0000026c   00000000    rw- .vtable
  2000026c    2000026c    00000400   00000000    rw- .stack
  20000670    20000670    00000400   00000000    rw- .sysmem
  20000a70    20000a70    00000375   00000000    rw- .bss
  20000de8    20000de8    000000b8   00000000    rw- .data


SECTION ALLOCATION MAP

 output                                  attributes/
section   page    origin      length       input sections
--------  ----  ----------  ----------   ----------------
.intvecs   0    00000000    0000026c     
                  00000000    0000026c     tm4c123gh6pm_startup_ccs.obj (.intvecs)

.text      0    00000270    00005346     
                  00000270    00001110     rtsv7M4_T_le_v4SPD16_eabi.lib : _printfi.obj (.text)
                  00001380    000009ac     OrbitOledGrph.obj (.text)
                  00001d2c    00000004     rtsv7M4_T_le_v4SPD16_eabi.lib : pre_init.obj (.text)
                  00001d30    000004f4     uartstdio.obj (.text)
                  00002224    000003dc     rtsv7M4_T_le_v4SPD16_eabi.lib : memory.obj (.text)
                  00002600    000003b0     OrbitOled.obj (.text)
                  000029b0    0000032c     buttons.obj (.text)
                  00002cdc    00000002     rtsv7M4_T_le_v4SPD16_eabi.lib : i_div0.obj (.text)
                  00002cde    00000002                                   : mpu_init.obj (.text)
                  00002ce0    00000244     control_system.obj (.text)
                  00002f24    00000002     rtsv7M4_T_le_v4SPD16_eabi.lib : startup.obj (.text)
                  00002f26    00000002     --HOLE-- [fill = 0]
                  00002f28    00000224     OrbitOledChar.obj (.text)
                  0000314c    000001f4     rtsv7M4_T_le_v4SPD16_eabi.lib : ull_div_t2.obj (.text)
                  00003340    000001d4     draw_display.obj (.text)
                  00003514    00000004     --HOLE-- [fill = 0]
                  00003518    000001c8     PWM_rotors.obj (.text)
                  000036e0    000001c8     helicopter_project.obj (.text)
                  000038a8    000001c0     yaw_functions.obj (.text)
                  00003a68    000001b8     alt_ADC.obj (.text)
                  00003c20    000001b6     rtsv7M4_T_le_v4SPD16_eabi.lib : fd_add_t2.obj (.text)
                  00003dd6    00000002     --HOLE-- [fill = 0]
                  00003dd8    00000194     Inits.obj (.text)
                  00003f6c    00000136     rtsv7M4_T_le_v4SPD16_eabi.lib : fd_div_t2.obj (.text)
                  000040a2    00000132     driverlib.lib : gpio.obj (.text:GPIOPadConfigSet)
                  000041d4    00000110                   : sysctl.obj (.text:SysCtlClockGet)
                  000042e4    000000fc     rtsv7M4_T_le_v4SPD16_eabi.lib : fd_mul_t2.obj (.text)
                  000043e0    000000fc                                   : s_scalbn.obj (.text)
                  000044dc    000000f4     driverlib.lib : sysctl.obj (.text:SysCtlClockSet)
                  000045d0    000000c6     circBufT.obj (.text)
                  00004696    0000009c     rtsv7M4_T_le_v4SPD16_eabi.lib : memcpy_t2.obj (.text)
                  00004732    00000086                                   : fd_cmp_t2.obj (.text:__aeabi_cdcmple)
                  000047b8    00000086                                   : fd_cmp_t2.obj (.text:__aeabi_cdrcmple)
                  0000483e    0000007a     driverlib.lib : adc.obj (.text:ADCSequenceStepConfigure)
                  000048b8    0000007a     rtsv7M4_T_le_v4SPD16_eabi.lib : memset_t2.obj (.text)
                  00004932    00000002     --HOLE-- [fill = 0]
                  00004934    00000070                                   : autoinit.obj (.text)
                  000049a4    0000006e                                   : fd_tos_t2.obj (.text)
                  00004a12    0000006a                                   : copy_decompress_rle.obj (.text)
                  00004a7c    00000068     driverlib.lib : interrupt.obj (.text:IntEnable)
                  00004ae4    00000004     --HOLE-- [fill = 0]
                  00004ae8    00000064     delay.obj (.text)
                  00004b4c    00000064     rtsv7M4_T_le_v4SPD16_eabi.lib : s_frexp.obj (.text)
                  00004bb0    00000060     driverlib.lib : timer.obj (.text:TimerConfigure)
                  00004c10    00000060     rtsv7M4_T_le_v4SPD16_eabi.lib : sprintf.obj (.text)
                  00004c70    00000058     driverlib.lib : adc.obj (.text:ADCSequenceConfigure)
                  00004cc8    00000056                   : gpio.obj (.text:GPIOIntTypeSet)
                  00004d1e    00000056     rtsv7M4_T_le_v4SPD16_eabi.lib : ltoa.obj (.text)
                  00004d74    00000054                                   : boot.obj (.text)
                  00004dc8    00000054                                   : exit.obj (.text)
                  00004e1c    00000050     driverlib.lib : sysctl.obj (.text:SysCtlPeripheralReset)
                  00004e6c    0000004c     rtsv7M4_T_le_v4SPD16_eabi.lib : atoi.obj (.text)
                  00004eb8    0000004c                                   : cpy_tbl.obj (.text)
                  00004f04    00000048     driverlib.lib : gpio.obj (.text:GPIOPinConfigure)
                  00004f4c    00000048     rtsv7M4_T_le_v4SPD16_eabi.lib : fd_toi_t2.obj (.text)
                  00004f94    00000046     driverlib.lib : uart.obj (.text:UARTConfigSetExpClk)
                  00004fda    00000006                   : gpio.obj (.text:GPIOIntClear)
                  00004fe0    00000044     OrbitOLEDInterface.obj (.text)
                  00005024    00000044     rtsv7M4_T_le_v4SPD16_eabi.lib : fd_tou_t2.obj (.text)
                  00005068    00000040     driverlib.lib : gpio.obj (.text:_GPIOIntNumberGet)
                  000050a8    00000040     rtsv7M4_T_le_v4SPD16_eabi.lib : u_divt2.obj (.text)
                  000050e8    0000003c     driverlib.lib : ssi.obj (.text:SSIConfigSetExpClk)
                  00005124    00000038                   : sysctl.obj (.text:SysCtlPeripheralPresent)
                  0000515c    00000038     rtsv7M4_T_le_v4SPD16_eabi.lib : fs_tod_t2.obj (.text)
                  00005194    00000034     driverlib.lib : interrupt.obj (.text:IntRegister)
                  000051c8    00000034                   : sysctl.obj (.text:SysCtlPeripheralEnable)
                  000051fc    0000002e                   : adc.obj (.text:ADCIntStatus)
                  0000522a    0000002e     rtsv7M4_T_le_v4SPD16_eabi.lib : i_tofd_t2.obj (.text)
                  00005258    0000002a     driverlib.lib : gpio.obj (.text:GPIODirModeSet)
                  00005282    00000022                   : pwm.obj (.text:PWMGenConfigure)
                  000052a4    00000020                   : uart.obj (.text:UARTDisable)
                  000052c4    0000001e                   : adc.obj (.text:ADCSequenceDataGet)
                  000052e2    0000001e                   : pwm.obj (.text:PWMPulseWidthSet)
                  00005300    0000001c                   : systick.obj (.text:SysTickIntRegister)
                  0000531c    0000001c     rtsv7M4_T_le_v4SPD16_eabi.lib : memccpy.obj (.text)
                  00005338    0000001a     tm4c123gh6pm_startup_ccs.obj (.text)
                  00005352    00000018     driverlib.lib : adc.obj (.text:ADCProcessorTrigger)
                  0000536a    00000018                   : gpio.obj (.text:GPIOIntRegister)
                  00005382    00000018                   : gpio.obj (.text:GPIOPinTypeGPIOOutput)
                  0000539a    00000002     --HOLE-- [fill = 0]
                  0000539c    00000018     rtsv7M4_T_le_v4SPD16_eabi.lib : args_main.obj (.text)
                  000053b4    00000016                                   : strchr.obj (.text)
                  000053ca    00000002     --HOLE-- [fill = 0]
                  000053cc    00000014     driverlib.lib : sysctl.obj (.text:SysCtlPWMClockSet)
                  000053e0    00000014                   : systick.obj (.text:SysTickEnable)
                  000053f4    00000014                   : systick.obj (.text:SysTickIntEnable)
                  00005408    00000014                   : uart.obj (.text:UARTEnable)
                  0000541c    00000014     rtsv7M4_T_le_v4SPD16_eabi.lib : _lock.obj (.text)
                  00005430    00000014                                   : s_copysign.obj (.text)
                  00005444    00000014                                   : strlen.obj (.text)
                  00005458    00000012     driverlib.lib : gpio.obj (.text:GPIOPinTypeADC)
                  0000546a    00000012                   : gpio.obj (.text:GPIOPinTypeGPIOInput)
                  0000547c    00000012                   : gpio.obj (.text:GPIOPinTypePWM)
                  0000548e    00000012                   : gpio.obj (.text:GPIOPinTypeSSI)
                  000054a0    00000012                   : gpio.obj (.text:GPIOPinTypeUART)
                  000054b2    00000012                   : pwm.obj (.text:PWMOutputState)
                  000054c4    00000010                   : interrupt.obj (.text:IntMasterEnable)
                  000054d4    00000010                   : pwm.obj (.text:PWMGenPeriodSet)
                  000054e4    00000010                   : systick.obj (.text:SysTickPeriodSet)
                  000054f4    0000000e                   : adc.obj (.text:ADCSequenceEnable)
                  00005502    0000000e                   : timer.obj (.text:TimerEnable)
                  00005510    0000000e     rtsv7M4_T_le_v4SPD16_eabi.lib : copy_decompress_none.obj (.text:decompress:none)
                  0000551e    0000000c     driverlib.lib : cpu.obj (.text:CPUcpsie)
                  0000552a    0000000c                   : gpio.obj (.text:GPIOIntEnable)
                  00005536    0000000c                   : pwm.obj (.text:PWMGenEnable)
                  00005542    0000000c                   : ssi.obj (.text:SSIDataGet)
                  0000554e    0000000a                   : adc.obj (.text:ADCIntClear)
                  00005558    0000000a                   : ssi.obj (.text:SSIDataPut)
                  00005562    0000000a                   : ssi.obj (.text:SSIEnable)
                  0000556c    0000000a                   : timer.obj (.text:TimerValueGet)
                  00005576    0000000a                   : uart.obj (.text:UARTCharGet)
                  00005580    0000000a                   : uart.obj (.text:UARTCharPut)
                  0000558a    00000008                   : ssi.obj (.text:SSIBusy)
                  00005592    00000006                   : gpio.obj (.text:GPIOPinRead)
                  00005598    00000006                   : gpio.obj (.text:GPIOPinWrite)
                  0000559e    00000006                   : ssi.obj (.text:SSIClockSourceSet)
                  000055a4    00000006                   : sysctl.obj (.text:SysCtlDelay)
                  000055aa    00000006                   : uart.obj (.text:UARTClockSourceSet)
                  000055b0    00000006     rtsv7M4_T_le_v4SPD16_eabi.lib : copy_decompress_rle.obj (.text:decompress:rle24)

.const     0    000055b8    00000760     
                  000055b8    00000300     ChrFont0.obj (.const:.string:rgbOledFont0)
                  000058b8    00000101     rtsv7M4_T_le_v4SPD16_eabi.lib : ctype.obj (.const:.string:_ctypes_)
                  000059b9    00000003     --HOLE-- [fill = 0]
                  000059bc    000000c0     driverlib.lib : gpio.obj (.const:g_ppui32GPIOIntMapBlizzard)
                  00005a7c    000000c0                   : gpio.obj (.const:g_ppui32GPIOIntMapSnowflake)
                  00005b3c    00000090                   : gpio.obj (.const:g_pui32GPIOBaseAddrs)
                  00005bcc    00000070                   : interrupt.obj (.const)
                  00005c3c    0000006c                   : sysctl.obj (.const:g_pui32Xtals)
                  00005ca8    00000040     FillPat.obj (.const:.string:rgbFillPat)
                  00005ce8    00000012     uartstdio.obj (.const:.string)
                  00005cfa    00000002     --HOLE-- [fill = 0]
                  00005cfc    0000000c     uartstdio.obj (.const:g_ui32UARTBase)
                  00005d08    0000000c     uartstdio.obj (.const:g_ui32UARTPeriph)
                  00005d14    00000004     uartstdio.obj (.const)

.cinit     0    00005d18    00000084     
                  00005d18    00000047     (.cinit..data.load) [load image, compression = rle]
                  00005d5f    00000001     --HOLE-- [fill = 0]
                  00005d60    0000000b     (.cinit..bss.load) [load image, compression = rle]
                  00005d6b    00000005     --HOLE-- [fill = 0]
                  00005d70    0000000b     (.cinit..vtable.load) [load image, compression = rle]
                  00005d7b    00000001     --HOLE-- [fill = 0]
                  00005d7c    00000008     (__TI_handler_table)
                  00005d84    00000018     (__TI_cinit_table)

.init_array 
*          0    00000000    00000000     UNINITIALIZED

.vtable    0    20000000    0000026c     UNINITIALIZED
                  20000000    0000026c     driverlib.lib : interrupt.obj (.vtable)

.stack     0    2000026c    00000400     UNINITIALIZED
                  2000026c    00000400     --HOLE--

.sysmem    0    20000670    00000400     UNINITIALIZED
                  20000670    00000008     rtsv7M4_T_le_v4SPD16_eabi.lib : memory.obj (.sysmem)
                  20000678    000003f8     --HOLE--

.bss       0    20000a70    00000375     UNINITIALIZED
                  20000a70    00000200     (.common:rgbOledBmp)
                  20000c70    00000100     (.common:rgbOledFontUser)
                  20000d70    00000010     alt_ADC.obj (.bss:g_inBuffer)
                  20000d80    00000008     buttons.obj (.bss:but_count)
                  20000d88    00000008     buttons.obj (.bss:but_flag)
                  20000d90    00000008     buttons.obj (.bss:but_normal)
                  20000d98    00000008     buttons.obj (.bss:but_state)
                  20000da0    00000004     (.common:ADCValue)
                  20000da4    00000004     (.common:bnOledCur)
                  20000da8    00000004     (.common:dxcoOledFontCur)
                  20000dac    00000004     (.common:dycoOledFontCur)
                  20000db0    00000004     (.common:fOledCharUpdate)
                  20000db4    00000004     (.common:modOledCur)
                  20000db8    00000004     (.common:pbOledCur)
                  20000dbc    00000004     (.common:pbOledFontCur)
                  20000dc0    00000004     (.common:pbOledFontUser)
                  20000dc4    00000004     (.common:pbOledPatCur)
                  20000dc8    00000004     (.common:pfnDoRop)
                  20000dcc    00000004     (.common:xchOledCur)
                  20000dd0    00000004     (.common:xchOledMax)
                  20000dd4    00000004     (.common:xcoOledCur)
                  20000dd8    00000004     (.common:ychOledCur)
                  20000ddc    00000004     (.common:ychOledMax)
                  20000de0    00000004     (.common:ycoOledCur)
                  20000de4    00000001     (.common:clrOledCur)

.data      0    20000de8    000000b8     UNINITIALIZED
                  20000de8    00000054     control_system.obj (.data)
                  20000e3c    0000001c     alt_ADC.obj (.data)
                  20000e58    00000010     yaw_functions.obj (.data)
                  20000e68    0000000c     rtsv7M4_T_le_v4SPD16_eabi.lib : exit.obj (.data:$O1$$)
                  20000e74    0000000c                                   : memory.obj (.data:$O1$$)
                  20000e80    00000008                                   : _lock.obj (.data:$O1$$)
                  20000e88    00000008     helicopter_project.obj (.data)
                  20000e90    00000005     uartstdio.obj (.data)
                  20000e95    00000003     --HOLE--
                  20000e98    00000004     rtsv7M4_T_le_v4SPD16_eabi.lib : errno.obj (.data)
                  20000e9c    00000004                                   : stkdepth_vars.obj (.data)

MODULE SUMMARY

       Module                         code    ro data   rw data
       ------                         ----    -------   -------
    .\
       uartstdio.obj                  1268    46        5      
       buttons.obj                    812     0         32     
       control_system.obj             580     0         84     
       tm4c123gh6pm_startup_ccs.obj   26      620       0      
       alt_ADC.obj                    440     0         48     
       draw_display.obj               468     0         0      
       helicopter_project.obj         456     0         8      
       yaw_functions.obj              448     0         16     
       PWM_rotors.obj                 456     0         0      
       Inits.obj                      404     0         0      
       circBufT.obj                   198     0         0      
       OrbitOLEDInterface.obj         68      0         0      
    +--+------------------------------+-------+---------+---------+
       Total:                         5624    666       193    
                                                               
    .\lib_OrbitOled\
       OrbitOledGrph.obj              2476    0         8      
       OrbitOled.obj                  944     0         553    
       OrbitOledChar.obj              548     0         272    
       ChrFont0.obj                   0       768       0      
       delay.obj                      100     0         0      
       FillPat.obj                    0       64        0      
    +--+------------------------------+-------+---------+---------+
       Total:                         4068    832       833    
                                                               
    C:/ti/TivaWare_C_Series-2.1.3.156/driverlib/ccs/Debug/driverlib.lib
       gpio.obj                       738     528       0      
       interrupt.obj                  172     112       620    
       sysctl.obj                     730     108       0      
       adc.obj                        334     0         0      
       uart.obj                       148     0         0      
       timer.obj                      120     0         0      
       pwm.obj                        110     0         0      
       ssi.obj                        106     0         0      
       systick.obj                    84      0         0      
       cpu.obj                        12      0         0      
    +--+------------------------------+-------+---------+---------+
       Total:                         2554    748       620    
                                                               
    C:\ti\ccsv6\tools\compiler\arm_15.12.3.LTS\lib\rtsv7M4_T_le_v4SPD16_eabi.lib
       _printfi.obj                   4368    0         0      
       memory.obj                     988     0         12     
       ull_div_t2.obj                 500     0         0      
       fd_add_t2.obj                  438     0         0      
       fd_div_t2.obj                  310     0         0      
       fd_cmp_t2.obj                  268     0         0      
       ctype.obj                      0       257       0      
       fd_mul_t2.obj                  252     0         0      
       s_scalbn.obj                   252     0         0      
       memcpy_t2.obj                  156     0         0      
       memset_t2.obj                  122     0         0      
       autoinit.obj                   112     0         0      
       copy_decompress_rle.obj        112     0         0      
       fd_tos_t2.obj                  110     0         0      
       s_frexp.obj                    100     0         0      
       exit.obj                       84      0         12     
       sprintf.obj                    96      0         0      
       ltoa.obj                       86      0         0      
       boot.obj                       84      0         0      
       atoi.obj                       76      0         0      
       cpy_tbl.obj                    76      0         0      
       fd_toi_t2.obj                  72      0         0      
       fd_tou_t2.obj                  68      0         0      
       u_divt2.obj                    64      0         0      
       fs_tod_t2.obj                  56      0         0      
       i_tofd_t2.obj                  46      0         0      
       _lock.obj                      20      0         8      
       memccpy.obj                    28      0         0      
       args_main.obj                  24      0         0      
       strchr.obj                     22      0         0      
       s_copysign.obj                 20      0         0      
       strlen.obj                     20      0         0      
       copy_decompress_none.obj       14      0         0      
       errno.obj                      0       0         4      
       pre_init.obj                   4       0         0      
       stkdepth_vars.obj              0       0         4      
       i_div0.obj                     2       0         0      
       mpu_init.obj                   2       0         0      
       startup.obj                    2       0         0      
    +--+------------------------------+-------+---------+---------+
       Total:                         9054    257       40     
                                                               
       Heap:                          0       0         1024   
       Stack:                         0       0         1024   
       Linker Generated:              0       125       0      
    +--+------------------------------+-------+---------+---------+
       Grand Total:                   21300   2628      3734   


LINKER GENERATED COPY TABLES

__TI_cinit_table @ 00005d84 records: 3, size/record: 8, table size: 24
	.data: load addr=00005d18, load size=00000047 bytes, run addr=20000de8, run size=000000b8 bytes, compression=rle
	.bss: load addr=00005d60, load size=0000000b bytes, run addr=20000a70, run size=00000375 bytes, compression=rle
	.vtable: load addr=00005d70, load size=0000000b bytes, run addr=20000000, run size=0000026c bytes, compression=rle


LINKER GENERATED HANDLER TABLE

__TI_handler_table @ 00005d7c records: 2, size/record: 4, table size: 8
	index: 0, handler: __TI_decompress_rle24
	index: 1, handler: __TI_decompress_none


GLOBAL SYMBOLS: SORTED ALPHABETICALLY BY Name 

address   name                           
-------   ----                           
0000554f  ADCIntClear                    
000051fd  ADCIntStatus                   
00005353  ADCProcessorTrigger            
00004c71  ADCSequenceConfigure           
000052c5  ADCSequenceDataGet             
000054f5  ADCSequenceEnable              
0000483f  ADCSequenceStepConfigure       
20000da0  ADCValue                       
00004dc9  C$$EXIT                        
0000551f  CPUcpsie                       
00004ae9  DelayInit                      
00004b09  DelayMs                        
00005259  GPIODirModeSet                 
00004fdb  GPIOIntClear                   
0000552b  GPIOIntEnable                  
0000536b  GPIOIntRegister                
00004cc9  GPIOIntTypeSet                 
000040a3  GPIOPadConfigSet               
00004f05  GPIOPinConfigure               
00005593  GPIOPinRead                    
00005459  GPIOPinTypeADC                 
0000546b  GPIOPinTypeGPIOInput           
00005383  GPIOPinTypeGPIOOutput          
0000547d  GPIOPinTypePWM                 
0000548f  GPIOPinTypeSSI                 
000054a1  GPIOPinTypeUART                
00005599  GPIOPinWrite                   
00004a7d  IntEnable                      
000054c5  IntMasterEnable                
00005195  IntRegister                    
20000df4  Kd                             
20000df0  Ki                             
20000dec  Kp                             
00003631  MainRotorPWM                   
00005009  OLEDInitialise                 
00004fe1  OLEDStringDraw                 
000030e1  OrbitOledAdvanceCursor         
00001cd1  OrbitOledClampXco              
00001cf1  OrbitOledClampYco              
000027f1  OrbitOledClear                 
00002801  OrbitOledClearBuffer           
00002f99  OrbitOledDefUserChar           
00002769  OrbitOledDevInit               
00001af1  OrbitOledDrawChar              
00003061  OrbitOledDrawGlyph             
00001489  OrbitOledDrawPixel             
000015f9  OrbitOledDrawRect              
00001b59  OrbitOledDrawString            
000026e9  OrbitOledDvrInit               
00001669  OrbitOledFillRect              
000017b1  OrbitOledGetBmp                
00003009  OrbitOledGetCharUpdate         
00002f79  OrbitOledGetCursor             
00001481  OrbitOledGetDrawMode           
000014b9  OrbitOledGetPixel              
000013c9  OrbitOledGetPos                
00001401  OrbitOledGetStdPattern         
00002619  OrbitOledHostInit              
00002601  OrbitOledInit                  
000014d9  OrbitOledLineTo                
00001c61  OrbitOledMoveDown              
00001c99  OrbitOledMoveLeft              
00001cb1  OrbitOledMoveRight             
00001381  OrbitOledMoveTo                
00001c29  OrbitOledMoveUp                
00001929  OrbitOledPutBmp                
00002899  OrbitOledPutBuffer             
00003011  OrbitOledPutChar               
00003031  OrbitOledPutString             
00001bd1  OrbitOledRopAnd                
00001ba9  OrbitOledRopOr                 
00001b79  OrbitOledRopSet                
00001bf9  OrbitOledRopXor                
00002ff1  OrbitOledSetCharUpdate         
00002f29  OrbitOledSetCursor             
000013e9  OrbitOledSetDrawColor          
00001429  OrbitOledSetDrawMode           
00001419  OrbitOledSetFillPattern        
00002839  OrbitOledUpdate                
00005283  PWMGenConfigure                
00005537  PWMGenEnable                   
000054d5  PWMGenPeriodSet                
000054b3  PWMOutputState                 
000052e3  PWMPulseWidthSet               
00005339  ResetISR                       
20000e50  SETTLING_TIME                  
UNDEFED   SHT$$INIT_ARRAY$$Base          
UNDEFED   SHT$$INIT_ARRAY$$Limit         
0000558b  SSIBusy                        
0000559f  SSIClockSourceSet              
000050e9  SSIConfigSetExpClk             
00005543  SSIDataGet                     
00005559  SSIDataPut                     
00005563  SSIEnable                      
20000e58  STATE_1                        
20000e59  STATE_2                        
20000e5a  STATE_3                        
20000e5b  STATE_4                        
00002909  Ssi3PutByte                    
000041d5  SysCtlClockGet                 
000044dd  SysCtlClockSet                 
000055a5  SysCtlDelay                    
000053cd  SysCtlPWMClockSet              
000051c9  SysCtlPeripheralEnable         
00005125  SysCtlPeripheralPresent        
00004e1d  SysCtlPeripheralReset          
000053e1  SysTickEnable                  
000053f5  SysTickIntEnable               
000036e1  SysTickIntHandler              
00005301  SysTickIntRegister             
000054e5  SysTickPeriodSet               
00003691  TailRotorPWM                   
00004bb1  TimerConfigure                 
00005503  TimerEnable                    
0000556d  TimerValueGet                  
00005577  UARTCharGet                    
00005581  UARTCharPut                    
000055ab  UARTClockSourceSet             
00004f95  UARTConfigSetExpClk            
000052a5  UARTDisable                    
00005409  UARTEnable                     
00001d31  UARTStdioConfig                
000033e1  UARTdisplay                    
00001e91  UARTgetc                       
00001dc9  UARTgets                       
000021f1  UARTprintf                     
00001eb9  UARTvprintf                    
00001d79  UARTwrite                      
000038b1  YawIntHandler                  
20000e00  YawKd                          
20000dfc  YawKi                          
20000df8  YawKp                          
2000066c  __STACK_END                    
00000400  __STACK_SIZE                   
2000046c  __STACK_TOP                    
00000400  __SYSMEM_SIZE                  
00005d84  __TI_CINIT_Base                
00005d9c  __TI_CINIT_Limit               
00005d7c  __TI_Handler_Table_Base        
00005d84  __TI_Handler_Table_Limit       
00004935  __TI_auto_init                 
20000e68  __TI_cleanup_ptr               
00005511  __TI_decompress_none           
000055b1  __TI_decompress_rle24          
20000e6c  __TI_dtors_ptr                 
20000e70  __TI_enable_exit_profile_output
ffffffff  __TI_pprof_out_hndl            
0000107b  __TI_printfi                   
ffffffff  __TI_prof_data_size            
ffffffff  __TI_prof_data_start           
00000000  __TI_static_base__             
00004733  __aeabi_cdcmpeq                
00004733  __aeabi_cdcmple                
000047b9  __aeabi_cdrcmple               
000049a5  __aeabi_d2f                    
00004f4d  __aeabi_d2iz                   
00005025  __aeabi_d2uiz                  
00003c2b  __aeabi_dadd                   
00003f6d  __aeabi_ddiv                   
000042e5  __aeabi_dmul                   
00003c21  __aeabi_dsub                   
0000515d  __aeabi_f2d                    
0000522b  __aeabi_i2d                    
00002cdd  __aeabi_idiv0                  
000048b9  __aeabi_memclr                 
000048b9  __aeabi_memclr4                
000048b9  __aeabi_memclr8                
00004697  __aeabi_memcpy                 
00004697  __aeabi_memcpy4                
00004697  __aeabi_memcpy8                
000048bb  __aeabi_memset                 
000048bb  __aeabi_memset4                
000048bb  __aeabi_memset8                
000050a9  __aeabi_uidiv                  
000050a9  __aeabi_uidivmod               
0000314d  __aeabi_uldivmod               
ffffffff  __binit__                      
ffffffff  __c_args__                     
00002cdf  __mpu_init                     
2000026c  __stack                        
0000539d  _args_main                     
00004d75  _c_int00                       
000058b8  _ctypes_                       
20000e80  _lock                          
0000542b  _nop                           
00005423  _register_lock                 
0000541d  _register_unlock               
20000670  _sys_memory                    
00002f25  _system_post_cinit             
00001d2d  _system_pre_init               
20000e84  _unlock                        
00004dcd  abort                          
20000e54  alt_actual                     
00002be9  alt_button                     
00002ce1  alt_control                    
20000e04  alt_desired                    
20000e08  alt_error                      
00004e6d  atoi                           
ffffffff  binit                          
20000da4  bnOledCur                      
000025cd  calloc                         
00002ba9  checkButton                    
20000de4  clrOledCur                     
00004eb9  copy_in                        
00005431  copysign                       
00005431  copysignl                      
20000e48  current_alt                    
20000e60  current_state                  
20000e10  derivitive_alt_error           
20000e28  derivitive_yaw_error           
00003349  displayVals                    
20000de8  dt                             
20000da8  dxcoOledFontCur                
20000dac  dycoOledFontCur                
20000e98  errno                          
00004dd5  exit                           
20000db0  fOledCharUpdate                
0000231b  free                           
00004671  freeCircBuf                    
00004b4d  frexp                          
00004b4d  frexpl                         
20000000  g_pfnRAMVectors                
00000000  g_pfnVectors                   
00003a81  getAlt                         
000038a9  getYaw                         
20000e3c  i                              
00003a69  initAltADC                     
000029b1  initButtons                    
000045d1  initCircBuf                    
00003341  initDisplay                    
00003dd9  initPins                       
00003f09  initSysTick                    
00003519  initialiseMainPWM              
00003589  initialiseTailPWM              
20000e0c  integral_alt_error             
20000e24  integral_yaw_error             
20000e40  j                              
000043e1  ldexp                          
000043e1  ldexpl                         
00004d1f  ltoa                           
000036f1  main                           
20000e18  main_duty                      
20000e34  main_duty_u32                  
20000e9c  main_func_sp                   
000022b3  malloc                         
000024e9  memalign                       
0000531d  memccpy                        
00004697  memcpy                         
000048c1  memset                         
20000e8c  milliseconds_passed            
20000e44  min_alt                        
00002225  minit                          
20000db4  modOledCur                     
20000db8  pbOledCur                      
20000dbc  pbOledFontCur                  
20000dc0  pbOledFontUser                 
20000dc4  pbOledPatCur                   
20000dc8  pfnDoRop                       
20000e14  prev_alt_error                 
20000e61  prev_state                     
20000e2c  prev_yaw_error                 
00004639  readCircBuf                    
000023dd  realloc                        
00005ca8  rgbFillPat                     
20000a70  rgbOledBmp                     
000055b8  rgbOledFont0                   
20000c70  rgbOledFontUser                
000043e1  scalbn                         
000043e1  scalbnl                        
000035f1  setMainPWM                     
00003659  setTailPWM                     
00004c11  sprintf                        
000053b5  strchr                         
00005445  strlen                         
20000e4c  sum                            
20000e88  sys_ticks                      
20000e30  tail_duty                      
20000e38  tail_duty_u32                  
00002aa9  updateButtons                  
00004601  writeCircBuf                   
20000dcc  xchOledCur                     
20000dd0  xchOledMax                     
20000dd4  xcoOledCur                     
20000e64  yaw                            
20000e5c  yawActual                      
00002c51  yaw_button                     
00002dd9  yaw_control                    
20000e1c  yaw_desired                    
20000e20  yaw_error                      
20000dd8  ychOledCur                     
20000ddc  ychOledMax                     
20000de0  ycoOledCur                     


GLOBAL SYMBOLS: SORTED BY Symbol Address 

address   name                           
-------   ----                           
00000000  __TI_static_base__             
00000000  g_pfnVectors                   
00000400  __STACK_SIZE                   
00000400  __SYSMEM_SIZE                  
0000107b  __TI_printfi                   
00001381  OrbitOledMoveTo                
000013c9  OrbitOledGetPos                
000013e9  OrbitOledSetDrawColor          
00001401  OrbitOledGetStdPattern         
00001419  OrbitOledSetFillPattern        
00001429  OrbitOledSetDrawMode           
00001481  OrbitOledGetDrawMode           
00001489  OrbitOledDrawPixel             
000014b9  OrbitOledGetPixel              
000014d9  OrbitOledLineTo                
000015f9  OrbitOledDrawRect              
00001669  OrbitOledFillRect              
000017b1  OrbitOledGetBmp                
00001929  OrbitOledPutBmp                
00001af1  OrbitOledDrawChar              
00001b59  OrbitOledDrawString            
00001b79  OrbitOledRopSet                
00001ba9  OrbitOledRopOr                 
00001bd1  OrbitOledRopAnd                
00001bf9  OrbitOledRopXor                
00001c29  OrbitOledMoveUp                
00001c61  OrbitOledMoveDown              
00001c99  OrbitOledMoveLeft              
00001cb1  OrbitOledMoveRight             
00001cd1  OrbitOledClampXco              
00001cf1  OrbitOledClampYco              
00001d2d  _system_pre_init               
00001d31  UARTStdioConfig                
00001d79  UARTwrite                      
00001dc9  UARTgets                       
00001e91  UARTgetc                       
00001eb9  UARTvprintf                    
000021f1  UARTprintf                     
00002225  minit                          
000022b3  malloc                         
0000231b  free                           
000023dd  realloc                        
000024e9  memalign                       
000025cd  calloc                         
00002601  OrbitOledInit                  
00002619  OrbitOledHostInit              
000026e9  OrbitOledDvrInit               
00002769  OrbitOledDevInit               
000027f1  OrbitOledClear                 
00002801  OrbitOledClearBuffer           
00002839  OrbitOledUpdate                
00002899  OrbitOledPutBuffer             
00002909  Ssi3PutByte                    
000029b1  initButtons                    
00002aa9  updateButtons                  
00002ba9  checkButton                    
00002be9  alt_button                     
00002c51  yaw_button                     
00002cdd  __aeabi_idiv0                  
00002cdf  __mpu_init                     
00002ce1  alt_control                    
00002dd9  yaw_control                    
00002f25  _system_post_cinit             
00002f29  OrbitOledSetCursor             
00002f79  OrbitOledGetCursor             
00002f99  OrbitOledDefUserChar           
00002ff1  OrbitOledSetCharUpdate         
00003009  OrbitOledGetCharUpdate         
00003011  OrbitOledPutChar               
00003031  OrbitOledPutString             
00003061  OrbitOledDrawGlyph             
000030e1  OrbitOledAdvanceCursor         
0000314d  __aeabi_uldivmod               
00003341  initDisplay                    
00003349  displayVals                    
000033e1  UARTdisplay                    
00003519  initialiseMainPWM              
00003589  initialiseTailPWM              
000035f1  setMainPWM                     
00003631  MainRotorPWM                   
00003659  setTailPWM                     
00003691  TailRotorPWM                   
000036e1  SysTickIntHandler              
000036f1  main                           
000038a9  getYaw                         
000038b1  YawIntHandler                  
00003a69  initAltADC                     
00003a81  getAlt                         
00003c21  __aeabi_dsub                   
00003c2b  __aeabi_dadd                   
00003dd9  initPins                       
00003f09  initSysTick                    
00003f6d  __aeabi_ddiv                   
000040a3  GPIOPadConfigSet               
000041d5  SysCtlClockGet                 
000042e5  __aeabi_dmul                   
000043e1  ldexp                          
000043e1  ldexpl                         
000043e1  scalbn                         
000043e1  scalbnl                        
000044dd  SysCtlClockSet                 
000045d1  initCircBuf                    
00004601  writeCircBuf                   
00004639  readCircBuf                    
00004671  freeCircBuf                    
00004697  __aeabi_memcpy                 
00004697  __aeabi_memcpy4                
00004697  __aeabi_memcpy8                
00004697  memcpy                         
00004733  __aeabi_cdcmpeq                
00004733  __aeabi_cdcmple                
000047b9  __aeabi_cdrcmple               
0000483f  ADCSequenceStepConfigure       
000048b9  __aeabi_memclr                 
000048b9  __aeabi_memclr4                
000048b9  __aeabi_memclr8                
000048bb  __aeabi_memset                 
000048bb  __aeabi_memset4                
000048bb  __aeabi_memset8                
000048c1  memset                         
00004935  __TI_auto_init                 
000049a5  __aeabi_d2f                    
00004a7d  IntEnable                      
00004ae9  DelayInit                      
00004b09  DelayMs                        
00004b4d  frexp                          
00004b4d  frexpl                         
00004bb1  TimerConfigure                 
00004c11  sprintf                        
00004c71  ADCSequenceConfigure           
00004cc9  GPIOIntTypeSet                 
00004d1f  ltoa                           
00004d75  _c_int00                       
00004dc9  C$$EXIT                        
00004dcd  abort                          
00004dd5  exit                           
00004e1d  SysCtlPeripheralReset          
00004e6d  atoi                           
00004eb9  copy_in                        
00004f05  GPIOPinConfigure               
00004f4d  __aeabi_d2iz                   
00004f95  UARTConfigSetExpClk            
00004fdb  GPIOIntClear                   
00004fe1  OLEDStringDraw                 
00005009  OLEDInitialise                 
00005025  __aeabi_d2uiz                  
000050a9  __aeabi_uidiv                  
000050a9  __aeabi_uidivmod               
000050e9  SSIConfigSetExpClk             
00005125  SysCtlPeripheralPresent        
0000515d  __aeabi_f2d                    
00005195  IntRegister                    
000051c9  SysCtlPeripheralEnable         
000051fd  ADCIntStatus                   
0000522b  __aeabi_i2d                    
00005259  GPIODirModeSet                 
00005283  PWMGenConfigure                
000052a5  UARTDisable                    
000052c5  ADCSequenceDataGet             
000052e3  PWMPulseWidthSet               
00005301  SysTickIntRegister             
0000531d  memccpy                        
00005339  ResetISR                       
00005353  ADCProcessorTrigger            
0000536b  GPIOIntRegister                
00005383  GPIOPinTypeGPIOOutput          
0000539d  _args_main                     
000053b5  strchr                         
000053cd  SysCtlPWMClockSet              
000053e1  SysTickEnable                  
000053f5  SysTickIntEnable               
00005409  UARTEnable                     
0000541d  _register_unlock               
00005423  _register_lock                 
0000542b  _nop                           
00005431  copysign                       
00005431  copysignl                      
00005445  strlen                         
00005459  GPIOPinTypeADC                 
0000546b  GPIOPinTypeGPIOInput           
0000547d  GPIOPinTypePWM                 
0000548f  GPIOPinTypeSSI                 
000054a1  GPIOPinTypeUART                
000054b3  PWMOutputState                 
000054c5  IntMasterEnable                
000054d5  PWMGenPeriodSet                
000054e5  SysTickPeriodSet               
000054f5  ADCSequenceEnable              
00005503  TimerEnable                    
00005511  __TI_decompress_none           
0000551f  CPUcpsie                       
0000552b  GPIOIntEnable                  
00005537  PWMGenEnable                   
00005543  SSIDataGet                     
0000554f  ADCIntClear                    
00005559  SSIDataPut                     
00005563  SSIEnable                      
0000556d  TimerValueGet                  
00005577  UARTCharGet                    
00005581  UARTCharPut                    
0000558b  SSIBusy                        
00005593  GPIOPinRead                    
00005599  GPIOPinWrite                   
0000559f  SSIClockSourceSet              
000055a5  SysCtlDelay                    
000055ab  UARTClockSourceSet             
000055b1  __TI_decompress_rle24          
000055b8  rgbOledFont0                   
000058b8  _ctypes_                       
00005ca8  rgbFillPat                     
00005d7c  __TI_Handler_Table_Base        
00005d84  __TI_CINIT_Base                
00005d84  __TI_Handler_Table_Limit       
00005d9c  __TI_CINIT_Limit               
20000000  g_pfnRAMVectors                
2000026c  __stack                        
2000046c  __STACK_TOP                    
2000066c  __STACK_END                    
20000670  _sys_memory                    
20000a70  rgbOledBmp                     
20000c70  rgbOledFontUser                
20000da0  ADCValue                       
20000da4  bnOledCur                      
20000da8  dxcoOledFontCur                
20000dac  dycoOledFontCur                
20000db0  fOledCharUpdate                
20000db4  modOledCur                     
20000db8  pbOledCur                      
20000dbc  pbOledFontCur                  
20000dc0  pbOledFontUser                 
20000dc4  pbOledPatCur                   
20000dc8  pfnDoRop                       
20000dcc  xchOledCur                     
20000dd0  xchOledMax                     
20000dd4  xcoOledCur                     
20000dd8  ychOledCur                     
20000ddc  ychOledMax                     
20000de0  ycoOledCur                     
20000de4  clrOledCur                     
20000de8  dt                             
20000dec  Kp                             
20000df0  Ki                             
20000df4  Kd                             
20000df8  YawKp                          
20000dfc  YawKi                          
20000e00  YawKd                          
20000e04  alt_desired                    
20000e08  alt_error                      
20000e0c  integral_alt_error             
20000e10  derivitive_alt_error           
20000e14  prev_alt_error                 
20000e18  main_duty                      
20000e1c  yaw_desired                    
20000e20  yaw_error                      
20000e24  integral_yaw_error             
20000e28  derivitive_yaw_error           
20000e2c  prev_yaw_error                 
20000e30  tail_duty                      
20000e34  main_duty_u32                  
20000e38  tail_duty_u32                  
20000e3c  i                              
20000e40  j                              
20000e44  min_alt                        
20000e48  current_alt                    
20000e4c  sum                            
20000e50  SETTLING_TIME                  
20000e54  alt_actual                     
20000e58  STATE_1                        
20000e59  STATE_2                        
20000e5a  STATE_3                        
20000e5b  STATE_4                        
20000e5c  yawActual                      
20000e60  current_state                  
20000e61  prev_state                     
20000e64  yaw                            
20000e68  __TI_cleanup_ptr               
20000e6c  __TI_dtors_ptr                 
20000e70  __TI_enable_exit_profile_output
20000e80  _lock                          
20000e84  _unlock                        
20000e88  sys_ticks                      
20000e8c  milliseconds_passed            
20000e98  errno                          
20000e9c  main_func_sp                   
ffffffff  __TI_pprof_out_hndl            
ffffffff  __TI_prof_data_size            
ffffffff  __TI_prof_data_start           
ffffffff  __binit__                      
ffffffff  __c_args__                     
ffffffff  binit                          
UNDEFED   SHT$$INIT_ARRAY$$Base          
UNDEFED   SHT$$INIT_ARRAY$$Limit         

[292 symbols]
