<?xml version="1.0"?>
<link_info>
   <banner>TI ARM Linker PC v15.12.3.LTS</banner>
   <copyright>Copyright (c) 1996-2015 Texas Instruments Incorporated</copyright>
   <link_time>0x593545ac</link_time>
   <link_errors>0x0</link_errors>
   <output_file>HeliProject.out</output_file>
   <entry_point>
      <name>_c_int00</name>
      <address>0x5681</address>
   </entry_point>
   <input_file_list>
      <input_file id="fl-2">
         <path>.\</path>
         <kind>object</kind>
         <file>Inits.obj</file>
         <name>Inits.obj</name>
      </input_file>
      <input_file id="fl-3">
         <path>.\</path>
         <kind>object</kind>
         <file>OrbitOLEDInterface.obj</file>
         <name>OrbitOLEDInterface.obj</name>
      </input_file>
      <input_file id="fl-4">
         <path>.\</path>
         <kind>object</kind>
         <file>PID_controller.obj</file>
         <name>PID_controller.obj</name>
      </input_file>
      <input_file id="fl-5">
         <path>.\</path>
         <kind>object</kind>
         <file>PWM_rotors.obj</file>
         <name>PWM_rotors.obj</name>
      </input_file>
      <input_file id="fl-6">
         <path>.\</path>
         <kind>object</kind>
         <file>alt_ADC.obj</file>
         <name>alt_ADC.obj</name>
      </input_file>
      <input_file id="fl-7">
         <path>.\</path>
         <kind>object</kind>
         <file>buttons.obj</file>
         <name>buttons.obj</name>
      </input_file>
      <input_file id="fl-8">
         <path>.\</path>
         <kind>object</kind>
         <file>circBufT.obj</file>
         <name>circBufT.obj</name>
      </input_file>
      <input_file id="fl-9">
         <path>.\</path>
         <kind>object</kind>
         <file>control_system.obj</file>
         <name>control_system.obj</name>
      </input_file>
      <input_file id="fl-a">
         <path>.\</path>
         <kind>object</kind>
         <file>draw_display.obj</file>
         <name>draw_display.obj</name>
      </input_file>
      <input_file id="fl-b">
         <path>.\</path>
         <kind>object</kind>
         <file>helicopter_project.obj</file>
         <name>helicopter_project.obj</name>
      </input_file>
      <input_file id="fl-c">
         <path>.\</path>
         <kind>object</kind>
         <file>tm4c123gh6pm_startup_ccs.obj</file>
         <name>tm4c123gh6pm_startup_ccs.obj</name>
      </input_file>
      <input_file id="fl-d">
         <path>.\</path>
         <kind>object</kind>
         <file>uartstdio.obj</file>
         <name>uartstdio.obj</name>
      </input_file>
      <input_file id="fl-e">
         <path>.\</path>
         <kind>object</kind>
         <file>yaw_functions.obj</file>
         <name>yaw_functions.obj</name>
      </input_file>
      <input_file id="fl-f">
         <path>.\lib_OrbitOled\</path>
         <kind>object</kind>
         <file>ChrFont0.obj</file>
         <name>ChrFont0.obj</name>
      </input_file>
      <input_file id="fl-10">
         <path>.\lib_OrbitOled\</path>
         <kind>object</kind>
         <file>FillPat.obj</file>
         <name>FillPat.obj</name>
      </input_file>
      <input_file id="fl-11">
         <path>.\lib_OrbitOled\</path>
         <kind>object</kind>
         <file>OrbitOled.obj</file>
         <name>OrbitOled.obj</name>
      </input_file>
      <input_file id="fl-12">
         <path>.\lib_OrbitOled\</path>
         <kind>object</kind>
         <file>OrbitOledChar.obj</file>
         <name>OrbitOledChar.obj</name>
      </input_file>
      <input_file id="fl-13">
         <path>.\lib_OrbitOled\</path>
         <kind>object</kind>
         <file>OrbitOledGrph.obj</file>
         <name>OrbitOledGrph.obj</name>
      </input_file>
      <input_file id="fl-14">
         <path>.\lib_OrbitOled\</path>
         <kind>object</kind>
         <file>delay.obj</file>
         <name>delay.obj</name>
      </input_file>
      <input_file id="fl-cf">
         <path>C:\ti\ccsv6\tools\compiler\arm_15.12.3.LTS\lib\</path>
         <kind>archive</kind>
         <file>rtsv7M4_T_le_v4SPD16_eabi.lib</file>
         <name>boot.obj</name>
      </input_file>
      <input_file id="fl-d0">
         <path>C:\ti\ccsv6\tools\compiler\arm_15.12.3.LTS\lib\</path>
         <kind>archive</kind>
         <file>rtsv7M4_T_le_v4SPD16_eabi.lib</file>
         <name>copy_decompress_none.obj</name>
      </input_file>
      <input_file id="fl-d1">
         <path>C:\ti\ccsv6\tools\compiler\arm_15.12.3.LTS\lib\</path>
         <kind>archive</kind>
         <file>rtsv7M4_T_le_v4SPD16_eabi.lib</file>
         <name>copy_decompress_rle.obj</name>
      </input_file>
      <input_file id="fl-d2">
         <path>C:\ti\ccsv6\tools\compiler\arm_15.12.3.LTS\lib\</path>
         <kind>archive</kind>
         <file>rtsv7M4_T_le_v4SPD16_eabi.lib</file>
         <name>copy_zero_init.obj</name>
      </input_file>
      <input_file id="fl-d3">
         <path>C:\ti\ccsv6\tools\compiler\arm_15.12.3.LTS\lib\</path>
         <kind>archive</kind>
         <file>rtsv7M4_T_le_v4SPD16_eabi.lib</file>
         <name>exit.obj</name>
      </input_file>
      <input_file id="fl-d4">
         <path>C:\ti\ccsv6\tools\compiler\arm_15.12.3.LTS\lib\</path>
         <kind>archive</kind>
         <file>rtsv7M4_T_le_v4SPD16_eabi.lib</file>
         <name>fd_add_t2.obj</name>
      </input_file>
      <input_file id="fl-d5">
         <path>C:\ti\ccsv6\tools\compiler\arm_15.12.3.LTS\lib\</path>
         <kind>archive</kind>
         <file>rtsv7M4_T_le_v4SPD16_eabi.lib</file>
         <name>fd_div_t2.obj</name>
      </input_file>
      <input_file id="fl-d6">
         <path>C:\ti\ccsv6\tools\compiler\arm_15.12.3.LTS\lib\</path>
         <kind>archive</kind>
         <file>rtsv7M4_T_le_v4SPD16_eabi.lib</file>
         <name>fd_mul_t2.obj</name>
      </input_file>
      <input_file id="fl-d7">
         <path>C:\ti\ccsv6\tools\compiler\arm_15.12.3.LTS\lib\</path>
         <kind>archive</kind>
         <file>rtsv7M4_T_le_v4SPD16_eabi.lib</file>
         <name>fd_tos_t2.obj</name>
      </input_file>
      <input_file id="fl-d8">
         <path>C:\ti\ccsv6\tools\compiler\arm_15.12.3.LTS\lib\</path>
         <kind>archive</kind>
         <file>rtsv7M4_T_le_v4SPD16_eabi.lib</file>
         <name>fd_tou_t2.obj</name>
      </input_file>
      <input_file id="fl-d9">
         <path>C:\ti\ccsv6\tools\compiler\arm_15.12.3.LTS\lib\</path>
         <kind>archive</kind>
         <file>rtsv7M4_T_le_v4SPD16_eabi.lib</file>
         <name>fs_tod_t2.obj</name>
      </input_file>
      <input_file id="fl-da">
         <path>C:\ti\ccsv6\tools\compiler\arm_15.12.3.LTS\lib\</path>
         <kind>archive</kind>
         <file>rtsv7M4_T_le_v4SPD16_eabi.lib</file>
         <name>i_tofd_t2.obj</name>
      </input_file>
      <input_file id="fl-db">
         <path>C:\ti\ccsv6\tools\compiler\arm_15.12.3.LTS\lib\</path>
         <kind>archive</kind>
         <file>rtsv7M4_T_le_v4SPD16_eabi.lib</file>
         <name>memcpy_t2.obj</name>
      </input_file>
      <input_file id="fl-dc">
         <path>C:\ti\ccsv6\tools\compiler\arm_15.12.3.LTS\lib\</path>
         <kind>archive</kind>
         <file>rtsv7M4_T_le_v4SPD16_eabi.lib</file>
         <name>memory.obj</name>
      </input_file>
      <input_file id="fl-dd">
         <path>C:\ti\ccsv6\tools\compiler\arm_15.12.3.LTS\lib\</path>
         <kind>archive</kind>
         <file>rtsv7M4_T_le_v4SPD16_eabi.lib</file>
         <name>memset_t2.obj</name>
      </input_file>
      <input_file id="fl-de">
         <path>C:\ti\ccsv6\tools\compiler\arm_15.12.3.LTS\lib\</path>
         <kind>archive</kind>
         <file>rtsv7M4_T_le_v4SPD16_eabi.lib</file>
         <name>mpu_init.obj</name>
      </input_file>
      <input_file id="fl-df">
         <path>C:\ti\ccsv6\tools\compiler\arm_15.12.3.LTS\lib\</path>
         <kind>archive</kind>
         <file>rtsv7M4_T_le_v4SPD16_eabi.lib</file>
         <name>pre_init.obj</name>
      </input_file>
      <input_file id="fl-e0">
         <path>C:\ti\ccsv6\tools\compiler\arm_15.12.3.LTS\lib\</path>
         <kind>archive</kind>
         <file>rtsv7M4_T_le_v4SPD16_eabi.lib</file>
         <name>sprintf.obj</name>
      </input_file>
      <input_file id="fl-e1">
         <path>C:\ti\ccsv6\tools\compiler\arm_15.12.3.LTS\lib\</path>
         <kind>archive</kind>
         <file>rtsv7M4_T_le_v4SPD16_eabi.lib</file>
         <name>stkdepth_vars.obj</name>
      </input_file>
      <input_file id="fl-e2">
         <path>C:\ti\ccsv6\tools\compiler\arm_15.12.3.LTS\lib\</path>
         <kind>archive</kind>
         <file>rtsv7M4_T_le_v4SPD16_eabi.lib</file>
         <name>u_divt2.obj</name>
      </input_file>
      <input_file id="fl-e3">
         <path>C:\ti\ccsv6\tools\compiler\arm_15.12.3.LTS\lib\</path>
         <kind>archive</kind>
         <file>rtsv7M4_T_le_v4SPD16_eabi.lib</file>
         <name>_lock.obj</name>
      </input_file>
      <input_file id="fl-e4">
         <path>C:\ti\ccsv6\tools\compiler\arm_15.12.3.LTS\lib\</path>
         <kind>archive</kind>
         <file>rtsv7M4_T_le_v4SPD16_eabi.lib</file>
         <name>_printfi.obj</name>
      </input_file>
      <input_file id="fl-e5">
         <path>C:\ti\ccsv6\tools\compiler\arm_15.12.3.LTS\lib\</path>
         <kind>archive</kind>
         <file>rtsv7M4_T_le_v4SPD16_eabi.lib</file>
         <name>args_main.obj</name>
      </input_file>
      <input_file id="fl-e6">
         <path>C:\ti\ccsv6\tools\compiler\arm_15.12.3.LTS\lib\</path>
         <kind>archive</kind>
         <file>rtsv7M4_T_le_v4SPD16_eabi.lib</file>
         <name>atoi.obj</name>
      </input_file>
      <input_file id="fl-e7">
         <path>C:\ti\ccsv6\tools\compiler\arm_15.12.3.LTS\lib\</path>
         <kind>archive</kind>
         <file>rtsv7M4_T_le_v4SPD16_eabi.lib</file>
         <name>autoinit.obj</name>
      </input_file>
      <input_file id="fl-e8">
         <path>C:\ti\ccsv6\tools\compiler\arm_15.12.3.LTS\lib\</path>
         <kind>archive</kind>
         <file>rtsv7M4_T_le_v4SPD16_eabi.lib</file>
         <name>cpy_tbl.obj</name>
      </input_file>
      <input_file id="fl-e9">
         <path>C:\ti\ccsv6\tools\compiler\arm_15.12.3.LTS\lib\</path>
         <kind>archive</kind>
         <file>rtsv7M4_T_le_v4SPD16_eabi.lib</file>
         <name>ctype.obj</name>
      </input_file>
      <input_file id="fl-ea">
         <path>C:\ti\ccsv6\tools\compiler\arm_15.12.3.LTS\lib\</path>
         <kind>archive</kind>
         <file>rtsv7M4_T_le_v4SPD16_eabi.lib</file>
         <name>fd_cmp_t2.obj</name>
      </input_file>
      <input_file id="fl-eb">
         <path>C:\ti\ccsv6\tools\compiler\arm_15.12.3.LTS\lib\</path>
         <kind>archive</kind>
         <file>rtsv7M4_T_le_v4SPD16_eabi.lib</file>
         <name>fd_toi_t2.obj</name>
      </input_file>
      <input_file id="fl-ec">
         <path>C:\ti\ccsv6\tools\compiler\arm_15.12.3.LTS\lib\</path>
         <kind>archive</kind>
         <file>rtsv7M4_T_le_v4SPD16_eabi.lib</file>
         <name>i_div0.obj</name>
      </input_file>
      <input_file id="fl-ed">
         <path>C:\ti\ccsv6\tools\compiler\arm_15.12.3.LTS\lib\</path>
         <kind>archive</kind>
         <file>rtsv7M4_T_le_v4SPD16_eabi.lib</file>
         <name>ltoa.obj</name>
      </input_file>
      <input_file id="fl-ee">
         <path>C:\ti\ccsv6\tools\compiler\arm_15.12.3.LTS\lib\</path>
         <kind>archive</kind>
         <file>rtsv7M4_T_le_v4SPD16_eabi.lib</file>
         <name>memccpy.obj</name>
      </input_file>
      <input_file id="fl-ef">
         <path>C:\ti\ccsv6\tools\compiler\arm_15.12.3.LTS\lib\</path>
         <kind>archive</kind>
         <file>rtsv7M4_T_le_v4SPD16_eabi.lib</file>
         <name>s_frexp.obj</name>
      </input_file>
      <input_file id="fl-f0">
         <path>C:\ti\ccsv6\tools\compiler\arm_15.12.3.LTS\lib\</path>
         <kind>archive</kind>
         <file>rtsv7M4_T_le_v4SPD16_eabi.lib</file>
         <name>s_scalbn.obj</name>
      </input_file>
      <input_file id="fl-f1">
         <path>C:\ti\ccsv6\tools\compiler\arm_15.12.3.LTS\lib\</path>
         <kind>archive</kind>
         <file>rtsv7M4_T_le_v4SPD16_eabi.lib</file>
         <name>startup.obj</name>
      </input_file>
      <input_file id="fl-f2">
         <path>C:\ti\ccsv6\tools\compiler\arm_15.12.3.LTS\lib\</path>
         <kind>archive</kind>
         <file>rtsv7M4_T_le_v4SPD16_eabi.lib</file>
         <name>strchr.obj</name>
      </input_file>
      <input_file id="fl-f3">
         <path>C:\ti\ccsv6\tools\compiler\arm_15.12.3.LTS\lib\</path>
         <kind>archive</kind>
         <file>rtsv7M4_T_le_v4SPD16_eabi.lib</file>
         <name>strlen.obj</name>
      </input_file>
      <input_file id="fl-f4">
         <path>C:\ti\ccsv6\tools\compiler\arm_15.12.3.LTS\lib\</path>
         <kind>archive</kind>
         <file>rtsv7M4_T_le_v4SPD16_eabi.lib</file>
         <name>ull_div_t2.obj</name>
      </input_file>
      <input_file id="fl-f5">
         <path>C:\ti\ccsv6\tools\compiler\arm_15.12.3.LTS\lib\</path>
         <kind>archive</kind>
         <file>rtsv7M4_T_le_v4SPD16_eabi.lib</file>
         <name>errno.obj</name>
      </input_file>
      <input_file id="fl-f6">
         <path>C:\ti\ccsv6\tools\compiler\arm_15.12.3.LTS\lib\</path>
         <kind>archive</kind>
         <file>rtsv7M4_T_le_v4SPD16_eabi.lib</file>
         <name>s_copysign.obj</name>
      </input_file>
      <input_file id="fl-f7">
         <path>C:\ti\TivaWare_C_Series-2.1.3.156\driverlib\ccs\Debug\</path>
         <kind>archive</kind>
         <file>driverlib.lib</file>
         <name>adc.obj</name>
      </input_file>
      <input_file id="fl-f8">
         <path>C:\ti\TivaWare_C_Series-2.1.3.156\driverlib\ccs\Debug\</path>
         <kind>archive</kind>
         <file>driverlib.lib</file>
         <name>gpio.obj</name>
      </input_file>
      <input_file id="fl-f9">
         <path>C:\ti\TivaWare_C_Series-2.1.3.156\driverlib\ccs\Debug\</path>
         <kind>archive</kind>
         <file>driverlib.lib</file>
         <name>interrupt.obj</name>
      </input_file>
      <input_file id="fl-fa">
         <path>C:\ti\TivaWare_C_Series-2.1.3.156\driverlib\ccs\Debug\</path>
         <kind>archive</kind>
         <file>driverlib.lib</file>
         <name>pwm.obj</name>
      </input_file>
      <input_file id="fl-fb">
         <path>C:\ti\TivaWare_C_Series-2.1.3.156\driverlib\ccs\Debug\</path>
         <kind>archive</kind>
         <file>driverlib.lib</file>
         <name>ssi.obj</name>
      </input_file>
      <input_file id="fl-fc">
         <path>C:\ti\TivaWare_C_Series-2.1.3.156\driverlib\ccs\Debug\</path>
         <kind>archive</kind>
         <file>driverlib.lib</file>
         <name>sysctl.obj</name>
      </input_file>
      <input_file id="fl-fd">
         <path>C:\ti\TivaWare_C_Series-2.1.3.156\driverlib\ccs\Debug\</path>
         <kind>archive</kind>
         <file>driverlib.lib</file>
         <name>systick.obj</name>
      </input_file>
      <input_file id="fl-fe">
         <path>C:\ti\TivaWare_C_Series-2.1.3.156\driverlib\ccs\Debug\</path>
         <kind>archive</kind>
         <file>driverlib.lib</file>
         <name>timer.obj</name>
      </input_file>
      <input_file id="fl-ff">
         <path>C:\ti\TivaWare_C_Series-2.1.3.156\driverlib\ccs\Debug\</path>
         <kind>archive</kind>
         <file>driverlib.lib</file>
         <name>uart.obj</name>
      </input_file>
      <input_file id="fl-100">
         <path>C:\ti\TivaWare_C_Series-2.1.3.156\driverlib\ccs\Debug\</path>
         <kind>archive</kind>
         <file>driverlib.lib</file>
         <name>cpu.obj</name>
      </input_file>
   </input_file_list>
   <object_component_list>
      <object_component id="oc-f">
         <name>.intvecs</name>
         <load_address>0x0</load_address>
         <run_address>0x0</run_address>
         <size>0x26c</size>
         <input_file_ref idref="fl-c"/>
      </object_component>
      <object_component id="oc-2ec">
         <name>.text</name>
         <load_address>0x270</load_address>
         <run_address>0x270</run_address>
         <size>0x1110</size>
         <input_file_ref idref="fl-e4"/>
      </object_component>
      <object_component id="oc-373">
         <name>.text</name>
         <load_address>0x1380</load_address>
         <run_address>0x1380</run_address>
         <size>0xb60</size>
         <input_file_ref idref="fl-13"/>
      </object_component>
      <object_component id="oc-1a4">
         <name>.text</name>
         <load_address>0x1ee0</load_address>
         <run_address>0x1ee0</run_address>
         <size>0x546</size>
         <input_file_ref idref="fl-d"/>
      </object_component>
      <object_component id="oc-358">
         <name>.text</name>
         <load_address>0x2426</load_address>
         <run_address>0x2426</run_address>
         <size>0x2</size>
         <input_file_ref idref="fl-ec"/>
      </object_component>
      <object_component id="oc-2e1">
         <name>.text</name>
         <load_address>0x2428</load_address>
         <run_address>0x2428</run_address>
         <size>0x506</size>
         <input_file_ref idref="fl-11"/>
      </object_component>
      <object_component id="oc-5c">
         <name>.text</name>
         <load_address>0x292e</load_address>
         <run_address>0x292e</run_address>
         <size>0x2</size>
         <input_file_ref idref="fl-de"/>
      </object_component>
      <object_component id="oc-2fd">
         <name>.text</name>
         <load_address>0x2930</load_address>
         <run_address>0x2930</run_address>
         <size>0x3dc</size>
         <input_file_ref idref="fl-dc"/>
      </object_component>
      <object_component id="oc-62">
         <name>.text</name>
         <load_address>0x2d0c</load_address>
         <run_address>0x2d0c</run_address>
         <size>0x4</size>
         <input_file_ref idref="fl-df"/>
      </object_component>
      <object_component id="oc-fb">
         <name>.text</name>
         <load_address>0x2d10</load_address>
         <run_address>0x2d10</run_address>
         <size>0x3d8</size>
         <input_file_ref idref="fl-7"/>
      </object_component>
      <object_component id="oc-119">
         <name>.text</name>
         <load_address>0x30e8</load_address>
         <run_address>0x30e8</run_address>
         <size>0x334</size>
         <input_file_ref idref="fl-9"/>
      </object_component>
      <object_component id="oc-aa">
         <name>.text</name>
         <load_address>0x341c</load_address>
         <run_address>0x341c</run_address>
         <size>0x2</size>
         <input_file_ref idref="fl-f1"/>
      </object_component>
      <object_component id="oc-ef">
         <name>.text</name>
         <load_address>0x3420</load_address>
         <run_address>0x3420</run_address>
         <size>0x2c4</size>
         <input_file_ref idref="fl-6"/>
      </object_component>
      <object_component id="oc-2db">
         <name>.text</name>
         <load_address>0x36e8</load_address>
         <run_address>0x36e8</run_address>
         <size>0x2c0</size>
         <input_file_ref idref="fl-12"/>
      </object_component>
      <object_component id="oc-113">
         <name>.text</name>
         <load_address>0x39a8</load_address>
         <run_address>0x39a8</run_address>
         <size>0x2c0</size>
         <input_file_ref idref="fl-e"/>
      </object_component>
      <object_component id="oc-f5">
         <name>.text</name>
         <load_address>0x3c68</load_address>
         <run_address>0x3c68</run_address>
         <size>0x240</size>
         <input_file_ref idref="fl-5"/>
      </object_component>
      <object_component id="oc-e3">
         <name>.text</name>
         <load_address>0x3ea8</load_address>
         <run_address>0x3ea8</run_address>
         <size>0x21e</size>
         <input_file_ref idref="fl-2"/>
      </object_component>
      <object_component id="oc-b2">
         <name>.text</name>
         <load_address>0x40c8</load_address>
         <run_address>0x40c8</run_address>
         <size>0x1fc</size>
         <input_file_ref idref="fl-b"/>
      </object_component>
      <object_component id="oc-3c7">
         <name>.text</name>
         <load_address>0x42c4</load_address>
         <run_address>0x42c4</run_address>
         <size>0x1f4</size>
         <input_file_ref idref="fl-f4"/>
      </object_component>
      <object_component id="oc-e9">
         <name>.text</name>
         <load_address>0x44b8</load_address>
         <run_address>0x44b8</run_address>
         <size>0x1d4</size>
         <input_file_ref idref="fl-a"/>
      </object_component>
      <object_component id="oc-1d4">
         <name>.text</name>
         <load_address>0x468c</load_address>
         <run_address>0x468c</run_address>
         <size>0x1b6</size>
         <input_file_ref idref="fl-d4"/>
      </object_component>
      <object_component id="oc-25e">
         <name>.text</name>
         <load_address>0x4842</load_address>
         <run_address>0x4842</run_address>
         <size>0x136</size>
         <input_file_ref idref="fl-d5"/>
      </object_component>
      <object_component id="oc-15c">
         <name>.text:GPIOPadConfigSet</name>
         <load_address>0x4978</load_address>
         <run_address>0x4978</run_address>
         <size>0x132</size>
         <input_file_ref idref="fl-f8"/>
      </object_component>
      <object_component id="oc-1aa">
         <name>.text:SysCtlClockGet</name>
         <load_address>0x4aac</load_address>
         <run_address>0x4aac</run_address>
         <size>0x110</size>
         <input_file_ref idref="fl-fc"/>
      </object_component>
      <object_component id="oc-259">
         <name>.text</name>
         <load_address>0x4bbc</load_address>
         <run_address>0x4bbc</run_address>
         <size>0xfc</size>
         <input_file_ref idref="fl-d6"/>
      </object_component>
      <object_component id="oc-3ed">
         <name>.text</name>
         <load_address>0x4cb8</load_address>
         <run_address>0x4cb8</run_address>
         <size>0xfc</size>
         <input_file_ref idref="fl-f0"/>
      </object_component>
      <object_component id="oc-144">
         <name>.text:SysCtlClockSet</name>
         <load_address>0x4db4</load_address>
         <run_address>0x4db4</run_address>
         <size>0xf4</size>
         <input_file_ref idref="fl-fc"/>
      </object_component>
      <object_component id="oc-1e9">
         <name>.text</name>
         <load_address>0x4ea8</load_address>
         <run_address>0x4ea8</run_address>
         <size>0xc6</size>
         <input_file_ref idref="fl-8"/>
      </object_component>
      <object_component id="oc-37">
         <name>.text</name>
         <load_address>0x4f6e</load_address>
         <run_address>0x4f6e</run_address>
         <size>0x9c</size>
         <input_file_ref idref="fl-db"/>
      </object_component>
      <object_component id="oc-24e">
         <name>.text:GPIOIntClear</name>
         <load_address>0x500a</load_address>
         <run_address>0x500a</run_address>
         <size>0x6</size>
         <input_file_ref idref="fl-f8"/>
      </object_component>
      <object_component id="oc-37e">
         <name>.text</name>
         <load_address>0x5010</load_address>
         <run_address>0x5010</run_address>
         <size>0x98</size>
         <input_file_ref idref="fl-14"/>
      </object_component>
      <object_component id="oc-3d2">
         <name>.text:__aeabi_cdcmple</name>
         <load_address>0x50a8</load_address>
         <run_address>0x50a8</run_address>
         <size>0x86</size>
         <input_file_ref idref="fl-ea"/>
      </object_component>
      <object_component id="oc-3d7">
         <name>.text:__aeabi_cdrcmple</name>
         <load_address>0x512e</load_address>
         <run_address>0x512e</run_address>
         <size>0x86</size>
         <input_file_ref idref="fl-ea"/>
      </object_component>
      <object_component id="oc-180">
         <name>.text:ADCSequenceStepConfigure</name>
         <load_address>0x51b4</load_address>
         <run_address>0x51b4</run_address>
         <size>0x7a</size>
         <input_file_ref idref="fl-f7"/>
      </object_component>
      <object_component id="oc-50">
         <name>.text</name>
         <load_address>0x522e</load_address>
         <run_address>0x522e</run_address>
         <size>0x7a</size>
         <input_file_ref idref="fl-dd"/>
      </object_component>
      <object_component id="oc-68">
         <name>.text</name>
         <load_address>0x52a8</load_address>
         <run_address>0x52a8</run_address>
         <size>0x70</size>
         <input_file_ref idref="fl-e7"/>
      </object_component>
      <object_component id="oc-263">
         <name>.text</name>
         <load_address>0x5318</load_address>
         <run_address>0x5318</run_address>
         <size>0x6e</size>
         <input_file_ref idref="fl-d7"/>
      </object_component>
      <object_component id="oc-43">
         <name>.text</name>
         <load_address>0x5386</load_address>
         <run_address>0x5386</run_address>
         <size>0x6a</size>
         <input_file_ref idref="fl-d1"/>
      </object_component>
      <object_component id="oc-283">
         <name>.text:IntEnable</name>
         <load_address>0x53f0</load_address>
         <run_address>0x53f0</run_address>
         <size>0x68</size>
         <input_file_ref idref="fl-f9"/>
      </object_component>
      <object_component id="oc-3e7">
         <name>.text</name>
         <load_address>0x5458</load_address>
         <run_address>0x5458</run_address>
         <size>0x64</size>
         <input_file_ref idref="fl-ef"/>
      </object_component>
      <object_component id="oc-43f">
         <name>.text:TimerConfigure</name>
         <load_address>0x54bc</load_address>
         <run_address>0x54bc</run_address>
         <size>0x60</size>
         <input_file_ref idref="fl-fe"/>
      </object_component>
      <object_component id="oc-1de">
         <name>.text</name>
         <load_address>0x551c</load_address>
         <run_address>0x551c</run_address>
         <size>0x60</size>
         <input_file_ref idref="fl-e0"/>
      </object_component>
      <object_component id="oc-17a">
         <name>.text:ADCSequenceConfigure</name>
         <load_address>0x557c</load_address>
         <run_address>0x557c</run_address>
         <size>0x58</size>
         <input_file_ref idref="fl-f7"/>
      </object_component>
      <object_component id="oc-162">
         <name>.text:GPIOIntTypeSet</name>
         <load_address>0x55d4</load_address>
         <run_address>0x55d4</run_address>
         <size>0x56</size>
         <input_file_ref idref="fl-f8"/>
      </object_component>
      <object_component id="oc-3e1">
         <name>.text</name>
         <load_address>0x562a</load_address>
         <run_address>0x562a</run_address>
         <size>0x56</size>
         <input_file_ref idref="fl-ed"/>
      </object_component>
      <object_component id="oc-24">
         <name>.text</name>
         <load_address>0x5680</load_address>
         <run_address>0x5680</run_address>
         <size>0x54</size>
         <input_file_ref idref="fl-cf"/>
      </object_component>
      <object_component id="oc-74">
         <name>.text</name>
         <load_address>0x56d4</load_address>
         <run_address>0x56d4</run_address>
         <size>0x54</size>
         <input_file_ref idref="fl-d3"/>
      </object_component>
      <object_component id="oc-14a">
         <name>.text:SysCtlPeripheralReset</name>
         <load_address>0x5728</load_address>
         <run_address>0x5728</run_address>
         <size>0x50</size>
         <input_file_ref idref="fl-fc"/>
      </object_component>
      <object_component id="oc-3ff">
         <name>.text</name>
         <load_address>0x5778</load_address>
         <run_address>0x5778</run_address>
         <size>0x4c</size>
         <input_file_ref idref="fl-e6"/>
      </object_component>
      <object_component id="oc-a4">
         <name>.text</name>
         <load_address>0x57c4</load_address>
         <run_address>0x57c4</run_address>
         <size>0x4c</size>
         <input_file_ref idref="fl-e8"/>
      </object_component>
      <object_component id="oc-192">
         <name>.text:GPIOPinConfigure</name>
         <load_address>0x5810</load_address>
         <run_address>0x5810</run_address>
         <size>0x48</size>
         <input_file_ref idref="fl-f8"/>
      </object_component>
      <object_component id="oc-1c9">
         <name>.text</name>
         <load_address>0x5858</load_address>
         <run_address>0x5858</run_address>
         <size>0x48</size>
         <input_file_ref idref="fl-3"/>
      </object_component>
      <object_component id="oc-3dc">
         <name>.text</name>
         <load_address>0x58a0</load_address>
         <run_address>0x58a0</run_address>
         <size>0x48</size>
         <input_file_ref idref="fl-eb"/>
      </object_component>
      <object_component id="oc-2ab">
         <name>.text:UARTConfigSetExpClk</name>
         <load_address>0x58e8</load_address>
         <run_address>0x58e8</run_address>
         <size>0x46</size>
         <input_file_ref idref="fl-ff"/>
      </object_component>
      <object_component id="oc-1d9">
         <name>.text</name>
         <load_address>0x592e</load_address>
         <run_address>0x592e</run_address>
         <size>0x44</size>
         <input_file_ref idref="fl-d8"/>
      </object_component>
      <object_component id="oc-277">
         <name>.text:_GPIOIntNumberGet</name>
         <load_address>0x5974</load_address>
         <run_address>0x5974</run_address>
         <size>0x40</size>
         <input_file_ref idref="fl-f8"/>
      </object_component>
      <object_component id="oc-2c3">
         <name>.text</name>
         <load_address>0x59b4</load_address>
         <run_address>0x59b4</run_address>
         <size>0x40</size>
         <input_file_ref idref="fl-e2"/>
      </object_component>
      <object_component id="oc-390">
         <name>.text:SSIConfigSetExpClk</name>
         <load_address>0x59f4</load_address>
         <run_address>0x59f4</run_address>
         <size>0x3c</size>
         <input_file_ref idref="fl-fb"/>
      </object_component>
      <object_component id="oc-29f">
         <name>.text:SysCtlPeripheralPresent</name>
         <load_address>0x5a30</load_address>
         <run_address>0x5a30</run_address>
         <size>0x38</size>
         <input_file_ref idref="fl-fc"/>
      </object_component>
      <object_component id="oc-1cf">
         <name>.text</name>
         <load_address>0x5a68</load_address>
         <run_address>0x5a68</run_address>
         <size>0x38</size>
         <input_file_ref idref="fl-d9"/>
      </object_component>
      <object_component id="oc-27d">
         <name>.text:IntRegister</name>
         <load_address>0x5aa0</load_address>
         <run_address>0x5aa0</run_address>
         <size>0x34</size>
         <input_file_ref idref="fl-f9"/>
      </object_component>
      <object_component id="oc-150">
         <name>.text:SysCtlPeripheralEnable</name>
         <load_address>0x5ad4</load_address>
         <run_address>0x5ad4</run_address>
         <size>0x34</size>
         <input_file_ref idref="fl-fc"/>
      </object_component>
      <object_component id="oc-1f5">
         <name>.text:ADCIntStatus</name>
         <load_address>0x5b08</load_address>
         <run_address>0x5b08</run_address>
         <size>0x2e</size>
         <input_file_ref idref="fl-f7"/>
      </object_component>
      <object_component id="oc-254">
         <name>.text</name>
         <load_address>0x5b36</load_address>
         <run_address>0x5b36</run_address>
         <size>0x2e</size>
         <input_file_ref idref="fl-da"/>
      </object_component>
      <object_component id="oc-242">
         <name>.text:GPIODirModeSet</name>
         <load_address>0x5b64</load_address>
         <run_address>0x5b64</run_address>
         <size>0x2a</size>
         <input_file_ref idref="fl-f8"/>
      </object_component>
      <object_component id="oc-20e">
         <name>.text:PWMGenConfigure</name>
         <load_address>0x5b8e</load_address>
         <run_address>0x5b8e</run_address>
         <size>0x22</size>
         <input_file_ref idref="fl-fa"/>
      </object_component>
      <object_component id="oc-34e">
         <name>.text:UARTDisable</name>
         <load_address>0x5bb0</load_address>
         <run_address>0x5bb0</run_address>
         <size>0x20</size>
         <input_file_ref idref="fl-ff"/>
      </object_component>
      <object_component id="oc-1fe">
         <name>.text:ADCSequenceDataGet</name>
         <load_address>0x5bd0</load_address>
         <run_address>0x5bd0</run_address>
         <size>0x1e</size>
         <input_file_ref idref="fl-f7"/>
      </object_component>
      <object_component id="oc-21a">
         <name>.text:PWMPulseWidthSet</name>
         <load_address>0x5bee</load_address>
         <run_address>0x5bee</run_address>
         <size>0x1e</size>
         <input_file_ref idref="fl-fa"/>
      </object_component>
      <object_component id="oc-1b6">
         <name>.text:SysTickIntRegister</name>
         <load_address>0x5c0c</load_address>
         <run_address>0x5c0c</run_address>
         <size>0x1c</size>
         <input_file_ref idref="fl-fd"/>
      </object_component>
      <object_component id="oc-3f9">
         <name>.text</name>
         <load_address>0x5c28</load_address>
         <run_address>0x5c28</run_address>
         <size>0x1c</size>
         <input_file_ref idref="fl-ee"/>
      </object_component>
      <object_component id="oc-2e">
         <name>.text</name>
         <load_address>0x5c48</load_address>
         <run_address>0x5c48</run_address>
         <size>0x1a</size>
         <input_file_ref idref="fl-c"/>
      </object_component>
      <object_component id="oc-1ef">
         <name>.text:ADCProcessorTrigger</name>
         <load_address>0x5c62</load_address>
         <run_address>0x5c62</run_address>
         <size>0x18</size>
         <input_file_ref idref="fl-f7"/>
      </object_component>
      <object_component id="oc-156">
         <name>.text:GPIOIntRegister</name>
         <load_address>0x5c7a</load_address>
         <run_address>0x5c7a</run_address>
         <size>0x18</size>
         <input_file_ref idref="fl-f8"/>
      </object_component>
      <object_component id="oc-3a2">
         <name>.text:GPIOPinTypeGPIOOutput</name>
         <load_address>0x5c92</load_address>
         <run_address>0x5c92</run_address>
         <size>0x18</size>
         <input_file_ref idref="fl-f8"/>
      </object_component>
      <object_component id="oc-6e">
         <name>.text</name>
         <load_address>0x5cac</load_address>
         <run_address>0x5cac</run_address>
         <size>0x18</size>
         <input_file_ref idref="fl-e5"/>
      </object_component>
      <object_component id="oc-3f3">
         <name>.text</name>
         <load_address>0x5cc4</load_address>
         <run_address>0x5cc4</run_address>
         <size>0x16</size>
         <input_file_ref idref="fl-f2"/>
      </object_component>
      <object_component id="oc-16e">
         <name>.text:SysCtlPWMClockSet</name>
         <load_address>0x5cdc</load_address>
         <run_address>0x5cdc</run_address>
         <size>0x14</size>
         <input_file_ref idref="fl-fc"/>
      </object_component>
      <object_component id="oc-1c2">
         <name>.text:SysTickEnable</name>
         <load_address>0x5cf0</load_address>
         <run_address>0x5cf0</run_address>
         <size>0x14</size>
         <input_file_ref idref="fl-fd"/>
      </object_component>
      <object_component id="oc-1bc">
         <name>.text:SysTickIntEnable</name>
         <load_address>0x5d04</load_address>
         <run_address>0x5d04</run_address>
         <size>0x14</size>
         <input_file_ref idref="fl-fd"/>
      </object_component>
      <object_component id="oc-2b1">
         <name>.text:UARTEnable</name>
         <load_address>0x5d18</load_address>
         <run_address>0x5d18</run_address>
         <size>0x14</size>
         <input_file_ref idref="fl-ff"/>
      </object_component>
      <object_component id="oc-12f">
         <name>.text</name>
         <load_address>0x5d2c</load_address>
         <run_address>0x5d2c</run_address>
         <size>0x14</size>
         <input_file_ref idref="fl-e3"/>
      </object_component>
      <object_component id="oc-471">
         <name>.text</name>
         <load_address>0x5d40</load_address>
         <run_address>0x5d40</run_address>
         <size>0x14</size>
         <input_file_ref idref="fl-f6"/>
      </object_component>
      <object_component id="oc-3cc">
         <name>.text</name>
         <load_address>0x5d54</load_address>
         <run_address>0x5d54</run_address>
         <size>0x14</size>
         <input_file_ref idref="fl-f3"/>
      </object_component>
      <object_component id="oc-174">
         <name>.text:GPIOPinTypeADC</name>
         <load_address>0x5d68</load_address>
         <run_address>0x5d68</run_address>
         <size>0x12</size>
         <input_file_ref idref="fl-f8"/>
      </object_component>
      <object_component id="oc-107">
         <name>.text:GPIOPinTypeGPIOInput</name>
         <load_address>0x5d7a</load_address>
         <run_address>0x5d7a</run_address>
         <size>0x12</size>
         <input_file_ref idref="fl-f8"/>
      </object_component>
      <object_component id="oc-208">
         <name>.text:GPIOPinTypePWM</name>
         <load_address>0x5d8c</load_address>
         <run_address>0x5d8c</run_address>
         <size>0x12</size>
         <input_file_ref idref="fl-f8"/>
      </object_component>
      <object_component id="oc-384">
         <name>.text:GPIOPinTypeSSI</name>
         <load_address>0x5d9e</load_address>
         <run_address>0x5d9e</run_address>
         <size>0x12</size>
         <input_file_ref idref="fl-f8"/>
      </object_component>
      <object_component id="oc-19e">
         <name>.text:GPIOPinTypeUART</name>
         <load_address>0x5db0</load_address>
         <run_address>0x5db0</run_address>
         <size>0x12</size>
         <input_file_ref idref="fl-f8"/>
      </object_component>
      <object_component id="oc-226">
         <name>.text:PWMOutputState</name>
         <load_address>0x5dc2</load_address>
         <run_address>0x5dc2</run_address>
         <size>0x12</size>
         <input_file_ref idref="fl-fa"/>
      </object_component>
      <object_component id="oc-101">
         <name>.text:IntMasterEnable</name>
         <load_address>0x5dd4</load_address>
         <run_address>0x5dd4</run_address>
         <size>0x10</size>
         <input_file_ref idref="fl-f9"/>
      </object_component>
      <object_component id="oc-214">
         <name>.text:PWMGenPeriodSet</name>
         <load_address>0x5de4</load_address>
         <run_address>0x5de4</run_address>
         <size>0x10</size>
         <input_file_ref idref="fl-fa"/>
      </object_component>
      <object_component id="oc-1b0">
         <name>.text:SysTickPeriodSet</name>
         <load_address>0x5df4</load_address>
         <run_address>0x5df4</run_address>
         <size>0x10</size>
         <input_file_ref idref="fl-fd"/>
      </object_component>
      <object_component id="oc-186">
         <name>.text:ADCSequenceEnable</name>
         <load_address>0x5e04</load_address>
         <run_address>0x5e04</run_address>
         <size>0xe</size>
         <input_file_ref idref="fl-f7"/>
      </object_component>
      <object_component id="oc-445">
         <name>.text:TimerEnable</name>
         <load_address>0x5e12</load_address>
         <run_address>0x5e12</run_address>
         <size>0xe</size>
         <input_file_ref idref="fl-fe"/>
      </object_component>
      <object_component id="oc-12">
         <name>.text:decompress:none</name>
         <load_address>0x5e20</load_address>
         <run_address>0x5e20</run_address>
         <size>0xe</size>
         <input_file_ref idref="fl-d0"/>
      </object_component>
      <object_component id="oc-23b">
         <name>.text:CPUcpsie</name>
         <load_address>0x5e2e</load_address>
         <run_address>0x5e2e</run_address>
         <size>0xc</size>
         <input_file_ref idref="fl-100"/>
      </object_component>
      <object_component id="oc-168">
         <name>.text:GPIOIntEnable</name>
         <load_address>0x5e3a</load_address>
         <run_address>0x5e3a</run_address>
         <size>0xc</size>
         <input_file_ref idref="fl-f8"/>
      </object_component>
      <object_component id="oc-220">
         <name>.text:PWMGenEnable</name>
         <load_address>0x5e46</load_address>
         <run_address>0x5e46</run_address>
         <size>0xc</size>
         <input_file_ref idref="fl-fa"/>
      </object_component>
      <object_component id="oc-3be">
         <name>.text:SSIDataGet</name>
         <load_address>0x5e52</load_address>
         <run_address>0x5e52</run_address>
         <size>0xc</size>
         <input_file_ref idref="fl-fb"/>
      </object_component>
      <object_component id="oc-18c">
         <name>.text:ADCIntClear</name>
         <load_address>0x5e5e</load_address>
         <run_address>0x5e5e</run_address>
         <size>0xa</size>
         <input_file_ref idref="fl-f7"/>
      </object_component>
      <object_component id="oc-3b8">
         <name>.text:SSIDataPut</name>
         <load_address>0x5e68</load_address>
         <run_address>0x5e68</run_address>
         <size>0xa</size>
         <input_file_ref idref="fl-fb"/>
      </object_component>
      <object_component id="oc-396">
         <name>.text:SSIEnable</name>
         <load_address>0x5e72</load_address>
         <run_address>0x5e72</run_address>
         <size>0xa</size>
         <input_file_ref idref="fl-fb"/>
      </object_component>
      <object_component id="oc-44b">
         <name>.text:TimerValueGet</name>
         <load_address>0x5e7c</load_address>
         <run_address>0x5e7c</run_address>
         <size>0xa</size>
         <input_file_ref idref="fl-fe"/>
      </object_component>
      <object_component id="oc-2bd">
         <name>.text:UARTCharGet</name>
         <load_address>0x5e86</load_address>
         <run_address>0x5e86</run_address>
         <size>0xa</size>
         <input_file_ref idref="fl-ff"/>
      </object_component>
      <object_component id="oc-2b7">
         <name>.text:UARTCharPut</name>
         <load_address>0x5e90</load_address>
         <run_address>0x5e90</run_address>
         <size>0xa</size>
         <input_file_ref idref="fl-ff"/>
      </object_component>
      <object_component id="oc-3b2">
         <name>.text:SSIBusy</name>
         <load_address>0x5e9a</load_address>
         <run_address>0x5e9a</run_address>
         <size>0x8</size>
         <input_file_ref idref="fl-fb"/>
      </object_component>
      <object_component id="oc-10d">
         <name>.text:GPIOPinRead</name>
         <load_address>0x5ea2</load_address>
         <run_address>0x5ea2</run_address>
         <size>0x6</size>
         <input_file_ref idref="fl-f8"/>
      </object_component>
      <object_component id="oc-39c">
         <name>.text:GPIOPinWrite</name>
         <load_address>0x5ea8</load_address>
         <run_address>0x5ea8</run_address>
         <size>0x6</size>
         <input_file_ref idref="fl-f8"/>
      </object_component>
      <object_component id="oc-38a">
         <name>.text:SSIClockSourceSet</name>
         <load_address>0x5eae</load_address>
         <run_address>0x5eae</run_address>
         <size>0x6</size>
         <input_file_ref idref="fl-fb"/>
      </object_component>
      <object_component id="oc-272">
         <name>.text:SysCtlDelay</name>
         <load_address>0x5eb4</load_address>
         <run_address>0x5eb4</run_address>
         <size>0x6</size>
         <input_file_ref idref="fl-fc"/>
      </object_component>
      <object_component id="oc-198">
         <name>.text:UARTClockSourceSet</name>
         <load_address>0x5eba</load_address>
         <run_address>0x5eba</run_address>
         <size>0x6</size>
         <input_file_ref idref="fl-ff"/>
      </object_component>
      <object_component id="oc-18">
         <name>.text:decompress:rle24</name>
         <load_address>0x5ec0</load_address>
         <run_address>0x5ec0</run_address>
         <size>0x6</size>
         <input_file_ref idref="fl-d1"/>
      </object_component>
      <object_component id="oc-3a8">
         <name>.const:.string:rgbOledFont0</name>
         <load_address>0x5ec8</load_address>
         <run_address>0x5ec8</run_address>
         <size>0x300</size>
         <input_file_ref idref="fl-f"/>
      </object_component>
      <object_component id="oc-480">
         <name>.const:.string:_ctypes_</name>
         <load_address>0x61c8</load_address>
         <run_address>0x61c8</run_address>
         <size>0x101</size>
         <input_file_ref idref="fl-e9"/>
      </object_component>
      <object_component id="oc-331">
         <name>.const:g_ppui32GPIOIntMapBlizzard</name>
         <load_address>0x62cc</load_address>
         <run_address>0x62cc</run_address>
         <size>0xc0</size>
         <input_file_ref idref="fl-f8"/>
      </object_component>
      <object_component id="oc-334">
         <name>.const:g_ppui32GPIOIntMapSnowflake</name>
         <load_address>0x638c</load_address>
         <run_address>0x638c</run_address>
         <size>0xc0</size>
         <input_file_ref idref="fl-f8"/>
      </object_component>
      <object_component id="oc-295">
         <name>.const:g_pui32GPIOBaseAddrs</name>
         <load_address>0x644c</load_address>
         <run_address>0x644c</run_address>
         <size>0x90</size>
         <input_file_ref idref="fl-f8"/>
      </object_component>
      <object_component id="oc-33d">
         <name>.const</name>
         <load_address>0x64dc</load_address>
         <run_address>0x64dc</run_address>
         <size>0x70</size>
         <input_file_ref idref="fl-f9"/>
      </object_component>
      <object_component id="oc-2d2">
         <name>.const:g_pui32Xtals</name>
         <load_address>0x654c</load_address>
         <run_address>0x654c</run_address>
         <size>0x6c</size>
         <input_file_ref idref="fl-fc"/>
      </object_component>
      <object_component id="oc-3ad">
         <name>.const:.string:rgbFillPat</name>
         <load_address>0x65b8</load_address>
         <run_address>0x65b8</run_address>
         <size>0x40</size>
         <input_file_ref idref="fl-10"/>
      </object_component>
      <object_component id="oc-35f">
         <name>.const:.string</name>
         <load_address>0x65f8</load_address>
         <run_address>0x65f8</run_address>
         <size>0x12</size>
         <input_file_ref idref="fl-d"/>
      </object_component>
      <object_component id="oc-2a5">
         <name>.const:g_ui32UARTBase</name>
         <load_address>0x660c</load_address>
         <run_address>0x660c</run_address>
         <size>0xc</size>
         <input_file_ref idref="fl-d"/>
      </object_component>
      <object_component id="oc-29c">
         <name>.const:g_ui32UARTPeriph</name>
         <load_address>0x6618</load_address>
         <run_address>0x6618</run_address>
         <size>0xc</size>
         <input_file_ref idref="fl-d"/>
      </object_component>
      <object_component id="oc-2c8">
         <name>.const</name>
         <load_address>0x6624</load_address>
         <run_address>0x6624</run_address>
         <size>0x4</size>
         <input_file_ref idref="fl-d"/>
      </object_component>
      <object_component id="oc-4d4">
         <name>.cinit..data.load</name>
         <load_address>0x6628</load_address>
         <run_address>0x6628</run_address>
         <size>0x47</size>
      </object_component>
      <object_component id="oc-4d5">
         <name>.cinit..bss.load</name>
         <load_address>0x6670</load_address>
         <run_address>0x6670</run_address>
         <size>0xb</size>
      </object_component>
      <object_component id="oc-4d3">
         <name>.cinit..vtable.load</name>
         <load_address>0x6680</load_address>
         <run_address>0x6680</run_address>
         <size>0xb</size>
      </object_component>
      <object_component id="oc-4d1">
         <name>__TI_handler_table</name>
         <load_address>0x668c</load_address>
         <run_address>0x668c</run_address>
         <size>0x8</size>
      </object_component>
      <object_component id="oc-4d2">
         <name>__TI_cinit_table</name>
         <load_address>0x6694</load_address>
         <run_address>0x6694</run_address>
         <size>0x18</size>
      </object_component>
      <object_component id="oc-338">
         <name>.vtable</name>
         <uninitialized>true</uninitialized>
         <run_address>0x20000000</run_address>
         <size>0x26c</size>
         <input_file_ref idref="fl-f9"/>
      </object_component>
      <object_component id="oc-204">
         <name>.data</name>
         <load_address>0x20000e3c</load_address>
         <run_address>0x20000e3c</run_address>
         <size>0x1c</size>
         <input_file_ref idref="fl-6"/>
      </object_component>
      <object_component id="oc-269">
         <name>.data</name>
         <load_address>0x20000de8</load_address>
         <run_address>0x20000de8</run_address>
         <size>0x54</size>
         <input_file_ref idref="fl-9"/>
      </object_component>
      <object_component id="oc-e0">
         <name>.data</name>
         <load_address>0x20000e88</load_address>
         <run_address>0x20000e88</run_address>
         <size>0x8</size>
         <input_file_ref idref="fl-b"/>
      </object_component>
      <object_component id="oc-2a8">
         <name>.data</name>
         <load_address>0x20000e90</load_address>
         <run_address>0x20000e90</run_address>
         <size>0x5</size>
         <input_file_ref idref="fl-d"/>
      </object_component>
      <object_component id="oc-24b">
         <name>.data</name>
         <load_address>0x20000e58</load_address>
         <run_address>0x20000e58</run_address>
         <size>0x10</size>
         <input_file_ref idref="fl-e"/>
      </object_component>
      <object_component id="oc-ba">
         <name>.data:$O1$$</name>
         <load_address>0x20000e68</load_address>
         <run_address>0x20000e68</run_address>
         <size>0xc</size>
         <input_file_ref idref="fl-d3"/>
      </object_component>
      <object_component id="oc-418">
         <name>.data:$O1$$</name>
         <load_address>0x20000e74</load_address>
         <run_address>0x20000e74</run_address>
         <size>0xc</size>
         <input_file_ref idref="fl-dc"/>
      </object_component>
      <object_component id="oc-7a">
         <name>.data</name>
         <load_address>0x20000e9c</load_address>
         <run_address>0x20000e9c</run_address>
         <size>0x4</size>
         <input_file_ref idref="fl-e1"/>
      </object_component>
      <object_component id="oc-bd">
         <name>.data:$O1$$</name>
         <load_address>0x20000e80</load_address>
         <run_address>0x20000e80</run_address>
         <size>0x8</size>
         <input_file_ref idref="fl-e3"/>
      </object_component>
      <object_component id="oc-477">
         <name>.data</name>
         <load_address>0x20000e98</load_address>
         <run_address>0x20000e98</run_address>
         <size>0x4</size>
         <input_file_ref idref="fl-f5"/>
      </object_component>
      <object_component id="oc-1e6">
         <name>.bss:g_inBuffer</name>
         <uninitialized>true</uninitialized>
         <run_address>0x20000d70</run_address>
         <size>0x10</size>
         <input_file_ref idref="fl-6"/>
      </object_component>
      <object_component id="oc-230">
         <name>.bss:but_state</name>
         <uninitialized>true</uninitialized>
         <run_address>0x20000d98</run_address>
         <size>0x8</size>
         <input_file_ref idref="fl-7"/>
      </object_component>
      <object_component id="oc-233">
         <name>.bss:but_count</name>
         <uninitialized>true</uninitialized>
         <run_address>0x20000d80</run_address>
         <size>0x8</size>
         <input_file_ref idref="fl-7"/>
      </object_component>
      <object_component id="oc-236">
         <name>.bss:but_flag</name>
         <uninitialized>true</uninitialized>
         <run_address>0x20000d88</run_address>
         <size>0x8</size>
         <input_file_ref idref="fl-7"/>
      </object_component>
      <object_component id="oc-22d">
         <name>.bss:but_normal</name>
         <uninitialized>true</uninitialized>
         <run_address>0x20000d90</run_address>
         <size>0x8</size>
         <input_file_ref idref="fl-7"/>
      </object_component>
      <object_component id="oc-1fb">
         <name>.common:ADCValue</name>
         <uninitialized>true</uninitialized>
         <run_address>0x20000da0</run_address>
         <size>0x4</size>
      </object_component>
      <object_component id="oc-437">
         <name>.common:xcoOledCur</name>
         <uninitialized>true</uninitialized>
         <run_address>0x20000dd4</run_address>
         <size>0x4</size>
      </object_component>
      <object_component id="oc-438">
         <name>.common:ycoOledCur</name>
         <uninitialized>true</uninitialized>
         <run_address>0x20000de0</run_address>
         <size>0x4</size>
      </object_component>
      <object_component id="oc-37c">
         <name>.common:pbOledCur</name>
         <uninitialized>true</uninitialized>
         <run_address>0x20000db8</run_address>
         <size>0x4</size>
      </object_component>
      <object_component id="oc-439">
         <name>.common:bnOledCur</name>
         <uninitialized>true</uninitialized>
         <run_address>0x20000da4</run_address>
         <size>0x4</size>
      </object_component>
      <object_component id="oc-3ac">
         <name>.common:clrOledCur</name>
         <uninitialized>true</uninitialized>
         <run_address>0x20000de4</run_address>
         <size>0x1</size>
      </object_component>
      <object_component id="oc-3b0">
         <name>.common:pbOledPatCur</name>
         <uninitialized>true</uninitialized>
         <run_address>0x20000dc4</run_address>
         <size>0x4</size>
      </object_component>
      <object_component id="oc-37a">
         <name>.common:fOledCharUpdate</name>
         <uninitialized>true</uninitialized>
         <run_address>0x20000db0</run_address>
         <size>0x4</size>
      </object_component>
      <object_component id="oc-372">
         <name>.common:dxcoOledFontCur</name>
         <uninitialized>true</uninitialized>
         <run_address>0x20000da8</run_address>
         <size>0x4</size>
      </object_component>
      <object_component id="oc-36f">
         <name>.common:dycoOledFontCur</name>
         <uninitialized>true</uninitialized>
         <run_address>0x20000dac</run_address>
         <size>0x4</size>
      </object_component>
      <object_component id="oc-37b">
         <name>.common:pbOledFontCur</name>
         <uninitialized>true</uninitialized>
         <run_address>0x20000dbc</run_address>
         <size>0x4</size>
      </object_component>
      <object_component id="oc-379">
         <name>.common:pbOledFontUser</name>
         <uninitialized>true</uninitialized>
         <run_address>0x20000dc0</run_address>
         <size>0x4</size>
      </object_component>
      <object_component id="oc-3b1">
         <name>.common:rgbOledBmp</name>
         <uninitialized>true</uninitialized>
         <run_address>0x20000a70</run_address>
         <size>0x200</size>
      </object_component>
      <object_component id="oc-36d">
         <name>.common:xchOledCur</name>
         <uninitialized>true</uninitialized>
         <run_address>0x20000dcc</run_address>
         <size>0x4</size>
      </object_component>
      <object_component id="oc-36e">
         <name>.common:ychOledCur</name>
         <uninitialized>true</uninitialized>
         <run_address>0x20000dd8</run_address>
         <size>0x4</size>
      </object_component>
      <object_component id="oc-369">
         <name>.common:xchOledMax</name>
         <uninitialized>true</uninitialized>
         <run_address>0x20000dd0</run_address>
         <size>0x4</size>
      </object_component>
      <object_component id="oc-36c">
         <name>.common:ychOledMax</name>
         <uninitialized>true</uninitialized>
         <run_address>0x20000ddc</run_address>
         <size>0x4</size>
      </object_component>
      <object_component id="oc-3ab">
         <name>.common:rgbOledFontUser</name>
         <uninitialized>true</uninitialized>
         <run_address>0x20000c70</run_address>
         <size>0x100</size>
      </object_component>
      <object_component id="oc-43d">
         <name>.common:pfnDoRop</name>
         <uninitialized>true</uninitialized>
         <run_address>0x20000dc8</run_address>
         <size>0x4</size>
      </object_component>
      <object_component id="oc-43a">
         <name>.common:modOledCur</name>
         <uninitialized>true</uninitialized>
         <run_address>0x20000db4</run_address>
         <size>0x4</size>
      </object_component>
      <object_component id="oc-2b">
         <name>.sysmem</name>
         <uninitialized>true</uninitialized>
         <run_address>0x20000670</run_address>
         <size>0x8</size>
         <input_file_ref idref="fl-dc"/>
      </object_component>
      <object_component id="oc-4d7">
         <name>.sysmem</name>
         <uninitialized>true</uninitialized>
         <run_address>0x20000670</run_address>
         <size>0x0</size>
      </object_component>
      <object_component id="oc-2a">
         <name>.stack</name>
         <uninitialized>true</uninitialized>
         <run_address>0x2000026c</run_address>
         <size>0x0</size>
         <input_file_ref idref="fl-cf"/>
      </object_component>
      <object_component id="oc-4d6">
         <name>.stack</name>
         <uninitialized>true</uninitialized>
         <run_address>0x2000026c</run_address>
         <size>0x0</size>
      </object_component>
      <object_component id="oc-364">
         <name>.debug_info</name>
         <load_address>0x0</load_address>
         <run_address>0x0</run_address>
         <size>0x639</size>
         <input_file_ref idref="fl-2"/>
      </object_component>
      <object_component id="oc-e4">
         <name>.debug_info</name>
         <load_address>0x639</load_address>
         <run_address>0x639</run_address>
         <size>0x563</size>
         <input_file_ref idref="fl-2"/>
      </object_component>
      <object_component id="oc-2f8">
         <name>.debug_info</name>
         <load_address>0xb9c</load_address>
         <run_address>0xb9c</run_address>
         <size>0x86</size>
         <input_file_ref idref="fl-2"/>
      </object_component>
      <object_component id="oc-92">
         <name>.debug_info</name>
         <load_address>0xc22</load_address>
         <run_address>0xc22</run_address>
         <size>0x84</size>
         <input_file_ref idref="fl-2"/>
      </object_component>
      <object_component id="oc-85">
         <name>.debug_info</name>
         <load_address>0xca6</load_address>
         <run_address>0xca6</run_address>
         <size>0x18b</size>
         <input_file_ref idref="fl-2"/>
      </object_component>
      <object_component id="oc-2cd">
         <name>.debug_info</name>
         <load_address>0xe31</load_address>
         <run_address>0xe31</run_address>
         <size>0x4e</size>
         <input_file_ref idref="fl-2"/>
      </object_component>
      <object_component id="oc-2e8">
         <name>.debug_info</name>
         <load_address>0xe7f</load_address>
         <run_address>0xe7f</run_address>
         <size>0x199</size>
         <input_file_ref idref="fl-3"/>
      </object_component>
      <object_component id="oc-1ca">
         <name>.debug_info</name>
         <load_address>0x1018</load_address>
         <run_address>0x1018</run_address>
         <size>0x2c8</size>
         <input_file_ref idref="fl-3"/>
      </object_component>
      <object_component id="oc-f8">
         <name>.debug_info</name>
         <load_address>0x12e0</load_address>
         <run_address>0x12e0</run_address>
         <size>0x6f9</size>
         <input_file_ref idref="fl-5"/>
      </object_component>
      <object_component id="oc-120">
         <name>.debug_info</name>
         <load_address>0x19d9</load_address>
         <run_address>0x19d9</run_address>
         <size>0x8b</size>
         <input_file_ref idref="fl-5"/>
      </object_component>
      <object_component id="oc-1fc">
         <name>.debug_info</name>
         <load_address>0x1a64</load_address>
         <run_address>0x1a64</run_address>
         <size>0x2d5</size>
         <input_file_ref idref="fl-6"/>
      </object_component>
      <object_component id="oc-205">
         <name>.debug_info</name>
         <load_address>0x1d39</load_address>
         <run_address>0x1d39</run_address>
         <size>0x189</size>
         <input_file_ref idref="fl-6"/>
      </object_component>
      <object_component id="oc-1e7">
         <name>.debug_info</name>
         <load_address>0x1ec2</load_address>
         <run_address>0x1ec2</run_address>
         <size>0xda</size>
         <input_file_ref idref="fl-6"/>
      </object_component>
      <object_component id="oc-f1">
         <name>.debug_info</name>
         <load_address>0x1f9c</load_address>
         <run_address>0x1f9c</run_address>
         <size>0x21a</size>
         <input_file_ref idref="fl-6"/>
      </object_component>
      <object_component id="oc-41e">
         <name>.debug_info</name>
         <load_address>0x21b6</load_address>
         <run_address>0x21b6</run_address>
         <size>0x110</size>
         <input_file_ref idref="fl-6"/>
      </object_component>
      <object_component id="oc-23a">
         <name>.debug_info</name>
         <load_address>0x22c6</load_address>
         <run_address>0x22c6</run_address>
         <size>0x1c2</size>
         <input_file_ref idref="fl-7"/>
      </object_component>
      <object_component id="oc-231">
         <name>.debug_info</name>
         <load_address>0x2488</load_address>
         <run_address>0x2488</run_address>
         <size>0xd8</size>
         <input_file_ref idref="fl-7"/>
      </object_component>
      <object_component id="oc-234">
         <name>.debug_info</name>
         <load_address>0x2560</load_address>
         <run_address>0x2560</run_address>
         <size>0xd8</size>
         <input_file_ref idref="fl-7"/>
      </object_component>
      <object_component id="oc-237">
         <name>.debug_info</name>
         <load_address>0x2638</load_address>
         <run_address>0x2638</run_address>
         <size>0xd6</size>
         <input_file_ref idref="fl-7"/>
      </object_component>
      <object_component id="oc-22e">
         <name>.debug_info</name>
         <load_address>0x270e</load_address>
         <run_address>0x270e</run_address>
         <size>0xda</size>
         <input_file_ref idref="fl-7"/>
      </object_component>
      <object_component id="oc-ff">
         <name>.debug_info</name>
         <load_address>0x27e8</load_address>
         <run_address>0x27e8</run_address>
         <size>0x565</size>
         <input_file_ref idref="fl-7"/>
      </object_component>
      <object_component id="oc-304">
         <name>.debug_info</name>
         <load_address>0x2d4d</load_address>
         <run_address>0x2d4d</run_address>
         <size>0x138</size>
         <input_file_ref idref="fl-8"/>
      </object_component>
      <object_component id="oc-1ea">
         <name>.debug_info</name>
         <load_address>0x2e85</load_address>
         <run_address>0x2e85</run_address>
         <size>0x32f</size>
         <input_file_ref idref="fl-8"/>
      </object_component>
      <object_component id="oc-26a">
         <name>.debug_info</name>
         <load_address>0x31b4</load_address>
         <run_address>0x31b4</run_address>
         <size>0x3c8</size>
         <input_file_ref idref="fl-9"/>
      </object_component>
      <object_component id="oc-11a">
         <name>.debug_info</name>
         <load_address>0x357c</load_address>
         <run_address>0x357c</run_address>
         <size>0x2f1</size>
         <input_file_ref idref="fl-9"/>
      </object_component>
      <object_component id="oc-1e5">
         <name>.debug_info</name>
         <load_address>0x386d</load_address>
         <run_address>0x386d</run_address>
         <size>0x1c0</size>
         <input_file_ref idref="fl-a"/>
      </object_component>
      <object_component id="oc-eb">
         <name>.debug_info</name>
         <load_address>0x3a2d</load_address>
         <run_address>0x3a2d</run_address>
         <size>0x787</size>
         <input_file_ref idref="fl-a"/>
      </object_component>
      <object_component id="oc-125">
         <name>.debug_info</name>
         <load_address>0x41b4</load_address>
         <run_address>0x41b4</run_address>
         <size>0x47a</size>
         <input_file_ref idref="fl-b"/>
      </object_component>
      <object_component id="oc-e1">
         <name>.debug_info</name>
         <load_address>0x462e</load_address>
         <run_address>0x462e</run_address>
         <size>0x11b</size>
         <input_file_ref idref="fl-b"/>
      </object_component>
      <object_component id="oc-b3">
         <name>.debug_info</name>
         <load_address>0x4749</load_address>
         <run_address>0x4749</run_address>
         <size>0x490</size>
         <input_file_ref idref="fl-b"/>
      </object_component>
      <object_component id="oc-36">
         <name>.debug_info</name>
         <load_address>0x4bd9</load_address>
         <run_address>0x4bd9</run_address>
         <size>0x105</size>
         <input_file_ref idref="fl-c"/>
      </object_component>
      <object_component id="oc-10">
         <name>.debug_info</name>
         <load_address>0x4cde</load_address>
         <run_address>0x4cde</run_address>
         <size>0xf0</size>
         <input_file_ref idref="fl-c"/>
      </object_component>
      <object_component id="oc-30">
         <name>.debug_info</name>
         <load_address>0x4dce</load_address>
         <run_address>0x4dce</run_address>
         <size>0x26c</size>
         <input_file_ref idref="fl-c"/>
      </object_component>
      <object_component id="oc-2cc">
         <name>.debug_info</name>
         <load_address>0x503a</load_address>
         <run_address>0x503a</run_address>
         <size>0x23f</size>
         <input_file_ref idref="fl-d"/>
      </object_component>
      <object_component id="oc-2a9">
         <name>.debug_info</name>
         <load_address>0x5279</load_address>
         <run_address>0x5279</run_address>
         <size>0xdc</size>
         <input_file_ref idref="fl-d"/>
      </object_component>
      <object_component id="oc-2c9">
         <name>.debug_info</name>
         <load_address>0x5355</load_address>
         <run_address>0x5355</run_address>
         <size>0xd6</size>
         <input_file_ref idref="fl-d"/>
      </object_component>
      <object_component id="oc-2a6">
         <name>.debug_info</name>
         <load_address>0x542b</load_address>
         <run_address>0x542b</run_address>
         <size>0xe4</size>
         <input_file_ref idref="fl-d"/>
      </object_component>
      <object_component id="oc-29d">
         <name>.debug_info</name>
         <load_address>0x550f</load_address>
         <run_address>0x550f</run_address>
         <size>0xe8</size>
         <input_file_ref idref="fl-d"/>
      </object_component>
      <object_component id="oc-1a5">
         <name>.debug_info</name>
         <load_address>0x55f7</load_address>
         <run_address>0x55f7</run_address>
         <size>0x785</size>
         <input_file_ref idref="fl-d"/>
      </object_component>
      <object_component id="oc-24c">
         <name>.debug_info</name>
         <load_address>0x5d7c</load_address>
         <run_address>0x5d7c</run_address>
         <size>0x1c2</size>
         <input_file_ref idref="fl-e"/>
      </object_component>
      <object_component id="oc-115">
         <name>.debug_info</name>
         <load_address>0x5f3e</load_address>
         <run_address>0x5f3e</run_address>
         <size>0x221</size>
         <input_file_ref idref="fl-e"/>
      </object_component>
      <object_component id="oc-45b">
         <name>.debug_info</name>
         <load_address>0x615f</load_address>
         <run_address>0x615f</run_address>
         <size>0xda</size>
         <input_file_ref idref="fl-f"/>
      </object_component>
      <object_component id="oc-3a9">
         <name>.debug_info</name>
         <load_address>0x6239</load_address>
         <run_address>0x6239</run_address>
         <size>0xee</size>
         <input_file_ref idref="fl-f"/>
      </object_component>
      <object_component id="oc-45e">
         <name>.debug_info</name>
         <load_address>0x6327</load_address>
         <run_address>0x6327</run_address>
         <size>0xd7</size>
         <input_file_ref idref="fl-10"/>
      </object_component>
      <object_component id="oc-3ae">
         <name>.debug_info</name>
         <load_address>0x63fe</load_address>
         <run_address>0x63fe</run_address>
         <size>0xe9</size>
         <input_file_ref idref="fl-10"/>
      </object_component>
      <object_component id="oc-370">
         <name>.debug_info</name>
         <load_address>0x64e7</load_address>
         <run_address>0x64e7</run_address>
         <size>0x69b</size>
         <input_file_ref idref="fl-11"/>
      </object_component>
      <object_component id="oc-2e3">
         <name>.debug_info</name>
         <load_address>0x6b82</load_address>
         <run_address>0x6b82</run_address>
         <size>0xb59</size>
         <input_file_ref idref="fl-11"/>
      </object_component>
      <object_component id="oc-36a">
         <name>.debug_info</name>
         <load_address>0x76db</load_address>
         <run_address>0x76db</run_address>
         <size>0x318</size>
         <input_file_ref idref="fl-12"/>
      </object_component>
      <object_component id="oc-2df">
         <name>.debug_info</name>
         <load_address>0x79f3</load_address>
         <run_address>0x79f3</run_address>
         <size>0x7f4</size>
         <input_file_ref idref="fl-12"/>
      </object_component>
      <object_component id="oc-43b">
         <name>.debug_info</name>
         <load_address>0x81e7</load_address>
         <run_address>0x81e7</run_address>
         <size>0x30b</size>
         <input_file_ref idref="fl-13"/>
      </object_component>
      <object_component id="oc-374">
         <name>.debug_info</name>
         <load_address>0x84f2</load_address>
         <run_address>0x84f2</run_address>
         <size>0x1938</size>
         <input_file_ref idref="fl-13"/>
      </object_component>
      <object_component id="oc-381">
         <name>.debug_info</name>
         <load_address>0x9e2a</load_address>
         <run_address>0x9e2a</run_address>
         <size>0x227</size>
         <input_file_ref idref="fl-14"/>
      </object_component>
      <object_component id="oc-26">
         <name>.debug_info</name>
         <load_address>0xa051</load_address>
         <run_address>0xa051</run_address>
         <size>0x161</size>
         <input_file_ref idref="fl-cf"/>
      </object_component>
      <object_component id="oc-42">
         <name>.debug_info</name>
         <load_address>0xa1b2</load_address>
         <run_address>0xa1b2</run_address>
         <size>0x141</size>
         <input_file_ref idref="fl-d0"/>
      </object_component>
      <object_component id="oc-16">
         <name>.debug_info</name>
         <load_address>0xa2f3</load_address>
         <run_address>0xa2f3</run_address>
         <size>0x1e0</size>
         <input_file_ref idref="fl-d0"/>
      </object_component>
      <object_component id="oc-3d">
         <name>.debug_info</name>
         <load_address>0xa4d3</load_address>
         <run_address>0xa4d3</run_address>
         <size>0x46</size>
         <input_file_ref idref="fl-d0"/>
      </object_component>
      <object_component id="oc-8b">
         <name>.debug_info</name>
         <load_address>0xa519</load_address>
         <run_address>0xa519</run_address>
         <size>0x2c</size>
         <input_file_ref idref="fl-d0"/>
      </object_component>
      <object_component id="oc-4a">
         <name>.debug_info</name>
         <load_address>0xa545</load_address>
         <run_address>0xa545</run_address>
         <size>0x135</size>
         <input_file_ref idref="fl-d1"/>
      </object_component>
      <object_component id="oc-44">
         <name>.debug_info</name>
         <load_address>0xa67a</load_address>
         <run_address>0xa67a</run_address>
         <size>0x248</size>
         <input_file_ref idref="fl-d1"/>
      </object_component>
      <object_component id="oc-1c">
         <name>.debug_info</name>
         <load_address>0xa8c2</load_address>
         <run_address>0xa8c2</run_address>
         <size>0x1b2</size>
         <input_file_ref idref="fl-d1"/>
      </object_component>
      <object_component id="oc-4b">
         <name>.debug_info</name>
         <load_address>0xaa74</load_address>
         <run_address>0xaa74</run_address>
         <size>0x39</size>
         <input_file_ref idref="fl-d1"/>
      </object_component>
      <object_component id="oc-9a">
         <name>.debug_info</name>
         <load_address>0xaaad</load_address>
         <run_address>0xaaad</run_address>
         <size>0x2c</size>
         <input_file_ref idref="fl-d1"/>
      </object_component>
      <object_component id="oc-c1">
         <name>.debug_info</name>
         <load_address>0xaad9</load_address>
         <run_address>0xaad9</run_address>
         <size>0x235</size>
         <input_file_ref idref="fl-d3"/>
      </object_component>
      <object_component id="oc-bb">
         <name>.debug_info</name>
         <load_address>0xad0e</load_address>
         <run_address>0xad0e</run_address>
         <size>0x186</size>
         <input_file_ref idref="fl-d3"/>
      </object_component>
      <object_component id="oc-78">
         <name>.debug_info</name>
         <load_address>0xae94</load_address>
         <run_address>0xae94</run_address>
         <size>0x215</size>
         <input_file_ref idref="fl-d3"/>
      </object_component>
      <object_component id="oc-1d6">
         <name>.debug_info</name>
         <load_address>0xb0a9</load_address>
         <run_address>0xb0a9</run_address>
         <size>0x145</size>
         <input_file_ref idref="fl-d4"/>
      </object_component>
      <object_component id="oc-260">
         <name>.debug_info</name>
         <load_address>0xb1ee</load_address>
         <run_address>0xb1ee</run_address>
         <size>0x133</size>
         <input_file_ref idref="fl-d5"/>
      </object_component>
      <object_component id="oc-25c">
         <name>.debug_info</name>
         <load_address>0xb321</load_address>
         <run_address>0xb321</run_address>
         <size>0x133</size>
         <input_file_ref idref="fl-d6"/>
      </object_component>
      <object_component id="oc-266">
         <name>.debug_info</name>
         <load_address>0xb454</load_address>
         <run_address>0xb454</run_address>
         <size>0x137</size>
         <input_file_ref idref="fl-d7"/>
      </object_component>
      <object_component id="oc-1db">
         <name>.debug_info</name>
         <load_address>0xb58b</load_address>
         <run_address>0xb58b</run_address>
         <size>0x132</size>
         <input_file_ref idref="fl-d8"/>
      </object_component>
      <object_component id="oc-1d0">
         <name>.debug_info</name>
         <load_address>0xb6bd</load_address>
         <run_address>0xb6bd</run_address>
         <size>0x125</size>
         <input_file_ref idref="fl-d9"/>
      </object_component>
      <object_component id="oc-255">
         <name>.debug_info</name>
         <load_address>0xb7e2</load_address>
         <run_address>0xb7e2</run_address>
         <size>0x125</size>
         <input_file_ref idref="fl-da"/>
      </object_component>
      <object_component id="oc-39">
         <name>.debug_info</name>
         <load_address>0xb907</load_address>
         <run_address>0xb907</run_address>
         <size>0x112</size>
         <input_file_ref idref="fl-db"/>
      </object_component>
      <object_component id="oc-80">
         <name>.debug_info</name>
         <load_address>0xba19</load_address>
         <run_address>0xba19</run_address>
         <size>0x223</size>
         <input_file_ref idref="fl-dc"/>
      </object_component>
      <object_component id="oc-2c">
         <name>.debug_info</name>
         <load_address>0xbc3c</load_address>
         <run_address>0xbc3c</run_address>
         <size>0x102</size>
         <input_file_ref idref="fl-dc"/>
      </object_component>
      <object_component id="oc-419">
         <name>.debug_info</name>
         <load_address>0xbd3e</load_address>
         <run_address>0xbd3e</run_address>
         <size>0x14d</size>
         <input_file_ref idref="fl-dc"/>
      </object_component>
      <object_component id="oc-301">
         <name>.debug_info</name>
         <load_address>0xbe8b</load_address>
         <run_address>0xbe8b</run_address>
         <size>0x88c</size>
         <input_file_ref idref="fl-dc"/>
      </object_component>
      <object_component id="oc-c7">
         <name>.debug_info</name>
         <load_address>0xc717</load_address>
         <run_address>0xc717</run_address>
         <size>0x2c</size>
         <input_file_ref idref="fl-dc"/>
      </object_component>
      <object_component id="oc-cc">
         <name>.debug_info</name>
         <load_address>0xc743</load_address>
         <run_address>0xc743</run_address>
         <size>0x62</size>
         <input_file_ref idref="fl-dc"/>
      </object_component>
      <object_component id="oc-51">
         <name>.debug_info</name>
         <load_address>0xc7a5</load_address>
         <run_address>0xc7a5</run_address>
         <size>0x140</size>
         <input_file_ref idref="fl-dd"/>
      </object_component>
      <object_component id="oc-60">
         <name>.debug_info</name>
         <load_address>0xc8e5</load_address>
         <run_address>0xc8e5</run_address>
         <size>0x139</size>
         <input_file_ref idref="fl-de"/>
      </object_component>
      <object_component id="oc-66">
         <name>.debug_info</name>
         <load_address>0xca1e</load_address>
         <run_address>0xca1e</run_address>
         <size>0x149</size>
         <input_file_ref idref="fl-df"/>
      </object_component>
      <object_component id="oc-2f3">
         <name>.debug_info</name>
         <load_address>0xcb67</load_address>
         <run_address>0xcb67</run_address>
         <size>0x1bc</size>
         <input_file_ref idref="fl-e0"/>
      </object_component>
      <object_component id="oc-1e0">
         <name>.debug_info</name>
         <load_address>0xcd23</load_address>
         <run_address>0xcd23</run_address>
         <size>0x2e5</size>
         <input_file_ref idref="fl-e0"/>
      </object_component>
      <object_component id="oc-40c">
         <name>.debug_info</name>
         <load_address>0xd008</load_address>
         <run_address>0xd008</run_address>
         <size>0x2c</size>
         <input_file_ref idref="fl-e0"/>
      </object_component>
      <object_component id="oc-7b">
         <name>.debug_info</name>
         <load_address>0xd034</load_address>
         <run_address>0xd034</run_address>
         <size>0x10a</size>
         <input_file_ref idref="fl-e1"/>
      </object_component>
[...]
      </symbol>
      <symbol id="sm-3d4">
         <name>__TI_dtors_ptr</name>
         <value>0x20000e6c</value>
         <object_component_ref idref="oc-ba"/>
      </symbol>
      <symbol id="sm-3d5">
         <name>__TI_cleanup_ptr</name>
         <value>0x20000e68</value>
         <object_component_ref idref="oc-ba"/>
      </symbol>
      <symbol id="sm-3d6">
         <name>__TI_enable_exit_profile_output</name>
         <value>0x20000e70</value>
         <object_component_ref idref="oc-ba"/>
      </symbol>
      <symbol id="sm-3ed">
         <name>__aeabi_dsub</name>
         <value>0x468d</value>
         <object_component_ref idref="oc-1d4"/>
      </symbol>
      <symbol id="sm-3ee">
         <name>__aeabi_dadd</name>
         <value>0x4697</value>
         <object_component_ref idref="oc-1d4"/>
      </symbol>
      <symbol id="sm-402">
         <name>__aeabi_ddiv</name>
         <value>0x4843</value>
         <object_component_ref idref="oc-25e"/>
      </symbol>
      <symbol id="sm-40d">
         <name>__aeabi_dmul</name>
         <value>0x4bbd</value>
         <object_component_ref idref="oc-259"/>
      </symbol>
      <symbol id="sm-419">
         <name>__aeabi_d2f</name>
         <value>0x5319</value>
         <object_component_ref idref="oc-263"/>
      </symbol>
      <symbol id="sm-423">
         <name>__aeabi_d2uiz</name>
         <value>0x592f</value>
         <object_component_ref idref="oc-1d9"/>
      </symbol>
      <symbol id="sm-42e">
         <name>__aeabi_f2d</name>
         <value>0x5a69</value>
         <object_component_ref idref="oc-1cf"/>
      </symbol>
      <symbol id="sm-438">
         <name>__aeabi_i2d</name>
         <value>0x5b37</value>
         <object_component_ref idref="oc-254"/>
      </symbol>
      <symbol id="sm-453">
         <name>memcpy</name>
         <value>0x4f6f</value>
         <object_component_ref idref="oc-37"/>
      </symbol>
      <symbol id="sm-454">
         <name>__aeabi_memcpy</name>
         <value>0x4f6f</value>
         <object_component_ref idref="oc-37"/>
      </symbol>
      <symbol id="sm-455">
         <name>__aeabi_memcpy8</name>
         <value>0x4f6f</value>
         <object_component_ref idref="oc-37"/>
      </symbol>
      <symbol id="sm-456">
         <name>__aeabi_memcpy4</name>
         <value>0x4f6f</value>
         <object_component_ref idref="oc-37"/>
      </symbol>
      <symbol id="sm-4ca">
         <name>_sys_memory</name>
         <value>0x20000670</value>
         <object_component_ref idref="oc-2b"/>
      </symbol>
      <symbol id="sm-4cb">
         <name>free</name>
         <value>0x2a27</value>
         <object_component_ref idref="oc-2fd"/>
      </symbol>
      <symbol id="sm-4cc">
         <name>realloc</name>
         <value>0x2ae9</value>
         <object_component_ref idref="oc-2fd"/>
      </symbol>
      <symbol id="sm-4cd">
         <name>memalign</name>
         <value>0x2bf5</value>
         <object_component_ref idref="oc-2fd"/>
      </symbol>
      <symbol id="sm-4ce">
         <name>calloc</name>
         <value>0x2cd9</value>
         <object_component_ref idref="oc-2fd"/>
      </symbol>
      <symbol id="sm-4cf">
         <name>malloc</name>
         <value>0x29bf</value>
         <object_component_ref idref="oc-2fd"/>
      </symbol>
      <symbol id="sm-4d0">
         <name>minit</name>
         <value>0x2931</value>
         <object_component_ref idref="oc-2fd"/>
      </symbol>
      <symbol id="sm-4df">
         <name>__aeabi_memset</name>
         <value>0x5231</value>
         <object_component_ref idref="oc-50"/>
      </symbol>
      <symbol id="sm-4e0">
         <name>memset</name>
         <value>0x5237</value>
         <object_component_ref idref="oc-50"/>
      </symbol>
      <symbol id="sm-4e1">
         <name>__aeabi_memset8</name>
         <value>0x5231</value>
         <object_component_ref idref="oc-50"/>
      </symbol>
      <symbol id="sm-4e2">
         <name>__aeabi_memset4</name>
         <value>0x5231</value>
         <object_component_ref idref="oc-50"/>
      </symbol>
      <symbol id="sm-4e3">
         <name>__aeabi_memclr8</name>
         <value>0x522f</value>
         <object_component_ref idref="oc-50"/>
      </symbol>
      <symbol id="sm-4e4">
         <name>__aeabi_memclr4</name>
         <value>0x522f</value>
         <object_component_ref idref="oc-50"/>
      </symbol>
      <symbol id="sm-4e5">
         <name>__aeabi_memclr</name>
         <value>0x522f</value>
         <object_component_ref idref="oc-50"/>
      </symbol>
      <symbol id="sm-4ef">
         <name>__mpu_init</name>
         <value>0x292f</value>
         <object_component_ref idref="oc-5c"/>
      </symbol>
      <symbol id="sm-4f9">
         <name>_system_pre_init</name>
         <value>0x2d0d</value>
         <object_component_ref idref="oc-62"/>
      </symbol>
      <symbol id="sm-512">
         <name>sprintf</name>
         <value>0x551d</value>
         <object_component_ref idref="oc-1de"/>
      </symbol>
      <symbol id="sm-51a">
         <name>main_func_sp</name>
         <value>0x20000e9c</value>
         <object_component_ref idref="oc-7a"/>
      </symbol>
      <symbol id="sm-529">
         <name>__aeabi_uidivmod</name>
         <value>0x59b5</value>
         <object_component_ref idref="oc-2c3"/>
      </symbol>
      <symbol id="sm-52a">
         <name>__aeabi_uidiv</name>
         <value>0x59b5</value>
         <object_component_ref idref="oc-2c3"/>
      </symbol>
      <symbol id="sm-543">
         <name>_nop</name>
         <value>0x5d3b</value>
         <object_component_ref idref="oc-12f"/>
      </symbol>
      <symbol id="sm-544">
         <name>_lock</name>
         <value>0x20000e80</value>
         <object_component_ref idref="oc-bd"/>
      </symbol>
      <symbol id="sm-545">
         <name>_unlock</name>
         <value>0x20000e84</value>
         <object_component_ref idref="oc-bd"/>
      </symbol>
      <symbol id="sm-546">
         <name>_register_lock</name>
         <value>0x5d33</value>
         <object_component_ref idref="oc-12f"/>
      </symbol>
      <symbol id="sm-547">
         <name>_register_unlock</name>
         <value>0x5d2d</value>
         <object_component_ref idref="oc-12f"/>
      </symbol>
      <symbol id="sm-64e">
         <name>__TI_printfi</name>
         <value>0x107b</value>
         <object_component_ref idref="oc-2ec"/>
      </symbol>
      <symbol id="sm-662">
         <name>_args_main</name>
         <value>0x5cad</value>
         <object_component_ref idref="oc-6e"/>
      </symbol>
      <symbol id="sm-678">
         <name>atoi</name>
         <value>0x5779</value>
         <object_component_ref idref="oc-3ff"/>
      </symbol>
      <symbol id="sm-69d">
         <name>__TI_auto_init</name>
         <value>0x52a9</value>
         <object_component_ref idref="oc-68"/>
      </symbol>
      <symbol id="sm-6b7">
         <name>copy_in</name>
         <value>0x57c5</value>
         <object_component_ref idref="oc-a4"/>
      </symbol>
      <symbol id="sm-6c2">
         <name>_ctypes_</name>
         <value>0x61c8</value>
         <object_component_ref idref="oc-480"/>
      </symbol>
      <symbol id="sm-6e4">
         <name>__aeabi_cdcmpeq</name>
         <value>0x50a9</value>
         <object_component_ref idref="oc-3d2"/>
      </symbol>
      <symbol id="sm-6e5">
         <name>__aeabi_cdcmple</name>
         <value>0x50a9</value>
         <object_component_ref idref="oc-3d2"/>
      </symbol>
      <symbol id="sm-6e6">
         <name>__aeabi_cdrcmple</name>
         <value>0x512f</value>
         <object_component_ref idref="oc-3d7"/>
      </symbol>
      <symbol id="sm-6f0">
         <name>__aeabi_d2iz</name>
         <value>0x58a1</value>
         <object_component_ref idref="oc-3dc"/>
      </symbol>
      <symbol id="sm-6fa">
         <name>__aeabi_idiv0</name>
         <value>0x2427</value>
         <object_component_ref idref="oc-358"/>
      </symbol>
      <symbol id="sm-709">
         <name>ltoa</name>
         <value>0x562b</value>
         <object_component_ref idref="oc-3e1"/>
      </symbol>
      <symbol id="sm-719">
         <name>memccpy</name>
         <value>0x5c29</value>
         <object_component_ref idref="oc-3f9"/>
      </symbol>
      <symbol id="sm-734">
         <name>frexpl</name>
         <value>0x5459</value>
         <object_component_ref idref="oc-3e7"/>
      </symbol>
      <symbol id="sm-735">
         <name>frexp</name>
         <value>0x5459</value>
         <object_component_ref idref="oc-3e7"/>
      </symbol>
      <symbol id="sm-752">
         <name>scalbn</name>
         <value>0x4cb9</value>
         <object_component_ref idref="oc-3ed"/>
      </symbol>
      <symbol id="sm-753">
         <name>scalbnl</name>
         <value>0x4cb9</value>
         <object_component_ref idref="oc-3ed"/>
      </symbol>
      <symbol id="sm-754">
         <name>ldexpl</name>
         <value>0x4cb9</value>
         <object_component_ref idref="oc-3ed"/>
      </symbol>
      <symbol id="sm-755">
         <name>ldexp</name>
         <value>0x4cb9</value>
         <object_component_ref idref="oc-3ed"/>
      </symbol>
      <symbol id="sm-75f">
         <name>_system_post_cinit</name>
         <value>0x341d</value>
         <object_component_ref idref="oc-aa"/>
      </symbol>
      <symbol id="sm-76f">
         <name>strchr</name>
         <value>0x5cc5</value>
         <object_component_ref idref="oc-3f3"/>
      </symbol>
      <symbol id="sm-77d">
         <name>strlen</name>
         <value>0x5d55</value>
         <object_component_ref idref="oc-3cc"/>
      </symbol>
      <symbol id="sm-799">
         <name>__aeabi_uldivmod</name>
         <value>0x42c5</value>
         <object_component_ref idref="oc-3c7"/>
      </symbol>
      <symbol id="sm-7a1">
         <name>errno</name>
         <value>0x20000e98</value>
         <object_component_ref idref="oc-477"/>
      </symbol>
      <symbol id="sm-7ab">
         <name>copysign</name>
         <value>0x5d41</value>
         <object_component_ref idref="oc-471"/>
      </symbol>
      <symbol id="sm-7ac">
         <name>copysignl</name>
         <value>0x5d41</value>
         <object_component_ref idref="oc-471"/>
      </symbol>
      <symbol id="sm-7f4">
         <name>ADCProcessorTrigger</name>
         <value>0x5c63</value>
         <object_component_ref idref="oc-1ef"/>
      </symbol>
      <symbol id="sm-7f5">
         <name>ADCSequenceEnable</name>
         <value>0x5e05</value>
         <object_component_ref idref="oc-186"/>
      </symbol>
      <symbol id="sm-7f6">
         <name>ADCSequenceConfigure</name>
         <value>0x557d</value>
         <object_component_ref idref="oc-17a"/>
      </symbol>
      <symbol id="sm-7f7">
         <name>ADCSequenceStepConfigure</name>
         <value>0x51b5</value>
         <object_component_ref idref="oc-180"/>
      </symbol>
      <symbol id="sm-7f8">
         <name>ADCIntClear</name>
         <value>0x5e5f</value>
         <object_component_ref idref="oc-18c"/>
      </symbol>
      <symbol id="sm-7f9">
         <name>ADCIntStatus</name>
         <value>0x5b09</value>
         <object_component_ref idref="oc-1f5"/>
      </symbol>
      <symbol id="sm-7fa">
         <name>ADCSequenceDataGet</name>
         <value>0x5bd1</value>
         <object_component_ref idref="oc-1fe"/>
      </symbol>
      <symbol id="sm-8a3">
         <name>GPIOPinTypePWM</name>
         <value>0x5d8d</value>
         <object_component_ref idref="oc-208"/>
      </symbol>
      <symbol id="sm-8a4">
         <name>GPIOIntRegister</name>
         <value>0x5c7b</value>
         <object_component_ref idref="oc-156"/>
      </symbol>
      <symbol id="sm-8a5">
         <name>GPIOPinConfigure</name>
         <value>0x5811</value>
         <object_component_ref idref="oc-192"/>
      </symbol>
      <symbol id="sm-8a6">
         <name>GPIOIntEnable</name>
         <value>0x5e3b</value>
         <object_component_ref idref="oc-168"/>
      </symbol>
      <symbol id="sm-8a7">
         <name>GPIOIntTypeSet</name>
         <value>0x55d5</value>
         <object_component_ref idref="oc-162"/>
      </symbol>
      <symbol id="sm-8a8">
         <name>GPIOPinTypeADC</name>
         <value>0x5d69</value>
         <object_component_ref idref="oc-174"/>
      </symbol>
      <symbol id="sm-8a9">
         <name>GPIOPinTypeGPIOInput</name>
         <value>0x5d7b</value>
         <object_component_ref idref="oc-107"/>
      </symbol>
      <symbol id="sm-8aa">
         <name>GPIOIntClear</name>
         <value>0x500b</value>
         <object_component_ref idref="oc-24e"/>
      </symbol>
      <symbol id="sm-8ab">
         <name>GPIOPinTypeUART</name>
         <value>0x5db1</value>
         <object_component_ref idref="oc-19e"/>
      </symbol>
      <symbol id="sm-8ac">
         <name>GPIOPinTypeGPIOOutput</name>
         <value>0x5c93</value>
         <object_component_ref idref="oc-3a2"/>
      </symbol>
      <symbol id="sm-8ad">
         <name>GPIOPinRead</name>
         <value>0x5ea3</value>
         <object_component_ref idref="oc-10d"/>
      </symbol>
      <symbol id="sm-8ae">
         <name>GPIODirModeSet</name>
         <value>0x5b65</value>
         <object_component_ref idref="oc-242"/>
      </symbol>
      <symbol id="sm-8af">
         <name>GPIOPinWrite</name>
         <value>0x5ea9</value>
         <object_component_ref idref="oc-39c"/>
      </symbol>
      <symbol id="sm-8b0">
         <name>GPIOPadConfigSet</name>
         <value>0x4979</value>
         <object_component_ref idref="oc-15c"/>
      </symbol>
      <symbol id="sm-8b1">
         <name>GPIOPinTypeSSI</name>
         <value>0x5d9f</value>
         <object_component_ref idref="oc-384"/>
      </symbol>
      <symbol id="sm-8f3">
         <name>IntEnable</name>
         <value>0x53f1</value>
         <object_component_ref idref="oc-283"/>
      </symbol>
      <symbol id="sm-8f4">
         <name>IntRegister</name>
         <value>0x5aa1</value>
         <object_component_ref idref="oc-27d"/>
      </symbol>
      <symbol id="sm-8f5">
         <name>g_pfnRAMVectors</name>
         <value>0x20000000</value>
         <object_component_ref idref="oc-338"/>
      </symbol>
      <symbol id="sm-8f6">
         <name>IntMasterEnable</name>
         <value>0x5dd5</value>
         <object_component_ref idref="oc-101"/>
      </symbol>
      <symbol id="sm-923">
         <name>PWMGenPeriodSet</name>
         <value>0x5de5</value>
         <object_component_ref idref="oc-214"/>
      </symbol>
      <symbol id="sm-924">
         <name>PWMPulseWidthSet</name>
         <value>0x5bef</value>
         <object_component_ref idref="oc-21a"/>
      </symbol>
      <symbol id="sm-925">
         <name>PWMOutputState</name>
         <value>0x5dc3</value>
         <object_component_ref idref="oc-226"/>
      </symbol>
      <symbol id="sm-926">
         <name>PWMGenEnable</name>
         <value>0x5e47</value>
         <object_component_ref idref="oc-220"/>
      </symbol>
      <symbol id="sm-927">
         <name>PWMGenConfigure</name>
         <value>0x5b8f</value>
         <object_component_ref idref="oc-20e"/>
      </symbol>
      <symbol id="sm-95f">
         <name>SSIDataPut</name>
         <value>0x5e69</value>
         <object_component_ref idref="oc-3b8"/>
      </symbol>
      <symbol id="sm-960">
         <name>SSIDataGet</name>
         <value>0x5e53</value>
         <object_component_ref idref="oc-3be"/>
      </symbol>
      <symbol id="sm-961">
         <name>SSIConfigSetExpClk</name>
         <value>0x59f5</value>
         <object_component_ref idref="oc-390"/>
      </symbol>
      <symbol id="sm-962">
         <name>SSIEnable</name>
         <value>0x5e73</value>
         <object_component_ref idref="oc-396"/>
      </symbol>
      <symbol id="sm-963">
         <name>SSIClockSourceSet</name>
         <value>0x5eaf</value>
         <object_component_ref idref="oc-38a"/>
      </symbol>
      <symbol id="sm-964">
         <name>SSIBusy</name>
         <value>0x5e9b</value>
         <object_component_ref idref="oc-3b2"/>
      </symbol>
      <symbol id="sm-9d7">
         <name>SysCtlPeripheralPresent</name>
         <value>0x5a31</value>
         <object_component_ref idref="oc-29f"/>
      </symbol>
      <symbol id="sm-9d8">
         <name>SysCtlClockSet</name>
         <value>0x4db5</value>
         <object_component_ref idref="oc-144"/>
      </symbol>
      <symbol id="sm-9d9">
         <name>SysCtlDelay</name>
         <value>0x5eb5</value>
         <object_component_ref idref="oc-272"/>
      </symbol>
      <symbol id="sm-9da">
         <name>SysCtlPeripheralEnable</name>
         <value>0x5ad5</value>
         <object_component_ref idref="oc-150"/>
      </symbol>
      <symbol id="sm-9db">
         <name>SysCtlClockGet</name>
         <value>0x4aad</value>
         <object_component_ref idref="oc-1aa"/>
      </symbol>
      <symbol id="sm-9dc">
         <name>SysCtlPWMClockSet</name>
         <value>0x5cdd</value>
         <object_component_ref idref="oc-16e"/>
      </symbol>
      <symbol id="sm-9dd">
         <name>SysCtlPeripheralReset</name>
         <value>0x5729</value>
         <object_component_ref idref="oc-14a"/>
      </symbol>
      <symbol id="sm-a0a">
         <name>SysTickEnable</name>
         <value>0x5cf1</value>
         <object_component_ref idref="oc-1c2"/>
      </symbol>
      <symbol id="sm-a0b">
         <name>SysTickIntRegister</name>
         <value>0x5c0d</value>
         <object_component_ref idref="oc-1b6"/>
      </symbol>
      <symbol id="sm-a0c">
         <name>SysTickIntEnable</name>
         <value>0x5d05</value>
         <object_component_ref idref="oc-1bc"/>
      </symbol>
      <symbol id="sm-a0d">
         <name>SysTickPeriodSet</name>
         <value>0x5df5</value>
         <object_component_ref idref="oc-1b0"/>
      </symbol>
      <symbol id="sm-a31">
         <name>TimerEnable</name>
         <value>0x5e13</value>
         <object_component_ref idref="oc-445"/>
      </symbol>
      <symbol id="sm-a32">
         <name>TimerValueGet</name>
         <value>0x5e7d</value>
         <object_component_ref idref="oc-44b"/>
      </symbol>
      <symbol id="sm-a33">
         <name>TimerConfigure</name>
         <value>0x54bd</value>
         <object_component_ref idref="oc-43f"/>
      </symbol>
      <symbol id="sm-a6e">
         <name>UARTConfigSetExpClk</name>
         <value>0x58e9</value>
         <object_component_ref idref="oc-2ab"/>
      </symbol>
      <symbol id="sm-a6f">
         <name>UARTDisable</name>
         <value>0x5bb1</value>
         <object_component_ref idref="oc-34e"/>
      </symbol>
      <symbol id="sm-a70">
         <name>UARTClockSourceSet</name>
         <value>0x5ebb</value>
         <object_component_ref idref="oc-198"/>
      </symbol>
      <symbol id="sm-a71">
         <name>UARTCharPut</name>
         <value>0x5e91</value>
         <object_component_ref idref="oc-2b7"/>
      </symbol>
      <symbol id="sm-a72">
         <name>UARTEnable</name>
         <value>0x5d19</value>
         <object_component_ref idref="oc-2b1"/>
      </symbol>
      <symbol id="sm-a73">
         <name>UARTCharGet</name>
         <value>0x5e87</value>
         <object_component_ref idref="oc-2bd"/>
      </symbol>
      <symbol id="sm-a7d">
         <name>CPUcpsie</name>
         <value>0x5e2f</value>
         <object_component_ref idref="oc-23b"/>
      </symbol>
      <symbol id="sm-a7e">
         <name>__TI_static_base__</name>
         <value>0x0</value>
      </symbol>
      <symbol id="sm-a81">
         <name>SHT$$INIT_ARRAY$$Limit</name>
         <value>0x0</value>
      </symbol>
      <symbol id="sm-a82">
         <name>SHT$$INIT_ARRAY$$Base</name>
         <value>0x0</value>
      </symbol>
   </symbol_table>
   <title>Link successful</title>
</link_info>
